# file opened: dot\ccdot.asm
  1   0000              ; =============================================================================
  2   0000              ; .cc - Calm Commander jako dot command pro NextZXOS
  3   0000              ; =============================================================================
  4   0000              ; Soubor c:/dot/cc se sklada ze tri casti:
  5   0000              ;   0..8191  tento zavadec (NextZXOS ho nahraje na $2000 do DivMMC RAM)
  6   0000              ;   dale     extra banka CC (build/dot/ccd_xb.bin, patri do stranky dot_xb_page)
  7   0000              ;   dale     hlavni kod CC (build/dot/ccd.bin, patri na S1..E2)
  8   0000              ; Po nahrani prvnich 8K nechava NextZXOS soubor otevreny hned za nimi.
  9   0000              ;
 10   0000              ; CC je psany pro beh z BASICu (cc.bas): ma pevne stranky a pise do celych
 11   0000              ; bank 5, 2 a 0. Zavadec proto:
 12   0000              ;   1. zarezervuje pevne stranky CC a alokuje stranky na zalohu (IDE_BANK),
 13   0000              ;   2. zalohuje vsechno, co CC prepise (stranky v MMU2-MMU7 a banku 3),
 14   0000              ;   3. docte CC ze sveho souboru a zavola ho pres RST $18 - DivMMC je tim
 15   0000              ;      odpojena a CC bezi stejne jako po RANDOMIZE USR z cc.bas,
 16   0000              ;   4. po Quit obnovi Next registry a pamet, uvolni stranky a vrati se do
 17   0000              ;      BASICu, jako by se nic nestalo; pri spusteni programu jen uvolni
 18   0000              ;      stranky a skoci do CC pres RST $20 - teprve mimo dot command smi CC
 19   0000              ;      zavolat M_EXECCMD (nexload/run).
 20   0000              ;
 21   0000              ; Sestaveni (z korene projektu, viz compile.bat):
 22   0000              ;   sjasmplus -DCC_DOT cc.asm --exp=build/dot/ccd.exp
 23   0000              ;   sjasmplus dot/ccdot.asm --raw=build/dot/cc
 24   0000              ; =============================================================================
 25   0000
 26   0000                      OPT --zxnext
 27   0000
 28   0000                      ; S1, E2, dot_entry, dot_launch, dot_xb_page, EXTRA_BANK_END, DOT_EXIT_LAUNCH
 29   0000                      INCLUDE "../build/dot/ccd.exp"
# file opened: dot\../build/dot/ccd.exp
  1+  0000              dot_xb_page: EQU 0x0000005A
  2+  0000              S1: EQU 0x00007100
  3+  0000              E2: EQU 0x0000DFCF
  4+  0000              dot_entry: EQU 0x0000CC30
  5+  0000              dot_launch: EQU 0x0000BFE2
  6+  0000              DOT_EXIT_LAUNCH: EQU 0x00000001
  7+  0000              dot_exit_code: EQU 0x0000CC69
  8+  0000              EXTRA_BANK_END: EQU 0x0000F45A
  9+  0000
# file closed: dot\../build/dot/ccd.exp
 30   0000
 31   0000              ; DIAG: docasne barvy borderu na ceste zpet do BASICu, at je videt, kde se zasekne
 32   0000                      MACRO DBG_BORDER col
 33   0000 ~                    ld a,col
 34   0000 ~                    out ($FE),a
 35   0000                      ENDM
 36   0000
 37   0000              M_DOSVERSION    equ $88
 38   0000              M_GETHANDLE     equ $8D
 39   0000              M_P3DOS         equ $94
 40   0000              F_CLOSE         equ $9B
 41   0000              F_READ          equ $9D
 42   0000              IDE_BANK        equ $01BD
 43   0000
 44   0000              BANK_TOTAL      equ $0000               ; H=0 ZX pamet, L=duvod pro IDE_BANK
 45   0000              BANK_ALLOC      equ $0001
 46   0000              BANK_RESERVE    equ $0002
 47   0000              BANK_FREE       equ $0003
 48   0000
 49   0000              XB_LEN          equ EXTRA_BANK_END - $E000
 50   0000              MAIN_LEN        equ E2 - S1
 51   0000
 52   0000              BACKUP_COUNT    equ 8                   ; stranky v MMU2..MMU7 + banka 3 (6,7)
 53   0000              CALL_STACK      equ $0000               ; RST $18 se vola se zasobnikem na konci
 54   0000                                                      ; stranky 1 - tu CC nikdy nepise
 55   0000              BORDCR          equ $5C48
 56   0000              BANKM           equ $5B5C
 57   0000
 58   0000                      org $2000
 59   2000
 60   2000              dot_start
 61   2000 ED 73 98 23          ld (entrySp),sp
 62   2004 DD 22 9A 23          ld (entryIx),ix
 63   2008 D9                   exx
 64   2009 22 9C 23             ld (entryHlAlt),hl              ; H'L' patri BASICu, vratime ho pri odchodu
 65   200C D9                   exx
 66   200D
 67   200D 7C                   ld a,h                          ; HL = argumenty (0 = zadne)
 68   200E B5                   or l
 69   200F C4 14 21             call nz,check_args
 70   2012 DA 33 21             jp c,show_usage
 71   2015
 72   2015 CF                   rst $08
 73   2016 88                   db M_DOSVERSION
 74   2017 38 08                jr c,.notNext
 75   2019 B7                   or a                            ; A=0 jen v rezimu NextZXOS
 76   201A 20 05                jr nz,.notNext
 77   201C 78                   ld a,b
 78   201D FE 4E                cp 'N'
 79   201F 28 06                jr z,.isNext
 80   2021              .notNext
 81   2021 21 5A 23             ld hl,msgNotNext
 82   2024 C3 00 21             jp exit_error
 83   2027
 84   2027              .isNext
 85   2027 CD A0 21             call read_source_pages
 86   202A CD 5E 21             call save_nextregs
 87   202D
 88   202D CD C6 21             call grab_pages                 ; M_P3DOS - jeste na zasobniku BASICu
 89   2030 DA 00 21             jp c,exit_error                 ; HL = zprava
 90   2033
 91   2033 3A 9E 23             ld a,(testMode)                 ; DIAG .cc 0: jen rezervace a uvolneni stranek
 92   2036 FE 30                cp '0'
 93   2038 28 14                jr z,.t0
 94   203A FE 34                cp '4'                          ; DIAG .cc 4: jako 0 + restore_ula
 95   203C 28 0D                jr z,.t4
 96   203E FE 37                cp '7'                          ; DIAG .cc 7: jako 0, restore_ula AZ PO uvolneni
 97   2040 28 14                jr z,.t7
 98   2042 FE 35                cp '5'                          ; DIAG .cc 5: jako 0 + restore_nextregs
 99   2044 20 1B                jr nz,.notT0
100   2046 CD 70 21             call restore_nextregs
101   2049 18 03                jr .t0
102   204B              .t4
103   204B CD 89 21             call restore_ula
104   204E              .t0
105   204E CD 47 22             call free_pages
106   2051 CD 0A 21             call restore_regs
107   2054 AF                   xor a
108   2055 C9                   ret
109   2056              .t7
110   2056 CD 47 22             call free_pages
111   2059 CD 89 21             call restore_ula
112   205C CD 0A 21             call restore_regs
113   205F AF                   xor a
114   2060 C9                   ret
115   2061              .notT0
116   2061
117   2061                      ; Od ted pracujeme se zasobnikem v okne dot commandu: MMU6/MMU7
118   2061                      ; poslouzi jako okna a zasobnik BASICu muze lezet prave v nich.
119   2061 F3                   di
120   2062 31 27 25             ld sp,dotStackTop
121   2065 FB                   ei
122   2066
123   2066 CD 7B 22             call backup_memory
124   2069 3A 9E 23             ld a,(testMode)                 ; DIAG .cc 3: zaloha a obnova, CC se nenahraje
125   206C FE 33                cp '3'
126   206E 28 4E                jr z,.quit
127   2070 FE 36                cp '6'                          ; DIAG .cc 6: jako 3, ale bez registru a ULA
128   2072 28 4A                jr z,.quit
129   2074 FE 38                cp '8'                          ; DIAG .cc 8: jako 3, ale bez restore_ula
130   2076 28 46                jr z,.quit
131   2078 FE 39                cp '9'                          ; DIAG .cc 9: jako 3, ale restore_ula bez $7FFD
132   207A 28 42                jr z,.quit
133   207C CD C9 22             call load_cc
134   207F 30 10                jr nc,.loaded
135   2081 CD 83 22             call restore_memory
136   2084 ED 7B 98 23          ld sp,(entrySp)
137   2088 CD 47 22             call free_pages
138   208B 21 7C 23             ld hl,msgLoadError
139   208E C3 00 21             jp exit_error
140   2091
141   2091              .loaded
142   2091 3A 9E 23             ld a,(testMode)                 ; DIAG .cc 1: CC se nahraje, ale nespusti
143   2094 FE 31                cp '1'
144   2096 28 26                jr z,.quit
145   2098 FE 32                cp '2'                          ; DIAG .cc 2: RST $18 na pouhe RET v RAM
146   209A 20 0F                jr nz,.runCC
147   209C 3E C9                ld a,$C9
148   209E 32 00 70             ld ($7000),a
149   20A1 F3                   di
150   20A2 31 00 00             ld sp,CALL_STACK
151   20A5 FB                   ei
152   20A6 DF                   rst $18
153   20A7 00 70                defw $7000
154   20A9 18 13                jr .quit
155   20AB
156   20AB              .runCC
157   20AB F3                   di
158   20AC 31 00 00             ld sp,CALL_STACK
159   20AF FB                   ei
160   20B0 DF                   rst $18
161   20B1 30 CC                defw dot_entry                  ; CC se vraci az pri Quit nebo spusteni
162   20B3
163   20B3                      DBG_BORDER 2                    ; DIAG: cerveny = zavadec dostal rizeni zpet
163   20B3 3E 02       >        ld a,2
163   20B5 D3 FE       >        out ($FE),a
164   20B7 3A 69 CC             ld a,(dot_exit_code)            ; v RAM CC, MMU6 je zpet na strance 0
165   20BA FE 01                cp DOT_EXIT_LAUNCH
166   20BC 28 38                jr z,.launch
167   20BE
168   20BE                      ; Quit: vsechno vratit, jak bylo
169   20BE              .quit
170   20BE F3                   di
171   20BF 31 27 25             ld sp,dotStackTop
172   20C2 FD 21 3A 5C          ld iy,$5C3A
173   20C6 3A 9E 23             ld a,(testMode)
174   20C9 FE 36                cp '6'
175   20CB C4 70 21             call nz,restore_nextregs
176   20CE                      DBG_BORDER 3                    ; DIAG: fialovy = Next registry obnovene
176   20CE 3E 03       >        ld a,3
176   20D0 D3 FE       >        out ($FE),a
177   20D2 CD 83 22             call restore_memory
178   20D5                      DBG_BORDER 4                    ; DIAG: zeleny = pamet BASICu obnovena
178   20D5 3E 04       >        ld a,4
178   20D7 D3 FE       >        out ($FE),a
179   20D9 ED 7B 98 23          ld sp,(entrySp)                 ; pamet je zpet, zasobnik BASICu taky
180   20DD CD 47 22             call free_pages
181   20E0                      DBG_BORDER 5                    ; DIAG: azurovy = stranky uvolnene
181   20E0 3E 05       >        ld a,5
181   20E2 D3 FE       >        out ($FE),a
182   20E4 3A 9E 23             ld a,(testMode)
183   20E7 FE 36                cp '6'
184   20E9 28 05                jr z,.noUla
185   20EB FE 38                cp '8'
186   20ED C4 89 21             call nz,restore_ula             ; border zpet podle BORDCR
187   20F0              .noUla
188   20F0 CD 0A 21             call restore_regs
189   20F3 FB                   ei
190   20F4 AF                   xor a                           ; Fc=0: dot command skoncil v poradku
191   20F5 C9                   ret
192   20F6
193   20F6              .launch
194   20F6                      ; Spousteny program dostane celou pamet; CC je porad v RAM.
195   20F6 CD 47 22             call free_pages                 ; zasobnik je porad CALL_STACK
196   20F9 31 00 71             ld sp,S1                        ; zasobnik CC, stejne jako po CLEAR 28927
197   20FC 21 E2 BF             ld hl,dot_launch
198   20FF E7                   rst $20                         ; ukonci dot command a skoc na HL
199   2100
200   2100              ; -----------------------------------------------------------------------------
201   2100              ; Chybovy navrat: HL = zprava (posledni znak s bitem 7)
202   2100              ; -----------------------------------------------------------------------------
203   2100              exit_error
204   2100 ED 7B 98 23          ld sp,(entrySp)
205   2104 CD 0A 21             call restore_regs
206   2107 AF                   xor a
207   2108 37                   scf
208   2109 C9                   ret
209   210A
210   210A              ; H'L' a IX tak, jak je dot command dostal (HL zustava)
211   210A              restore_regs
212   210A D9                   exx
213   210B 2A 9C 23             ld hl,(entryHlAlt)
214   210E D9                   exx
215   210F DD 2A 9A 23          ld ix,(entryIx)
216   2113 C9                   ret
217   2114
218   2114              ; -----------------------------------------------------------------------------
219   2114              ; Argumenty: zadne nebo -h. Cokoli jineho vypise napovedu (Fc=1).
220   2114              ; -----------------------------------------------------------------------------
221   2114              check_args
222   2114 7E                   ld a,(hl)
223   2115 FE 20                cp ' '
224   2117 20 03                jr nz,.first
225   2119 23                   inc hl
226   211A 18 F8                jr check_args
227   211C              .first
228   211C B7                   or a
229   211D C8                   ret z
230   211E FE 0D                cp $0D
231   2120 C8                   ret z
232   2121 FE 3A                cp ':'
233   2123 C8                   ret z
234   2124 FE 30                cp '0'                          ; DIAG: .cc 0 .. 9 = testovaci rezim
235   2126 38 09                jr c,.usage
236   2128 FE 3A                cp '9'+1
237   212A 30 05                jr nc,.usage
238   212C 32 9E 23             ld (testMode),a
239   212F B7                   or a                            ; Fc=0
240   2130 C9                   ret
241   2131              .usage
242   2131 37                   scf
243   2132 C9                   ret
244   2133
245   2133              show_usage
246   2133 21 03 23             ld hl,msgUsage
247   2136              .loop
248   2136 7E                   ld a,(hl)
249   2137 B7                   or a
250   2138 28 04                jr z,.done
251   213A D7                   rst $10
252   213B 23                   inc hl
253   213C 18 F8                jr .loop
254   213E              .done
255   213E CD 0A 21             call restore_regs
256   2141 AF                   xor a
257   2142 C9                   ret
258   2143
259   2143              ; -----------------------------------------------------------------------------
260   2143              ; Next registry, ktere CC meni (displej, vrstvy, tilemap, turbo)
261   2143              ; -----------------------------------------------------------------------------
262   2143              nextregList
263   2143 07 14 15 2F          db $07, $14, $15, $2F, $30, $31, $4A, $4B, $4C
263   2147 30 31 4A 4B
263   214B 4C
264   214C 68 69 6B 6C          db $68, $69, $6B, $6C, $6E, $6F, $43
264   2150 6E 6F 43
265   2153              NEXTREG_COUNT   equ $ - nextregList
266   2153
267   2153              read_nextreg                            ; A = registr -> A = hodnota
268   2153 C5                   push bc
269   2154 01 3B 24             ld bc,$243B
270   2157 ED 79                out (c),a
271   2159 04                   inc b
272   215A ED 78                in a,(c)
273   215C C1                   pop bc
274   215D C9                   ret
275   215E
276   215E              save_nextregs
277   215E 21 43 21             ld hl,nextregList
278   2161 11 17 24             ld de,nextregValues
279   2164 06 10                ld b,NEXTREG_COUNT
280   2166              .loop
281   2166 7E                   ld a,(hl)
282   2167 CD 53 21             call read_nextreg
283   216A 12                   ld (de),a
284   216B 23                   inc hl
285   216C 13                   inc de
286   216D 10 F7                djnz .loop
287   216F C9                   ret
288   2170
289   2170              restore_nextregs
290   2170 21 43 21             ld hl,nextregList
291   2173 11 17 24             ld de,nextregValues
292   2176 06 10                ld b,NEXTREG_COUNT
293   2178              .loop
294   2178 C5                   push bc
295   2179 7E                   ld a,(hl)
296   217A 01 3B 24             ld bc,$243B
297   217D ED 79                out (c),a
298   217F 04                   inc b
299   2180 1A                   ld a,(de)
300   2181 ED 79                out (c),a
301   2183 C1                   pop bc
302   2184 23                   inc hl
303   2185 13                   inc de
304   2186 10 F0                djnz .loop
305   2188 C9                   ret
306   2189
307   2189              ; Border podle obnovene BORDCR a MMU6/MMU7 jako pri startu.
308   2189              ; Port $7FFD sem NEPATRI: kazde M_P3DOS na konci samo nastavi strankovani,
309   2189              ; jak ho NextZXOS uvnitr dot commandu potrebuje, a BANKM mu neodpovida.
310   2189              ; Zapis BANKM do $7FFD po M_P3DOS (free_pages) NextZXOS po navratu z dotu
311   2189              ; zasekne - overeno testy .cc 4 / 7 / 9.
312   2189              restore_ula
313   2189 3A 48 5C             ld a,(BORDCR)
314   218C 0F                   rrca
315   218D 0F                   rrca
316   218E 0F                   rrca
317   218F E6 07                and 7
318   2191 D3 FE                out ($FE),a
319   2193 3A 0B 24             ld a,(sourcePages+4)
320   2196 ED 92 56             nextreg $56,a
321   2199 3A 0C 24             ld a,(sourcePages+5)
322   219C ED 92 57             nextreg $57,a
323   219F C9                   ret
324   21A0
325   21A0              ; -----------------------------------------------------------------------------
326   21A0              ; Stranky, ktere zalohujeme: co je v MMU2..MMU7 a banka 3 (CC tam kopiruje)
327   21A0              ; -----------------------------------------------------------------------------
328   21A0              read_source_pages
329   21A0 21 07 24             ld hl,sourcePages
330   21A3 3E 52                ld a,$52
331   21A5              .loop
332   21A5 F5                   push af
333   21A6 CD 53 21             call read_nextreg
334   21A9 77                   ld (hl),a
335   21AA 23                   inc hl
336   21AB F1                   pop af
337   21AC 3C                   inc a
338   21AD FE 58                cp $58
339   21AF 20 F4                jr nz,.loop
340   21B1 36 06                ld (hl),6
341   21B3 23                   inc hl
342   21B4 36 07                ld (hl),7
343   21B6 C9                   ret
344   21B7
345   21B7              ; -----------------------------------------------------------------------------
346   21B7              ; IDE_BANK pres M_P3DOS. HL = typ/duvod, E = stranka -> Fc=0 ok, E = vysledek
347   21B7              ; Vola se jen se zasobnikem mimo okno dot commandu.
348   21B7              ; -----------------------------------------------------------------------------
349   21B7              ide_bank
350   21B7 D9                   exx
351   21B8 11 BD 01             ld de,IDE_BANK
352   21BB 0E 07                ld c,7
353   21BD CF                   rst $08
354   21BE 94                   db M_P3DOS
355   21BF 3F                   ccf                             ; +3DOS hlasi uspech s Fc=1
356   21C0 C9                   ret
357   21C1
358   21C1              ; -----------------------------------------------------------------------------
359   21C1              ; Zarezervuje pevne stranky CC a alokuje BACKUP_COUNT stranek na zalohu.
360   21C1              ; Fc=1 -> HL = zprava, nic nezustane zabrane.
361   21C1              ; -----------------------------------------------------------------------------
362   21C1              ; Pevne stranky CC: LFN levy panel od 24, pravy od 60; buffl/buffr/savescr
363   21C1              ; 74/76/78; viewer 81-97 (plugin 82); extra banka 90; pracovni 98, 99;
364   21C1              ; Layer 2 pluginu NXI/SCR v 16K bankach 49-51 = stranky 98-103.
365   21C1              fixedRanges
366   21C1 18 2C                db 24, 44
367   21C3 3C 67                db 60, 103
368   21C5 FF                   db $FF
369   21C6
370   21C6              grab_pages
371   21C6 AF                   xor a
372   21C7 32 A2 23             ld (ownedCount),a
373   21CA 21 00 00             ld hl,BANK_TOTAL
374   21CD CD B7 21             call ide_bank
375   21D0 38 5F                jr c,.noMemory
376   21D2 7B                   ld a,e
377   21D3 32 A1 23             ld (totalPages),a
378   21D6
379   21D6 21 C1 21             ld hl,fixedRanges
380   21D9              .range
381   21D9 7E                   ld a,(hl)
382   21DA FE FF                cp $FF
383   21DC 28 35                jr z,.backups
384   21DE 47                   ld b,a                          ; B = prvni stranka
385   21DF 23                   inc hl
386   21E0 4E                   ld c,(hl)                       ; C = posledni stranka
387   21E1 23                   inc hl
388   21E2 E5                   push hl
389   21E3              .page
390   21E3 3A A1 23             ld a,(totalPages)
391   21E6 3D                   dec a
392   21E7 B8                   cp b
393   21E8 38 16                jr c,.rangeDone                 ; stranka uz v tomhle stroji neni
394   21EA C5                   push bc
395   21EB 58                   ld e,b
396   21EC 21 02 00             ld hl,BANK_RESERVE
397   21EF CD B7 21             call ide_bank
398   21F2 C1                   pop bc
399   21F3 38 0E                jr c,.inUse
400   21F5 78                   ld a,b
401   21F6 CD 36 22             call own_page
402   21F9 78                   ld a,b
403   21FA B9                   cp c
404   21FB 28 03                jr z,.rangeDone
405   21FD 04                   inc b
406   21FE 18 E3                jr .page
407   2200              .rangeDone
408   2200 E1                   pop hl
409   2201 18 D6                jr .range
410   2203
411   2203              .inUse
412   2203 E1                   pop hl
413   2204 78                   ld a,b
414   2205 21 8E 23             ld hl,msgInUseNum
415   2208 CD 63 22             call put_decimal
416   220B CD 47 22             call free_pages
417   220E 21 89 23             ld hl,msgInUse
418   2211 37                   scf
419   2212 C9                   ret
420   2213
421   2213              .backups
422   2213 11 0F 24             ld de,backupPages
423   2216 06 08                ld b,BACKUP_COUNT
424   2218              .alloc
425   2218 C5                   push bc
426   2219 D5                   push de
427   221A 21 01 00             ld hl,BANK_ALLOC
428   221D CD B7 21             call ide_bank
429   2220 7B                   ld a,e
430   2221 D1                   pop de
431   2222 C1                   pop bc
432   2223 38 09                jr c,.noMemoryFree
433   2225 12                   ld (de),a
434   2226 13                   inc de
435   2227 CD 36 22             call own_page
436   222A 10 EC                djnz .alloc
437   222C B7                   or a
438   222D C9                   ret
439   222E
440   222E              .noMemoryFree
441   222E CD 47 22             call free_pages
442   2231              .noMemory
443   2231 21 6B 23             ld hl,msgNoMemory
444   2234 37                   scf
445   2235 C9                   ret
446   2236
447   2236              own_page                                ; A = stranka do seznamu zabranych
448   2236 D5                   push de
449   2237 E5                   push hl
450   2238 21 A2 23             ld hl,ownedCount
451   223B 5E                   ld e,(hl)
452   223C 34                   inc (hl)
453   223D 16 00                ld d,0
454   223F 21 A3 23             ld hl,ownedPages
455   2242 19                   add hl,de
456   2243 77                   ld (hl),a
457   2244 E1                   pop hl
458   2245 D1                   pop de
459   2246 C9                   ret
460   2247
461   2247              free_pages
462   2247 3A A2 23             ld a,(ownedCount)
463   224A B7                   or a
464   224B C8                   ret z
465   224C 47                   ld b,a
466   224D 21 A3 23             ld hl,ownedPages
467   2250              .loop
468   2250 C5                   push bc
469   2251 E5                   push hl
470   2252 5E                   ld e,(hl)
471   2253 21 03 00             ld hl,BANK_FREE
472   2256 CD B7 21             call ide_bank
473   2259 E1                   pop hl
474   225A C1                   pop bc
475   225B 23                   inc hl
476   225C 10 F2                djnz .loop
477   225E AF                   xor a
478   225F 32 A2 23             ld (ownedCount),a
479   2262 C9                   ret
480   2263
481   2263              ; A = 0..255 -> tri cislice na (HL)
482   2263              put_decimal
483   2263 0E 64                ld c,100
484   2265 CD 71 22             call .digit
485   2268 0E 0A                ld c,10
486   226A CD 71 22             call .digit
487   226D C6 30                add a,'0'
488   226F 77                   ld (hl),a
489   2270 C9                   ret
490   2271              .digit
491   2271 06 2F                ld b,'0'-1
492   2273              .sub
493   2273 04                   inc b
494   2274 91                   sub c
495   2275 30 FC                jr nc,.sub
496   2277 81                   add a,c
497   2278 70                   ld (hl),b
498   2279 23                   inc hl
499   227A C9                   ret
500   227B
501   227B              ; -----------------------------------------------------------------------------
502   227B              ; Zaloha / obnova pameti: HL = seznam zdrojovych stranek, DE = cilovych.
503   227B              ; Kopiruje pres MMU6 (zdroj) a MMU7 (cil). Zasobnik musi byt v okne dotu.
504   227B              ; -----------------------------------------------------------------------------
505   227B              backup_memory
506   227B 21 07 24             ld hl,sourcePages
507   227E 11 0F 24             ld de,backupPages
508   2281 18 06                jr copy_pages
509   2283
510   2283              restore_memory
511   2283 21 0F 24             ld hl,backupPages
512   2286 11 07 24             ld de,sourcePages
513   2289
514   2289              copy_pages
515   2289 F3                   di
516   228A 3E 07                ld a,$07
517   228C CD 53 21             call read_nextreg
518   228F 32 A0 23             ld (copyTurbo),a
519   2292 ED 91 07 03          nextreg $07,3                   ; 28 MHz, at je to hned
520   2296 06 08                ld b,BACKUP_COUNT
521   2298              .loop
522   2298 7E                   ld a,(hl)
523   2299 ED 92 56             nextreg $56,a
524   229C 1A                   ld a,(de)
525   229D ED 92 57             nextreg $57,a
526   22A0 C5                   push bc
527   22A1 E5                   push hl
528   22A2 D5                   push de
529   22A3 21 00 C0             ld hl,$C000
530   22A6 11 00 E0             ld de,$E000
531   22A9 01 00 20             ld bc,$2000
532   22AC ED B0                ldir
533   22AE D1                   pop de
534   22AF E1                   pop hl
535   22B0 C1                   pop bc
536   22B1 23                   inc hl
537   22B2 13                   inc de
538   22B3 10 E3                djnz .loop
539   22B5 3A 0B 24             ld a,(sourcePages+4)
540   22B8 ED 92 56             nextreg $56,a
541   22BB 3A 0C 24             ld a,(sourcePages+5)
542   22BE ED 92 57             nextreg $57,a
543   22C1 3A A0 23             ld a,(copyTurbo)
544   22C4 ED 92 07             nextreg $07,a
545   22C7 FB                   ei
546   22C8 C9                   ret
547   22C9
548   22C9              ; -----------------------------------------------------------------------------
549   22C9              ; Docte CC z vlastniho souboru. Fc=1 pri chybe. Soubor vzdy zavre.
550   22C9              ; -----------------------------------------------------------------------------
551   22C9              load_cc
552   22C9 CF                   rst $08
553   22CA 8D                   db M_GETHANDLE
554   22CB D8                   ret c
555   22CC 32 9F 23             ld (dotHandle),a
556   22CF
557   22CF ED 91 57 5A          nextreg $57,dot_xb_page         ; extra banka rovnou do sve stranky
558   22D3 21 00 E0             ld hl,$E000
559   22D6 01 5A 14             ld bc,XB_LEN
560   22D9 CD F5 22             call read_part
561   22DC 3A 0C 24             ld a,(sourcePages+5)
562   22DF ED 92 57             nextreg $57,a
563   22E2 38 09                jr c,.close
564   22E4
565   22E4 21 00 71             ld hl,S1
566   22E7 01 CF 6E             ld bc,MAIN_LEN
567   22EA CD F5 22             call read_part
568   22ED              .close
569   22ED F5                   push af
570   22EE 3A 9F 23             ld a,(dotHandle)
571   22F1 CF                   rst $08
572   22F2 9B                   db F_CLOSE
573   22F3 F1                   pop af
574   22F4 C9                   ret
575   22F5
576   22F5              read_part                               ; HL = kam, BC = kolik -> Fc=1 chyba
577   22F5 C5                   push bc
578   22F6 3A 9F 23             ld a,(dotHandle)
579   22F9 CF                   rst $08
580   22FA 9D                   db F_READ
581   22FB E1                   pop hl
582   22FC D8                   ret c
583   22FD B7                   or a
584   22FE ED 42                sbc hl,bc                       ; precteno vsechno?
585   2300 C8                   ret z
586   2301 37                   scf
587   2302 C9                   ret
588   2303
589   2303              ; -----------------------------------------------------------------------------
590   2303              ; Texty a promenne
591   2303              ; -----------------------------------------------------------------------------
592   2303              msgUsage
593   2303 43 61 6C 6D          db "Calm Commander", 13
593   2307 20 43 6F 6D
593   230B 6D 61 6E 64
593   230F 65 72 0D
594   2312 46 69 6C 65          db "File manager for ZX Spectrum Next", 13, 13
594   2316 20 6D 61 6E
594   231A 61 67 65 72
594   231E 20 66 6F 72
594   2322 20 5A 58 20
594   2326 53 70 65 63
594   232A 74 72 75 6D
594   232E 20 4E 65 78
594   2332 74 0D 0D
595   2335 55 73 61 67          db "Usage: .cc", 13
595   2339 65 3A 20 2E
595   233D 63 63 0D
596   2340 50 6C 75 67          db "Plugins: c:/sys/cc/*.ccp", 13, 0
596   2344 69 6E 73 3A
596   2348 20 63 3A 2F
596   234C 73 79 73 2F
596   2350 63 63 2F 2A
596   2354 2E 63 63 70
596   2358 0D 00
597   235A 52 65 71 75  msgNotNext      db "Requires NextZXO", 'S'|$80
597   235E 69 72 65 73
597   2362 20 4E 65 78
597   2366 74 5A 58 4F
597   236A D3
598   236B 4E 6F 74 20  msgNoMemory     db "Not enough memor", 'y'|$80
598   236F 65 6E 6F 75
598   2373 67 68 20 6D
598   2377 65 6D 6F 72
598   237B F9
599   237C 43 43 20 6C  msgLoadError    db "CC load erro", 'r'|$80
599   2380 6F 61 64 20
599   2384 65 72 72 6F
599   2388 F2
600   2389 50 61 67 65  msgInUse        db "Page "
600   238D 20
601   238E 30 30 30 20  msgInUseNum     db "000 in us", 'e'|$80
601   2392 69 6E 20 75
601   2396 73 E5
602   2398
603   2398 00 00        entrySp         dw 0
604   239A 00 00        entryIx         dw 0
605   239C 00 00        entryHlAlt      dw 0
606   239E 00           testMode        db 0                    ; DIAG: 0 = normalni beh, jinak '0'..'3'
607   239F 00           dotHandle       db 0
608   23A0 00           copyTurbo       db 0
609   23A1 00           totalPages      db 0
610   23A2 00           ownedCount      db 0
611   23A3 00 00 00...  ownedPages      ds 100
612   2407 00 00 00...  sourcePages     ds BACKUP_COUNT
613   240F 00 00 00...  backupPages     ds BACKUP_COUNT
614   2417 00 00 00...  nextregValues   ds NEXTREG_COUNT
615   2427
616   2427 00 00 00...                  ds 256
617   2527              dotStackTop
618   2527
619   2527                      ASSERT S1 = $7100
620   2527                      ASSERT $ <= $4000
621   2527                      DISPLAY "Zavadec .cc: ",/A,$ - $2000," z 8192 B"
622   2527
623   2527                      ; NextZXOS nahraje jen prvnich 8K, zbytek si dot cte sam
624   2527 00 00 00...          BLOCK $4000 - $, 0
625   4000                      INCBIN "../build/dot/ccd_xb.bin"
626   545A                      INCBIN "../build/dot/ccd.bin"
627   C329
# file closed: dot\ccdot.asm
