# file opened: plugin\edit.asm
   1  0000                      DEVICE ZXSPECTRUMNEXT
   2  0000                      org VIEW_PLUGIN_ADDRESS
   3  C000
   4  C000                      include "plugin_api.i.asm"
# file opened: plugin\plugin_api.i.asm
   1+ C000              VIEW_PLUGIN_ADDRESS  equ 49152
   2+ C000              VIEW_DATA_ADDRESS    equ 57344
   3+ C000              VIEW_PLUGIN_SIZE     equ 4096
   4+ C000
   5+ C000              VIEWCTX_ABI          equ 0
   6+ C000              VIEWCTX_TYPE         equ 1
   7+ C000              VIEWCTX_FILENAME     equ 2
   8+ C000              VIEWCTX_SIZE_LO      equ 4
   9+ C000              VIEWCTX_SIZE_HI      equ 6
  10+ C000              VIEWCTX_DATA_PAGE    equ 8
  11+ C000              VIEWCTX_DATA_ADDR    equ 9
  12+ C000              VIEWCTX_READ_LEN     equ 11
  13+ C000              VIEWCTX_PAGE_COUNT   equ 13
  14+ C000              VIEWCTX_DATA_PAGES   equ 14
  15+ C000              VIEWCTX_SERVICES     equ 16
  16+ C000              VIEWCTX_CURPATH      equ 18   ; pointer to active panel path string
  17+ C000              VIEWCTX_EXTRACT_FLAG equ 20
  18+ C000              VIEWCTX_EXTRACT_OFF  equ 21
  19+ C000              VIEWCTX_EXTRACT_CNT  equ 23
  20+ C000              VIEWCTX_EXTRACT_NAME equ 25   ; 16 bytes, 0/255 terminated
  21+ C000              VIEWCTX_DIRTY        equ 40
  22+ C000              VIEWCTX_P3DOS_TYPE   equ 41    ; 1 byte: $FF=no header, else TAP type (0=BASIC,1=NumArr,2=StrArr,3=Code)
  23+ C000              VIEWCTX_P3DOS_P1     equ 42    ; 2 bytes: TAP param1 (LINE for BASIC, load address for CODE)
  24+ C000              VIEWCTX_P3DOS_P2     equ 44    ; 2 bytes: TAP param2
  25+ C000
  26+ C000              SERVICE_PRINT        equ 0
  27+ C000              SERVICE_INKEY        equ 2
  28+ C000              SERVICE_WINDOW       equ 4
  29+ C000              SERVICE_LAYER0       equ 6
  30+ C000              SERVICE_INPUT_NOWAIT equ 8
  31+ C000              SERVICE_EXTRACT      equ 10   ; host extract helper (HL=name, DE=offset, BC=count)
  32+ C000              SERVICE_BEEP         equ 12
  33+ C000
# file closed: plugin\plugin_api.i.asm
   5  C000
   6  C000              SCREEN_BASE     equ $4000
   7  C000              TEXT_TOP        equ SCREEN_BASE+160*3+2
   8  C000              TEXT_ROWS       equ 27
   9  C000              TEXT_COLS       equ 78
  10  C000              HEX_BYTES_ROW   equ 26
  11  C000              STATUS_POS      equ SCREEN_BASE+160*31+2
  12  C000              SEARCH_MAX      equ 32
  13  C000              NAME_MAX        equ 48
  14  C000
  15  C000              plugin_start
  16  C000 22 2D CB             ld (ctxPtr),hl
  17  C003 ED 53 2F CB          ld (svcPtr),de
  18  C007 CD E7 CA             call patch_services
  19  C00A CD 47 C9             call init_context
  20  C00D
  21  C00D 21 00 00             ld hl,0 * 256 + 0
  22  C010 01 1E 4E             ld bc,78 * 256 + 30
  23  C013 3E 10                ld a,16
  24  C015 CD 21 CB             call call_window
  25  C018 21 01 02             ld hl,2*256+1
  26  C01B 3E 10                ld a,16
  27  C01D 11 AE CB             ld de,title
  28  C020 CD 19 CB             call call_print
  29  C023 DD 2A 2D CB          ld ix,(ctxPtr)
  30  C027 DD 5E 02             ld e,(ix+VIEWCTX_FILENAME)
  31  C02A DD 56 03             ld d,(ix+VIEWCTX_FILENAME+1)
  32  C02D 21 01 0F             ld hl,15*256+1
  33  C030 3E 10                ld a,16
  34  C032 CD 19 CB             call call_print
  35  C035
  36  C035 CD 76 C3             call render
  37  C038              .input
  38  C038 CD 1D CB             call call_input
  39  C03B B7                   or a
  40  C03C 28 FA                jr z,.input
  41  C03E FE 01                cp 1
  42  C040 CA C8 C1             jp z,try_exit
  43  C043 FE 0F                cp 15
  44  C045 CA C8 C1             jp z,try_exit
  45  C048 FE 0A                cp 10
  46  C04A CA 3E C1             jp z,move_down
  47  C04D FE 0B                cp 11
  48  C04F CA 81 C1             jp z,move_up
  49  C052 FE 09                cp 9
  50  C054 CA D0 C0             jp z,move_right
  51  C057 FE 08                cp 8
  52  C059 CA E5 C0             jp z,move_left
  53  C05C FE 0C                cp 12
  54  C05E CA 00 C1             jp z,backspace_key
  55  C061 FE 84                cp 132
  56  C063 CA A3 C2             jp z,find_prompt
  57  C066 FE 80                cp 128
  58  C068 CA 0E C2             jp z,save_current
  59  C06B FE 81                cp 129
  60  C06D CA 2D C2             jp z,save_as
  61  C070 FE 82                cp 130
  62  C072 CA BD C0             jp z,hex_mode
  63  C075 FE 83                cp 131
  64  C077 CA B0 C0             jp z,text_mode
  65  C07A 47                   ld b,a
  66  C07B 3A 58 CB             ld a,(viewMode)
  67  C07E B7                   or a
  68  C07F 78                   ld a,b
  69  C080 C2 16 C3             jp nz,hex_key
  70  C083 FE 0D                cp 13
  71  C085 CA 92 C0             jp z,write_text_char
  72  C088 FE 20                cp 32
  73  C08A DA 38 C0             jp c,.input
  74  C08D FE 80                cp 128
  75  C08F D2 38 C0             jp nc,.input
  76  C092              write_text_char
  77  C092 CD FE C9             call key_beep
  78  C095 2A 35 CB             ld hl,(curOffset)
  79  C098 22 37 CB             ld (oldOffset),hl
  80  C09B CD 04 CA             call insert_current_byte
  81  C09E CD DA C9             call mark_dirty
  82  C0A1 CD B1 C9             call inc_cursor
  83  C0A4 CD 6C C4             call ensure_cursor_visible
  84  C0A7 CD 76 C3             call render
  85  C0AA CD ED C9             call key_repeat_delay
  86  C0AD C3 38 C0             jp plugin_start.input
  87  C0B0
  88  C0B0              text_mode
  89  C0B0 AF                   xor a
  90  C0B1 32 58 CB             ld (viewMode),a
  91  C0B4 CD 6C C4             call ensure_cursor_visible
  92  C0B7 CD 76 C3             call render
  93  C0BA C3 38 C0             jp plugin_start.input
  94  C0BD
  95  C0BD              hex_mode
  96  C0BD 3E 01                ld a,1
  97  C0BF 32 58 CB             ld (viewMode),a
  98  C0C2 3E FF                ld a,$ff
  99  C0C4 32 5B CB             ld (hexPending),a
 100  C0C7 CD 94 C4             call ensure_hex_cursor_visible
 101  C0CA CD 76 C3             call render
 102  C0CD C3 38 C0             jp plugin_start.input
 103  C0D0
 104  C0D0              move_right
 105  C0D0 2A 35 CB             ld hl,(curOffset)
 106  C0D3 22 37 CB             ld (oldOffset),hl
 107  C0D6 CD B1 C9             call inc_cursor
 108  C0D9 CD 36 C4             call cursor_moved
 109  C0DC CD FE C9             call key_beep
 110  C0DF CD E7 C9             call arrow_repeat_delay
 111  C0E2 C3 38 C0             jp plugin_start.input
 112  C0E5
 113  C0E5              move_left
 114  C0E5 2A 35 CB             ld hl,(curOffset)
 115  C0E8 7C                   ld a,h
 116  C0E9 B5                   or l
 117  C0EA CA 38 C0             jp z,plugin_start.input
 118  C0ED 22 37 CB             ld (oldOffset),hl
 119  C0F0 2B                   dec hl
 120  C0F1 22 35 CB             ld (curOffset),hl
 121  C0F4 CD 36 C4             call cursor_moved
 122  C0F7 CD FE C9             call key_beep
 123  C0FA CD E7 C9             call arrow_repeat_delay
 124  C0FD C3 38 C0             jp plugin_start.input
 125  C100
 126  C100              backspace_key
 127  C100 2A 33 CB             ld hl,(loadedSize)
 128  C103 7C                   ld a,h
 129  C104 B5                   or l
 130  C105 CA 38 C0             jp z,plugin_start.input
 131  C108 2A 35 CB             ld hl,(curOffset)
 132  C10B 7C                   ld a,h
 133  C10C B5                   or l
 134  C10D 20 0E                jr nz,.move_before
 135  C10F 2A 33 CB             ld hl,(loadedSize)
 136  C112 2B                   dec hl
 137  C113 7C                   ld a,h
 138  C114 B5                   or l
 139  C115 C2 38 C0             jp nz,plugin_start.input
 140  C118 21 00 00             ld hl,0
 141  C11B 18 01                jr .delete
 142  C11D              .move_before
 143  C11D 2B                   dec hl
 144  C11E              .delete
 145  C11E 22 35 CB             ld (curOffset),hl
 146  C121 22 37 CB             ld (oldOffset),hl
 147  C124 3E FF                ld a,$ff
 148  C126 32 5B CB             ld (hexPending),a
 149  C129 CD 66 CA             call delete_current_byte
 150  C12C CD DA C9             call mark_dirty
 151  C12F CD 6C C4             call ensure_cursor_visible
 152  C132 CD 76 C3             call render
 153  C135 CD FE C9             call key_beep
 154  C138 CD ED C9             call key_repeat_delay
 155  C13B C3 38 C0             jp plugin_start.input
 156  C13E
 157  C13E              move_down
 158  C13E 3A 58 CB             ld a,(viewMode)
 159  C141 B7                   or a
 160  C142 28 22                jr z,.text
 161  C144 2A 35 CB             ld hl,(curOffset)
 162  C147 22 37 CB             ld (oldOffset),hl
 163  C14A 11 1A 00             ld de,HEX_BYTES_ROW
 164  C14D 19                   add hl,de
 165  C14E CD BC C9             call clamp_to_last
 166  C151 22 35 CB             ld (curOffset),hl
 167  C154 CD F3 C9             call cursor_changed
 168  C157 CA 38 C0             jp z,plugin_start.input
 169  C15A CD 36 C4             call cursor_moved
 170  C15D CD FE C9             call key_beep
 171  C160 CD E7 C9             call arrow_repeat_delay
 172  C163 C3 38 C0             jp plugin_start.input
 173  C166              .text
 174  C166 2A 35 CB             ld hl,(curOffset)
 175  C169 22 37 CB             ld (oldOffset),hl
 176  C16C CD C2 C5             call text_move_down
 177  C16F CD F3 C9             call cursor_changed
 178  C172 CA 38 C0             jp z,plugin_start.input
 179  C175 CD 36 C4             call cursor_moved
 180  C178 CD FE C9             call key_beep
 181  C17B CD E7 C9             call arrow_repeat_delay
 182  C17E C3 38 C0             jp plugin_start.input
 183  C181
 184  C181              move_up
 185  C181 3A 58 CB             ld a,(viewMode)
 186  C184 B7                   or a
 187  C185 28 26                jr z,.text
 188  C187 2A 35 CB             ld hl,(curOffset)
 189  C18A 22 37 CB             ld (oldOffset),hl
 190  C18D 11 1A 00             ld de,HEX_BYTES_ROW
 191  C190 B7                   or a
 192  C191 ED 52                sbc hl,de
 193  C193 30 03                jr nc,.store
 194  C195 21 00 00             ld hl,0
 195  C198              .store
 196  C198 22 35 CB             ld (curOffset),hl
 197  C19B CD F3 C9             call cursor_changed
 198  C19E CA 38 C0             jp z,plugin_start.input
 199  C1A1 CD 36 C4             call cursor_moved
 200  C1A4 CD FE C9             call key_beep
 201  C1A7 CD E7 C9             call arrow_repeat_delay
 202  C1AA C3 38 C0             jp plugin_start.input
 203  C1AD              .text
 204  C1AD 2A 35 CB             ld hl,(curOffset)
 205  C1B0 22 37 CB             ld (oldOffset),hl
 206  C1B3 CD D2 C5             call text_move_up
 207  C1B6 CD F3 C9             call cursor_changed
 208  C1B9 CA 38 C0             jp z,plugin_start.input
 209  C1BC CD 36 C4             call cursor_moved
 210  C1BF CD FE C9             call key_beep
 211  C1C2 CD E7 C9             call arrow_repeat_delay
 212  C1C5 C3 38 C0             jp plugin_start.input
 213  C1C8
 214  C1C8              try_exit
 215  C1C8 3A 59 CB             ld a,(dirty)
 216  C1CB B7                   or a
 217  C1CC C8                   ret z
 218  C1CD CD 2B C9             call status_dirty
 219  C1D0 CD E0 C9             call wait_key_release
 220  C1D3              .wait
 221  C1D3 CD 1D CB             call call_input
 222  C1D6 B7                   or a
 223  C1D7 28 FA                jr z,.wait
 224  C1D9 FE 69                cp "i"
 225  C1DB C8                   ret z
 226  C1DC FE 49                cp "I"
 227  C1DE C8                   ret z
 228  C1DF FE 73                cp "s"
 229  C1E1 CA 06 C2             jp z,save_current_then_exit
 230  C1E4 FE 53                cp "S"
 231  C1E6 CA 06 C2             jp z,save_current_then_exit
 232  C1E9 FE 65                cp "e"
 233  C1EB CA 0A C2             jp z,save_as_then_exit
 234  C1EE FE 45                cp "E"
 235  C1F0 CA 0A C2             jp z,save_as_then_exit
 236  C1F3 FE 01                cp 1
 237  C1F5 28 06                jr z,.cancel
 238  C1F7 FE 0F                cp 15
 239  C1F9 28 02                jr z,.cancel
 240  C1FB 18 D6                jr .wait
 241  C1FD              .cancel
 242  C1FD CD E0 C9             call wait_key_release
 243  C200 CD 76 C3             call render
 244  C203 C3 38 C0             jp plugin_start.input
 245  C206
 246  C206              save_current_then_exit
 247  C206 CD 21 C2             call save_current_raw
 248  C209 C9                   ret
 249  C20A
 250  C20A              save_as_then_exit
 251  C20A CD 40 C2             call save_as_raw
 252  C20D C9                   ret
 253  C20E
 254  C20E              save_current
 255  C20E CD 21 C2             call save_current_raw
 256  C211 3A 5A CB             ld a,(saveOk)
 257  C214 B7                   or a
 258  C215 CA 38 C0             jp z,plugin_start.input
 259  C218 CD 17 C9             call saved_status_pause
 260  C21B CD 51 C7             call render_status
 261  C21E C3 38 C0             jp plugin_start.input
 262  C221
 263  C221              save_current_raw
 264  C221 DD 2A 2D CB          ld ix,(ctxPtr)
 265  C225 DD 6E 02             ld l,(ix+VIEWCTX_FILENAME)
 266  C228 DD 66 03             ld h,(ix+VIEWCTX_FILENAME+1)
 267  C22B 18 2E                jr save_name_hl
 268  C22D
 269  C22D              save_as
 270  C22D CD 40 C2             call save_as_raw
 271  C230 3A 5A CB             ld a,(saveOk)
 272  C233 B7                   or a
 273  C234 CA 38 C0             jp z,plugin_start.input
 274  C237 CD 17 C9             call saved_status_pause
 275  C23A CD 51 C7             call render_status
 276  C23D C3 38 C0             jp plugin_start.input
 277  C240
 278  C240              save_as_raw
 279  C240 AF                   xor a
 280  C241 32 5A CB             ld (saveOk),a
 281  C244 CD 84 C2             call copy_current_filename_to_save_name
 282  C247 11 7D CB             ld de,saveName
 283  C24A 06 30                ld b,NAME_MAX
 284  C24C 21 F0 CB             ld hl,saveAsText
 285  C24F CD 7F C7             call line_input
 286  C252 FE 01                cp 1
 287  C254 C8                   ret z
 288  C255 21 7D CB             ld hl,saveName
 289  C258 7E                   ld a,(hl)
 290  C259 B7                   or a
 291  C25A C8                   ret z
 292  C25B              save_name_hl
 293  C25B AF                   xor a
 294  C25C 32 5A CB             ld (saveOk),a
 295  C25F E5                   push hl
 296  C260 CD 1D C9             call status_saving
 297  C263 E1                   pop hl
 298  C264 11 00 00             ld de,0
 299  C267 ED 4B 33 CB          ld bc,(loadedSize)
 300  C26B CD 25 CB             call call_extract
 301  C26E D8                   ret c
 302  C26F AF                   xor a
 303  C270 32 59 CB             ld (dirty),a
 304  C273 DD 2A 2D CB          ld ix,(ctxPtr)
 305  C277 DD 36 28 01          ld (ix+VIEWCTX_DIRTY),1
 306  C27B 3E 01                ld a,1
 307  C27D 32 5A CB             ld (saveOk),a
 308  C280 CD 09 C9             call status_saved
 309  C283 C9                   ret
 310  C284
 311  C284              copy_current_filename_to_save_name
 312  C284 DD 2A 2D CB          ld ix,(ctxPtr)
 313  C288 DD 6E 02             ld l,(ix+VIEWCTX_FILENAME)
 314  C28B DD 66 03             ld h,(ix+VIEWCTX_FILENAME+1)
 315  C28E 11 7D CB             ld de,saveName
 316  C291 06 30                ld b,NAME_MAX
 317  C293              .copy
 318  C293 7E                   ld a,(hl)
 319  C294 FE FF                cp 255
 320  C296 28 08                jr z,.done
 321  C298 B7                   or a
 322  C299 28 05                jr z,.done
 323  C29B 12                   ld (de),a
 324  C29C 23                   inc hl
 325  C29D 13                   inc de
 326  C29E 10 F3                djnz .copy
 327  C2A0              .done
 328  C2A0 AF                   xor a
 329  C2A1 12                   ld (de),a
 330  C2A2 C9                   ret
 331  C2A3
 332  C2A3              find_prompt
 333  C2A3 11 5C CB             ld de,searchBuf
 334  C2A6 06 20                ld b,SEARCH_MAX
 335  C2A8 21 EA CB             ld hl,findText
 336  C2AB CD 7F C7             call line_input
 337  C2AE FE 01                cp 1
 338  C2B0 CA 76 C3             jp z,render
 339  C2B3 21 5C CB             ld hl,searchBuf
 340  C2B6 7E                   ld a,(hl)
 341  C2B7 B7                   or a
 342  C2B8 CA 76 C3             jp z,render
 343  C2BB CD C4 C2             call find_next
 344  C2BE CD 76 C3             call render
 345  C2C1 C3 38 C0             jp plugin_start.input
 346  C2C4
 347  C2C4              find_next
 348  C2C4 2A 35 CB             ld hl,(curOffset)
 349  C2C7 22 3D CB             ld (scanOffset),hl
 350  C2CA              .scan
 351  C2CA 2A 3D CB             ld hl,(scanOffset)
 352  C2CD CD CE C9             call offset_at_end
 353  C2D0 30 18                jr nc,.not_found
 354  C2D2 CD EE C2             call compare_here
 355  C2D5 28 09                jr z,.found
 356  C2D7 2A 3D CB             ld hl,(scanOffset)
 357  C2DA 23                   inc hl
 358  C2DB 22 3D CB             ld (scanOffset),hl
 359  C2DE 18 EA                jr .scan
 360  C2E0              .found
 361  C2E0 2A 3D CB             ld hl,(scanOffset)
 362  C2E3 22 35 CB             ld (curOffset),hl
 363  C2E6 CD 6C C4             call ensure_cursor_visible
 364  C2E9 C9                   ret
 365  C2EA              .not_found
 366  C2EA CD 39 C9             call status_not_found
 367  C2ED C9                   ret
 368  C2EE
 369  C2EE              compare_here
 370  C2EE 2A 3D CB             ld hl,(scanOffset)
 371  C2F1 22 3F CB             ld (matchOffset),hl
 372  C2F4 11 5C CB             ld de,searchBuf
 373  C2F7              .loop
 374  C2F7 1A                   ld a,(de)
 375  C2F8 B7                   or a
 376  C2F9 C8                   ret z
 377  C2FA 4F                   ld c,a
 378  C2FB 2A 3F CB             ld hl,(matchOffset)
 379  C2FE CD CE C9             call offset_at_end
 380  C301 30 10                jr nc,.fail
 381  C303 CD B5 CA             call read_byte_at_offset
 382  C306 B9                   cp c
 383  C307 20 0A                jr nz,.fail
 384  C309 13                   inc de
 385  C30A 2A 3F CB             ld hl,(matchOffset)
 386  C30D 23                   inc hl
 387  C30E 22 3F CB             ld (matchOffset),hl
 388  C311 18 E4                jr .loop
 389  C313              .fail
 390  C313 F6 01                or 1
 391  C315 C9                   ret
 392  C316
 393  C316              hex_key
 394  C316 CD 50 C3             call hex_value
 395  C319 DA 38 C0             jp c,plugin_start.input
 396  C31C CD FE C9             call key_beep
 397  C31F 4F                   ld c,a
 398  C320 3A 5B CB             ld a,(hexPending)
 399  C323 FE FF                cp $ff
 400  C325 20 11                jr nz,.low
 401  C327 79                   ld a,c
 402  C328 87                   add a,a
 403  C329 87                   add a,a
 404  C32A 87                   add a,a
 405  C32B 87                   add a,a
 406  C32C 32 5B CB             ld (hexPending),a
 407  C32F CD 76 C3             call render
 408  C332 CD ED C9             call key_repeat_delay
 409  C335 C3 38 C0             jp plugin_start.input
 410  C338              .low
 411  C338 B1                   or c
 412  C339 CD C1 CA             call write_current_byte
 413  C33C 3E FF                ld a,$ff
 414  C33E 32 5B CB             ld (hexPending),a
 415  C341 CD DA C9             call mark_dirty
 416  C344 CD B1 C9             call inc_cursor
 417  C347 CD 76 C3             call render
 418  C34A CD ED C9             call key_repeat_delay
 419  C34D C3 38 C0             jp plugin_start.input
 420  C350
 421  C350              hex_value
 422  C350 FE 30                cp "0"
 423  C352 38 20                jr c,.bad
 424  C354 FE 3A                cp "9"+1
 425  C356 38 18                jr c,.num
 426  C358 FE 41                cp "A"
 427  C35A 38 04                jr c,.lower
 428  C35C FE 47                cp "F"+1
 429  C35E 38 0C                jr c,.upper
 430  C360              .lower
 431  C360 FE 61                cp "a"
 432  C362 38 10                jr c,.bad
 433  C364 FE 67                cp "f"+1
 434  C366 30 0C                jr nc,.bad
 435  C368 D6 57                sub "a"-10
 436  C36A B7                   or a
 437  C36B C9                   ret
 438  C36C              .upper
 439  C36C D6 37                sub "A"-10
 440  C36E B7                   or a
 441  C36F C9                   ret
 442  C370              .num
 443  C370 D6 30                sub "0"
 444  C372 B7                   or a
 445  C373 C9                   ret
 446  C374              .bad
 447  C374 37                   scf
 448  C375 C9                   ret
 449  C376
 450  C376              render
 451  C376 3A 58 CB             ld a,(viewMode)
 452  C379 B7                   or a
 453  C37A CC 88 C3             call z,render_text
 454  C37D 3A 58 CB             ld a,(viewMode)
 455  C380 B7                   or a
 456  C381 C4 E8 C6             call nz,render_hex
 457  C384 CD 51 C7             call render_status
 458  C387 C9                   ret
 459  C388
 460  C388              render_text
 461  C388 2A 39 CB             ld hl,(viewOffset)
 462  C38B 22 3B CB             ld (renderOffset),hl
 463  C38E 11 E2 41             ld de,TEXT_TOP
 464  C391 06 1B                ld b,TEXT_ROWS
 465  C393              .row
 466  C393 C5                   push bc
 467  C394 06 4E                ld b,TEXT_COLS
 468  C396              .col
 469  C396 2A 3B CB             ld hl,(renderOffset)
 470  C399 CD CE C9             call offset_at_end
 471  C39C 30 41                jr nc,.fill_row
 472  C39E CD F6 C3             call set_cursor_attr
 473  C3A1 CD B5 CA             call read_byte_at_offset
 474  C3A4 FE 0D                cp 13
 475  C3A6 28 28                jr z,.newline
 476  C3A8 FE 0A                cp 10
 477  C3AA 28 24                jr z,.newline
 478  C3AC FE 09                cp 9
 479  C3AE 20 02                jr nz,.not_tab
 480  C3B0 3E 20                ld a,32
 481  C3B2              .not_tab
 482  C3B2 FE 20                cp 32
 483  C3B4 38 04                jr c,.dot
 484  C3B6 FE 7F                cp 127
 485  C3B8 38 04                jr c,.char
 486  C3BA              .dot
 487  C3BA 3E 2E                ld a,"."
 488  C3BC 18 00                jr .char
 489  C3BE              .char
 490  C3BE 12                   ld (de),a
 491  C3BF 13                   inc de
 492  C3C0 3A 55 CB             ld a,(cellAttr)
 493  C3C3 12                   ld (de),a
 494  C3C4 13                   inc de
 495  C3C5 2A 3B CB             ld hl,(renderOffset)
 496  C3C8 23                   inc hl
 497  C3C9 22 3B CB             ld (renderOffset),hl
 498  C3CC 10 C8                djnz .col
 499  C3CE 18 1D                jr .row_done
 500  C3D0              .newline
 501  C3D0 3E 20                ld a,32
 502  C3D2 12                   ld (de),a
 503  C3D3 13                   inc de
 504  C3D4 3A 55 CB             ld a,(cellAttr)
 505  C3D7 12                   ld (de),a
 506  C3D8 13                   inc de
 507  C3D9 C5                   push bc
 508  C3DA CD 0B C4             call advance_newline
 509  C3DD C1                   pop bc
 510  C3DE 05                   dec b
 511  C3DF              .fill_row
 512  C3DF 78                   ld a,b
 513  C3E0 B7                   or a
 514  C3E1 28 0A                jr z,.row_done
 515  C3E3              .fill_loop
 516  C3E3 3E 20                ld a,32
 517  C3E5 12                   ld (de),a
 518  C3E6 13                   inc de
 519  C3E7 3E 10                ld a,16
 520  C3E9 12                   ld (de),a
 521  C3EA 13                   inc de
 522  C3EB 10 F6                djnz .fill_loop
 523  C3ED              .row_done
 524  C3ED 21 04 00             ld hl,160-TEXT_COLS*2
 525  C3F0 19                   add hl,de
 526  C3F1 EB                   ex de,hl
 527  C3F2 C1                   pop bc
 528  C3F3 10 9E                djnz .row
 529  C3F5 C9                   ret
 530  C3F6
 531  C3F6              set_cursor_attr
 532  C3F6 D5                   push de
 533  C3F7 E5                   push hl
 534  C3F8 ED 5B 35 CB          ld de,(curOffset)
 535  C3FC B7                   or a
 536  C3FD ED 52                sbc hl,de
 537  C3FF 3E 10                ld a,16
 538  C401 20 02                jr nz,.store
 539  C403 3E 40                ld a,64
 540  C405              .store
 541  C405 32 55 CB             ld (cellAttr),a
 542  C408 E1                   pop hl
 543  C409 D1                   pop de
 544  C40A C9                   ret
 545  C40B
 546  C40B              advance_newline
 547  C40B 2A 3B CB             ld hl,(renderOffset)
 548  C40E CD B5 CA             call read_byte_at_offset
 549  C411 32 56 CB             ld (newlineChar),a
 550  C414 2A 3B CB             ld hl,(renderOffset)
 551  C417 23                   inc hl
 552  C418 22 3B CB             ld (renderOffset),hl
 553  C41B 3A 56 CB             ld a,(newlineChar)
 554  C41E FE 0D                cp 13
 555  C420 C0                   ret nz
 556  C421 2A 3B CB             ld hl,(renderOffset)
 557  C424 CD CE C9             call offset_at_end
 558  C427 D0                   ret nc
 559  C428 CD B5 CA             call read_byte_at_offset
 560  C42B FE 0A                cp 10
 561  C42D C0                   ret nz
 562  C42E 2A 3B CB             ld hl,(renderOffset)
 563  C431 23                   inc hl
 564  C432 22 3B CB             ld (renderOffset),hl
 565  C435 C9                   ret
 566  C436
 567  C436              cursor_moved
 568  C436 3A 58 CB             ld a,(viewMode)
 569  C439 B7                   or a
 570  C43A 20 18                jr nz,.hex
 571  C43C 2A 37 CB             ld hl,(oldOffset)
 572  C43F CD D0 C4             call set_offset_normal_attr
 573  C442 38 09                jr c,.full
 574  C444 2A 35 CB             ld hl,(curOffset)
 575  C447 CD D7 C4             call set_offset_cursor_attr
 576  C44A 38 01                jr c,.full
 577  C44C C9                   ret
 578  C44D              .full
 579  C44D CD 6C C4             call ensure_cursor_visible
 580  C450 CD 76 C3             call render
 581  C453 C9                   ret
 582  C454              .hex
 583  C454 2A 37 CB             ld hl,(oldOffset)
 584  C457 CD DE C4             call set_hex_offset_normal_attr
 585  C45A 38 09                jr c,.hex_full
 586  C45C 2A 35 CB             ld hl,(curOffset)
 587  C45F CD ED C4             call set_hex_offset_cursor_attr
 588  C462 38 01                jr c,.hex_full
 589  C464 C9                   ret
 590  C465              .hex_full
 591  C465 CD 94 C4             call ensure_hex_cursor_visible
 592  C468 CD 76 C3             call render
 593  C46B C9                   ret
 594  C46C
 595  C46C              ensure_cursor_visible
 596  C46C 2A 35 CB             ld hl,(curOffset)
 597  C46F CD 39 C5             call find_screen_attr_for_offset
 598  C472 D0                   ret nc
 599  C473 2A 35 CB             ld hl,(curOffset)
 600  C476 ED 5B 39 CB          ld de,(viewOffset)
 601  C47A B7                   or a
 602  C47B ED 52                sbc hl,de
 603  C47D 38 0E                jr c,.above
 604  C47F              .scroll_down
 605  C47F CD C1 C4             call advance_view_one_line
 606  C482 38 09                jr c,.above
 607  C484 2A 35 CB             ld hl,(curOffset)
 608  C487 CD 39 C5             call find_screen_attr_for_offset
 609  C48A D0                   ret nc
 610  C48B 18 F2                jr .scroll_down
 611  C48D              .above
 612  C48D CD F4 C5             call find_current_line_start
 613  C490 22 39 CB             ld (viewOffset),hl
 614  C493 C9                   ret
 615  C494
 616  C494              ensure_hex_cursor_visible
 617  C494 2A 35 CB             ld hl,(curOffset)
 618  C497 CD FC C4             call find_hex_attr_for_offset
 619  C49A D0                   ret nc
 620  C49B 2A 35 CB             ld hl,(curOffset)
 621  C49E ED 5B 39 CB          ld de,(viewOffset)
 622  C4A2 B7                   or a
 623  C4A3 ED 52                sbc hl,de
 624  C4A5 38 13                jr c,.above
 625  C4A7              .scroll_down
 626  C4A7 2A 39 CB             ld hl,(viewOffset)
 627  C4AA 11 1A 00             ld de,HEX_BYTES_ROW
 628  C4AD 19                   add hl,de
 629  C4AE 22 39 CB             ld (viewOffset),hl
 630  C4B1 2A 35 CB             ld hl,(curOffset)
 631  C4B4 CD FC C4             call find_hex_attr_for_offset
 632  C4B7 D0                   ret nc
 633  C4B8 18 ED                jr .scroll_down
 634  C4BA              .above
 635  C4BA 2A 35 CB             ld hl,(curOffset)
 636  C4BD 22 39 CB             ld (viewOffset),hl
 637  C4C0 C9                   ret
 638  C4C1
 639  C4C1              advance_view_one_line
 640  C4C1 2A 39 CB             ld hl,(viewOffset)
 641  C4C4 22 43 CB             ld (lineStart),hl
 642  C4C7 CD 34 C6             call find_next_line_start
 643  C4CA D8                   ret c
 644  C4CB 22 39 CB             ld (viewOffset),hl
 645  C4CE B7                   or a
 646  C4CF C9                   ret
 647  C4D0
 648  C4D0              set_offset_normal_attr
 649  C4D0 CD 39 C5             call find_screen_attr_for_offset
 650  C4D3 D8                   ret c
 651  C4D4 36 10                ld (hl),16
 652  C4D6 C9                   ret
 653  C4D7
 654  C4D7              set_offset_cursor_attr
 655  C4D7 CD 39 C5             call find_screen_attr_for_offset
 656  C4DA D8                   ret c
 657  C4DB 36 40                ld (hl),64
 658  C4DD C9                   ret
 659  C4DE
 660  C4DE              set_hex_offset_normal_attr
 661  C4DE CD FC C4             call find_hex_attr_for_offset
 662  C4E1 D8                   ret c
 663  C4E2 36 10                ld (hl),16
 664  C4E4 23                   inc hl
 665  C4E5 23                   inc hl
 666  C4E6 36 10                ld (hl),16
 667  C4E8 23                   inc hl
 668  C4E9 23                   inc hl
 669  C4EA 36 10                ld (hl),16
 670  C4EC C9                   ret
 671  C4ED
 672  C4ED              set_hex_offset_cursor_attr
 673  C4ED CD FC C4             call find_hex_attr_for_offset
 674  C4F0 D8                   ret c
 675  C4F1 36 40                ld (hl),64
 676  C4F3 23                   inc hl
 677  C4F4 23                   inc hl
 678  C4F5 36 40                ld (hl),64
 679  C4F7 23                   inc hl
 680  C4F8 23                   inc hl
 681  C4F9 36 10                ld (hl),16
 682  C4FB C9                   ret
 683  C4FC
 684  C4FC              find_hex_attr_for_offset
 685  C4FC 22 41 CB             ld (targetOffset),hl
 686  C4FF 2A 39 CB             ld hl,(viewOffset)
 687  C502 22 3D CB             ld (scanOffset),hl
 688  C505 11 E2 41             ld de,TEXT_TOP
 689  C508 06 1B                ld b,TEXT_ROWS
 690  C50A              .row
 691  C50A C5                   push bc
 692  C50B 06 1A                ld b,HEX_BYTES_ROW
 693  C50D              .col
 694  C50D 2A 3D CB             ld hl,(scanOffset)
 695  C510 D5                   push de
 696  C511 ED 5B 41 CB          ld de,(targetOffset)
 697  C515 B7                   or a
 698  C516 ED 52                sbc hl,de
 699  C518 D1                   pop de
 700  C519 28 19                jr z,.found
 701  C51B 2A 3D CB             ld hl,(scanOffset)
 702  C51E 23                   inc hl
 703  C51F 22 3D CB             ld (scanOffset),hl
 704  C522 13                   inc de
 705  C523 13                   inc de
 706  C524 13                   inc de
 707  C525 13                   inc de
 708  C526 13                   inc de
 709  C527 13                   inc de
 710  C528 10 E3                djnz .col
 711  C52A 21 04 00             ld hl,160-HEX_BYTES_ROW*3*2
 712  C52D 19                   add hl,de
 713  C52E EB                   ex de,hl
 714  C52F C1                   pop bc
 715  C530 10 D8                djnz .row
 716  C532 37                   scf
 717  C533 C9                   ret
 718  C534              .found
 719  C534 C1                   pop bc
 720  C535 13                   inc de
 721  C536 EB                   ex de,hl
 722  C537 B7                   or a
 723  C538 C9                   ret
 724  C539
 725  C539              find_screen_attr_for_offset
 726  C539 22 41 CB             ld (targetOffset),hl
 727  C53C 2A 39 CB             ld hl,(viewOffset)
 728  C53F 22 3D CB             ld (scanOffset),hl
 729  C542 11 E2 41             ld de,TEXT_TOP
 730  C545 06 1B                ld b,TEXT_ROWS
 731  C547              .row
 732  C547 C5                   push bc
 733  C548 06 4E                ld b,TEXT_COLS
 734  C54A              .col
 735  C54A 2A 3D CB             ld hl,(scanOffset)
 736  C54D D5                   push de
 737  C54E ED 5B 41 CB          ld de,(targetOffset)
 738  C552 B7                   or a
 739  C553 ED 52                sbc hl,de
 740  C555 D1                   pop de
 741  C556 28 2D                jr z,.found
 742  C558 2A 3D CB             ld hl,(scanOffset)
 743  C55B CD CE C9             call offset_at_end
 744  C55E 30 2A                jr nc,.not_found_pop
 745  C560 CD B5 CA             call read_byte_at_offset
 746  C563 FE 0D                cp 13
 747  C565 28 11                jr z,.newline
 748  C567 FE 0A                cp 10
 749  C569 28 0D                jr z,.newline
 750  C56B 2A 3D CB             ld hl,(scanOffset)
 751  C56E 23                   inc hl
 752  C56F 22 3D CB             ld (scanOffset),hl
 753  C572 13                   inc de
 754  C573 13                   inc de
 755  C574 10 D4                djnz .col
 756  C576 18 15                jr .row_done
 757  C578              .newline
 758  C578 CD 97 C5             call advance_scan_newline
 759  C57B 78                   ld a,b
 760  C57C B7                   or a
 761  C57D 28 0E                jr z,.row_done
 762  C57F              .skip_rest
 763  C57F 13                   inc de
 764  C580 13                   inc de
 765  C581 10 FC                djnz .skip_rest
 766  C583 18 08                jr .row_done
 767  C585              .found
 768  C585 13                   inc de
 769  C586 EB                   ex de,hl
 770  C587 C1                   pop bc
 771  C588 B7                   or a
 772  C589 C9                   ret
 773  C58A              .not_found_pop
 774  C58A C1                   pop bc
 775  C58B 37                   scf
 776  C58C C9                   ret
 777  C58D              .row_done
 778  C58D 21 04 00             ld hl,160-TEXT_COLS*2
 779  C590 19                   add hl,de
 780  C591 EB                   ex de,hl
 781  C592 C1                   pop bc
 782  C593 10 B2                djnz .row
 783  C595 37                   scf
 784  C596 C9                   ret
 785  C597
 786  C597              advance_scan_newline
 787  C597 2A 3D CB             ld hl,(scanOffset)
 788  C59A CD B5 CA             call read_byte_at_offset
 789  C59D 32 56 CB             ld (newlineChar),a
 790  C5A0 2A 3D CB             ld hl,(scanOffset)
 791  C5A3 23                   inc hl
 792  C5A4 22 3D CB             ld (scanOffset),hl
 793  C5A7 3A 56 CB             ld a,(newlineChar)
 794  C5AA FE 0D                cp 13
 795  C5AC C0                   ret nz
 796  C5AD 2A 3D CB             ld hl,(scanOffset)
 797  C5B0 CD CE C9             call offset_at_end
 798  C5B3 D0                   ret nc
 799  C5B4 CD B5 CA             call read_byte_at_offset
 800  C5B7 FE 0A                cp 10
 801  C5B9 C0                   ret nz
 802  C5BA 2A 3D CB             ld hl,(scanOffset)
 803  C5BD 23                   inc hl
 804  C5BE 22 3D CB             ld (scanOffset),hl
 805  C5C1 C9                   ret
 806  C5C2
 807  C5C2              text_move_down
 808  C5C2 CD E4 C5             call get_current_column
 809  C5C5 CD F4 C5             call find_current_line_start
 810  C5C8 22 43 CB             ld (lineStart),hl
 811  C5CB CD 34 C6             call find_next_line_start
 812  C5CE D8                   ret c
 813  C5CF C3 BA C6             jp move_to_column_from_hl
 814  C5D2
 815  C5D2              text_move_up
 816  C5D2 CD E4 C5             call get_current_column
 817  C5D5 CD F4 C5             call find_current_line_start
 818  C5D8 7C                   ld a,h
 819  C5D9 B5                   or l
 820  C5DA C8                   ret z
 821  C5DB 22 43 CB             ld (lineStart),hl
 822  C5DE CD 68 C6             call find_previous_line_start
 823  C5E1 C3 BA C6             jp move_to_column_from_hl
 824  C5E4
 825  C5E4              get_current_column
 826  C5E4 CD F4 C5             call find_current_line_start
 827  C5E7 ED 5B 35 CB          ld de,(curOffset)
 828  C5EB B7                   or a
 829  C5EC EB                   ex de,hl
 830  C5ED ED 52                sbc hl,de
 831  C5EF 7D                   ld a,l
 832  C5F0 32 57 CB             ld (desiredCol),a
 833  C5F3 C9                   ret
 834  C5F4
 835  C5F4              find_current_line_start
 836  C5F4 21 00 00             ld hl,0
 837  C5F7 22 3D CB             ld (scanOffset),hl
 838  C5FA 22 43 CB             ld (lineStart),hl
 839  C5FD              .loop
 840  C5FD 2A 3D CB             ld hl,(scanOffset)
 841  C600 ED 5B 35 CB          ld de,(curOffset)
 842  C604 B7                   or a
 843  C605 ED 52                sbc hl,de
 844  C607 30 27                jr nc,.done
 845  C609 2A 3D CB             ld hl,(scanOffset)
 846  C60C CD CE C9             call offset_at_end
 847  C60F 30 1F                jr nc,.done
 848  C611 CD B5 CA             call read_byte_at_offset
 849  C614 FE 0D                cp 13
 850  C616 28 0D                jr z,.newline
 851  C618 FE 0A                cp 10
 852  C61A 28 09                jr z,.newline
 853  C61C 2A 3D CB             ld hl,(scanOffset)
 854  C61F 23                   inc hl
 855  C620 22 3D CB             ld (scanOffset),hl
 856  C623 18 D8                jr .loop
 857  C625              .newline
 858  C625 CD 97 C5             call advance_scan_newline
 859  C628 2A 3D CB             ld hl,(scanOffset)
 860  C62B 22 43 CB             ld (lineStart),hl
 861  C62E 18 CD                jr .loop
 862  C630              .done
 863  C630 2A 43 CB             ld hl,(lineStart)
 864  C633 C9                   ret
 865  C634
 866  C634              find_next_line_start
 867  C634 2A 43 CB             ld hl,(lineStart)
 868  C637 22 3D CB             ld (scanOffset),hl
 869  C63A              .loop
 870  C63A 2A 3D CB             ld hl,(scanOffset)
 871  C63D CD CE C9             call offset_at_end
 872  C640 30 24                jr nc,.fail
 873  C642 CD B5 CA             call read_byte_at_offset
 874  C645 FE 0D                cp 13
 875  C647 28 0D                jr z,.newline
 876  C649 FE 0A                cp 10
 877  C64B 28 09                jr z,.newline
 878  C64D 2A 3D CB             ld hl,(scanOffset)
 879  C650 23                   inc hl
 880  C651 22 3D CB             ld (scanOffset),hl
 881  C654 18 E4                jr .loop
 882  C656              .newline
 883  C656 CD 97 C5             call advance_scan_newline
 884  C659 2A 3D CB             ld hl,(scanOffset)
 885  C65C CD CE C9             call offset_at_end
 886  C65F 30 05                jr nc,.fail
 887  C661 2A 3D CB             ld hl,(scanOffset)
 888  C664 B7                   or a
 889  C665 C9                   ret
 890  C666              .fail
 891  C666 37                   scf
 892  C667 C9                   ret
 893  C668
 894  C668              find_previous_line_start
 895  C668 21 00 00             ld hl,0
 896  C66B 22 3D CB             ld (scanOffset),hl
 897  C66E 22 45 CB             ld (prevLineStart),hl
 898  C671              .loop
 899  C671 2A 3D CB             ld hl,(scanOffset)
 900  C674 ED 5B 43 CB          ld de,(lineStart)
 901  C678 B7                   or a
 902  C679 ED 52                sbc hl,de
 903  C67B 30 39                jr nc,.done
 904  C67D 2A 45 CB             ld hl,(prevLineStart)
 905  C680 22 41 CB             ld (targetOffset),hl
 906  C683 2A 3D CB             ld hl,(scanOffset)
 907  C686 22 45 CB             ld (prevLineStart),hl
 908  C689              .seek_eol
 909  C689 2A 3D CB             ld hl,(scanOffset)
 910  C68C ED 5B 43 CB          ld de,(lineStart)
 911  C690 B7                   or a
 912  C691 ED 52                sbc hl,de
 913  C693 30 21                jr nc,.done
 914  C695 2A 3D CB             ld hl,(scanOffset)
 915  C698 CD CE C9             call offset_at_end
 916  C69B 30 19                jr nc,.done
 917  C69D CD B5 CA             call read_byte_at_offset
 918  C6A0 FE 0D                cp 13
 919  C6A2 28 0D                jr z,.newline
 920  C6A4 FE 0A                cp 10
 921  C6A6 28 09                jr z,.newline
 922  C6A8 2A 3D CB             ld hl,(scanOffset)
 923  C6AB 23                   inc hl
 924  C6AC 22 3D CB             ld (scanOffset),hl
 925  C6AF 18 D8                jr .seek_eol
 926  C6B1              .newline
 927  C6B1 CD 97 C5             call advance_scan_newline
 928  C6B4 18 BB                jr .loop
 929  C6B6              .done
 930  C6B6 2A 41 CB             ld hl,(targetOffset)
 931  C6B9 C9                   ret
 932  C6BA
 933  C6BA              move_to_column_from_hl
 934  C6BA 22 3D CB             ld (scanOffset),hl
 935  C6BD 3A 57 CB             ld a,(desiredCol)
 936  C6C0 47                   ld b,a
 937  C6C1              .loop
 938  C6C1 78                   ld a,b
 939  C6C2 B7                   or a
 940  C6C3 28 1C                jr z,.store
 941  C6C5 2A 3D CB             ld hl,(scanOffset)
 942  C6C8 CD CE C9             call offset_at_end
 943  C6CB 30 14                jr nc,.store
 944  C6CD CD B5 CA             call read_byte_at_offset
 945  C6D0 FE 0D                cp 13
 946  C6D2 28 0D                jr z,.store
 947  C6D4 FE 0A                cp 10
 948  C6D6 28 09                jr z,.store
 949  C6D8 2A 3D CB             ld hl,(scanOffset)
 950  C6DB 23                   inc hl
 951  C6DC 22 3D CB             ld (scanOffset),hl
 952  C6DF 10 E0                djnz .loop
 953  C6E1              .store
 954  C6E1 2A 3D CB             ld hl,(scanOffset)
 955  C6E4 22 35 CB             ld (curOffset),hl
 956  C6E7 C9                   ret
 957  C6E8
 958  C6E8              render_hex
 959  C6E8 2A 39 CB             ld hl,(viewOffset)
 960  C6EB 22 3B CB             ld (renderOffset),hl
 961  C6EE 11 E2 41             ld de,TEXT_TOP
 962  C6F1 06 1B                ld b,TEXT_ROWS
 963  C6F3              .row
 964  C6F3 C5                   push bc
 965  C6F4 06 1A                ld b,HEX_BYTES_ROW
 966  C6F6              .bytes
 967  C6F6 2A 3B CB             ld hl,(renderOffset)
 968  C6F9 CD CE C9             call offset_at_end
 969  C6FC 30 0B                jr nc,.blank
 970  C6FE CD F6 C3             call set_cursor_attr
 971  C701 CD B5 CA             call read_byte_at_offset
 972  C704 CD 32 C7             call put_hex_byte
 973  C707 18 0D                jr .next
 974  C709              .blank
 975  C709 3E 10                ld a,16
 976  C70B 32 55 CB             ld (cellAttr),a
 977  C70E 3E 20                ld a,32
 978  C710 CD 4D C7             call put_pair
 979  C713 CD 4D C7             call put_pair
 980  C716              .next
 981  C716 3E 10                ld a,16
 982  C718 32 55 CB             ld (cellAttr),a
 983  C71B 3E 20                ld a,32
 984  C71D CD 45 C7             call put_cell
 985  C720 2A 3B CB             ld hl,(renderOffset)
 986  C723 23                   inc hl
 987  C724 22 3B CB             ld (renderOffset),hl
 988  C727 10 CD                djnz .bytes
 989  C729 21 04 00             ld hl,160-(HEX_BYTES_ROW*3*2)
 990  C72C 19                   add hl,de
 991  C72D EB                   ex de,hl
 992  C72E C1                   pop bc
 993  C72F 10 C2                djnz .row
 994  C731 C9                   ret
 995  C732
 996  C732              put_hex_byte
 997  C732 F5                   push af
 998  C733 0F                   rrca
 999  C734 0F                   rrca
1000  C735 0F                   rrca
1001  C736 0F                   rrca
1002  C737 CD 3B C7             call put_hex_nibble
1003  C73A F1                   pop af
1004  C73B              put_hex_nibble
1005  C73B E6 0F                and $0f
1006  C73D C6 30                add a,"0"
1007  C73F FE 3A                cp "9"+1
1008  C741 38 02                jr c,put_cell
1009  C743 C6 07                add a,7
1010  C745              put_cell
1011  C745 12                   ld (de),a
1012  C746 13                   inc de
1013  C747 3A 55 CB             ld a,(cellAttr)
1014  C74A 12                   ld (de),a
1015  C74B 13                   inc de
1016  C74C C9                   ret
1017  C74D
1018  C74D              put_pair
1019  C74D CD 45 C7             call put_cell
1020  C750 C9                   ret
1021  C751
1022  C751              render_status
1023  C751 CD FB C8             call clear_status
1024  C754 21 1F 01             ld hl,1*256+31
1025  C757 3E 20                ld a,32
1026  C759 11 B4 CB             ld de,statusText
1027  C75C CD 19 CB             call call_print
1028  C75F 3A 58 CB             ld a,(viewMode)
1029  C762 B7                   or a
1030  C763 11 BA CB             ld de,textModeText
1031  C766 28 03                jr z,.mode
1032  C768 11 BF CB             ld de,hexModeText
1033  C76B              .mode
1034  C76B 21 1F 07             ld hl,7*256+31
1035  C76E 3E 20                ld a,32
1036  C770 CD 19 CB             call call_print
1037  C773 21 1F 0D             ld hl,13*256+31
1038  C776 3E 20                ld a,32
1039  C778 11 C3 CB             ld de,helpText
1040  C77B CD 19 CB             call call_print
1041  C77E C9                   ret
1042  C77F
1043  C77F              line_input
1044  C77F C5                   push bc
1045  C780 D5                   push de
1046  C781 CD FB C8             call clear_status
1047  C784 22 47 CB             ld (lineLabelPtr),hl
1048  C787 21 1F 01             ld hl,1*256+31
1049  C78A 3E 20                ld a,32
1050  C78C ED 5B 47 CB          ld de,(lineLabelPtr)
1051  C790 CD 19 CB             call call_print
1052  C793 D1                   pop de
1053  C794 C1                   pop bc
1054  C795 ED 53 49 CB          ld (inputPtr),de
1055  C799 78                   ld a,b
1056  C79A 32 4D CB             ld (inputMax),a
1057  C79D CD 51 C8             call measure_input_value
1058  C7A0 CD 26 C8             call render_input_value
1059  C7A3              .wait
1060  C7A3 CD 1D CB             call call_input
1061  C7A6 B7                   or a
1062  C7A7 28 FA                jr z,.wait
1063  C7A9 FE 01                cp 1
1064  C7AB 28 73                jr z,.done
1065  C7AD FE 0D                cp 13
1066  C7AF 28 6F                jr z,.done
1067  C7B1 FE 08                cp 8
1068  C7B3 28 22                jr z,.left
1069  C7B5 FE 09                cp 9
1070  C7B7 28 30                jr z,.right
1071  C7B9 FE 0C                cp 12
1072  C7BB 28 43                jr z,.back
1073  C7BD FE C7                cp 199
1074  C7BF 28 54                jr z,.delete
1075  C7C1 FE 20                cp 32
1076  C7C3 38 DE                jr c,.wait
1077  C7C5 FE 80                cp 128
1078  C7C7 30 DA                jr nc,.wait
1079  C7C9 32 4E CB             ld (inputChar),a
1080  C7CC CD 75 C8             call input_insert_char
1081  C7CF CD 26 C8             call render_input_value
1082  C7D2 CD E0 C9             call wait_key_release
1083  C7D5 18 CC                jr .wait
1084  C7D7              .left
1085  C7D7 3A 4C CB             ld a,(inputCursor)
1086  C7DA B7                   or a
1087  C7DB 28 C6                jr z,.wait
1088  C7DD 3D                   dec a
1089  C7DE 32 4C CB             ld (inputCursor),a
1090  C7E1 CD 26 C8             call render_input_value
1091  C7E4 CD E0 C9             call wait_key_release
1092  C7E7 18 BA                jr .wait
1093  C7E9              .right
1094  C7E9 3A 4C CB             ld a,(inputCursor)
1095  C7EC 47                   ld b,a
1096  C7ED 3A 4B CB             ld a,(inputLen)
1097  C7F0 B8                   cp b
1098  C7F1 28 B0                jr z,.wait
1099  C7F3 78                   ld a,b
1100  C7F4 3C                   inc a
1101  C7F5 32 4C CB             ld (inputCursor),a
1102  C7F8 CD 26 C8             call render_input_value
1103  C7FB CD E0 C9             call wait_key_release
1104  C7FE 18 A3                jr .wait
1105  C800              .back
1106  C800 3A 4C CB             ld a,(inputCursor)
1107  C803 B7                   or a
1108  C804 28 9D                jr z,.wait
1109  C806 3D                   dec a
1110  C807 32 4C CB             ld (inputCursor),a
1111  C80A CD C1 C8             call input_delete_at_cursor
1112  C80D CD 26 C8             call render_input_value
1113  C810 CD E0 C9             call wait_key_release
1114  C813 18 8E                jr .wait
1115  C815              .delete
1116  C815 CD C1 C8             call input_delete_at_cursor
1117  C818 CD 26 C8             call render_input_value
1118  C81B CD E0 C9             call wait_key_release
1119  C81E 18 83                jr .wait
1120  C820              .done
1121  C820 F5                   push af
1122  C821 CD E0 C9             call wait_key_release
1123  C824 F1                   pop af
1124  C825 C9                   ret
1125  C826
1126  C826              render_input_value
1127  C826 11 7A 53             ld de,SCREEN_BASE+160*31+13*2
1128  C829 06 41                ld b,65
1129  C82B              .clear
1130  C82B 3E 20                ld a,32
1131  C82D 12                   ld (de),a
1132  C82E 13                   inc de
1133  C82F 12                   ld (de),a
1134  C830 13                   inc de
1135  C831 10 F8                djnz .clear
1136  C833 21 1F 0D             ld hl,13*256+31
1137  C836 3E 20                ld a,32
1138  C838 ED 5B 49 CB          ld de,(inputPtr)
1139  C83C CD 19 CB             call call_print
1140  C83F CD 43 C8             call draw_input_cursor
1141  C842 C9                   ret
1142  C843
1143  C843              draw_input_cursor
1144  C843 3A 4C CB             ld a,(inputCursor)
1145  C846 87                   add a,a
1146  C847 4F                   ld c,a
1147  C848 06 00                ld b,0
1148  C84A 21 7B 53             ld hl,SCREEN_BASE+160*31+13*2+1
1149  C84D 09                   add hl,bc
1150  C84E 36 40                ld (hl),64
1151  C850 C9                   ret
1152  C851
1153  C851              measure_input_value
1154  C851 ED 5B 49 CB          ld de,(inputPtr)
1155  C855 21 00 00             ld hl,0
1156  C858 19                   add hl,de
1157  C859 0E 00                ld c,0
1158  C85B              .loop
1159  C85B 7E                   ld a,(hl)
1160  C85C B7                   or a
1161  C85D 28 0E                jr z,.done
1162  C85F 79                   ld a,c
1163  C860 47                   ld b,a
1164  C861 3A 4D CB             ld a,(inputMax)
1165  C864 B8                   cp b
1166  C865 28 04                jr z,.truncate
1167  C867 0C                   inc c
1168  C868 23                   inc hl
1169  C869 18 F0                jr .loop
1170  C86B              .truncate
1171  C86B AF                   xor a
1172  C86C 77                   ld (hl),a
1173  C86D              .done
1174  C86D 79                   ld a,c
1175  C86E 32 4B CB             ld (inputLen),a
1176  C871 32 4C CB             ld (inputCursor),a
1177  C874 C9                   ret
1178  C875
1179  C875              input_insert_char
1180  C875 3A 4B CB             ld a,(inputLen)
1181  C878 47                   ld b,a
1182  C879 3A 4D CB             ld a,(inputMax)
1183  C87C B8                   cp b
1184  C87D C8                   ret z
1185  C87E D8                   ret c
1186  C87F 3A 4B CB             ld a,(inputLen)
1187  C882 47                   ld b,a
1188  C883 3A 4C CB             ld a,(inputCursor)
1189  C886 58                   ld e,b
1190  C887 93                   sub e
1191  C888 ED 44                neg
1192  C88A 47                   ld b,a
1193  C88B 3A 4B CB             ld a,(inputLen)
1194  C88E 5F                   ld e,a
1195  C88F 16 00                ld d,0
1196  C891 2A 49 CB             ld hl,(inputPtr)
1197  C894 19                   add hl,de
1198  C895 78                   ld a,b
1199  C896 B7                   or a
1200  C897 28 07                jr z,.store
1201  C899              .shift
1202  C899 2B                   dec hl
1203  C89A 7E                   ld a,(hl)
1204  C89B 23                   inc hl
1205  C89C 77                   ld (hl),a
1206  C89D 2B                   dec hl
1207  C89E 10 F9                djnz .shift
1208  C8A0              .store
1209  C8A0 3A 4C CB             ld a,(inputCursor)
1210  C8A3 5F                   ld e,a
1211  C8A4 16 00                ld d,0
1212  C8A6 2A 49 CB             ld hl,(inputPtr)
1213  C8A9 19                   add hl,de
1214  C8AA 3A 4E CB             ld a,(inputChar)
1215  C8AD 77                   ld (hl),a
1216  C8AE 21 4B CB             ld hl,inputLen
1217  C8B1 34                   inc (hl)
1218  C8B2 7E                   ld a,(hl)
1219  C8B3 5F                   ld e,a
1220  C8B4 16 00                ld d,0
1221  C8B6 2A 49 CB             ld hl,(inputPtr)
1222  C8B9 19                   add hl,de
1223  C8BA 36 00                ld (hl),0
1224  C8BC 21 4C CB             ld hl,inputCursor
1225  C8BF 34                   inc (hl)
1226  C8C0 C9                   ret
1227  C8C1
1228  C8C1              input_delete_at_cursor
1229  C8C1 3A 4C CB             ld a,(inputCursor)
1230  C8C4 47                   ld b,a
1231  C8C5 3A 4B CB             ld a,(inputLen)
1232  C8C8 B8                   cp b
1233  C8C9 C8                   ret z
1234  C8CA D8                   ret c
1235  C8CB 58                   ld e,b
1236  C8CC 16 00                ld d,0
1237  C8CE 2A 49 CB             ld hl,(inputPtr)
1238  C8D1 19                   add hl,de
1239  C8D2 EB                   ex de,hl
1240  C8D3 23                   inc hl
1241  C8D4              .shift
1242  C8D4 7E                   ld a,(hl)
1243  C8D5 12                   ld (de),a
1244  C8D6 23                   inc hl
1245  C8D7 13                   inc de
1246  C8D8 B7                   or a
1247  C8D9 20 F9                jr nz,.shift
1248  C8DB 21 4B CB             ld hl,inputLen
1249  C8DE 35                   dec (hl)
1250  C8DF C9                   ret
1251  C8E0
1252  C8E0              clear_text_area
1253  C8E0 11 E2 41             ld de,TEXT_TOP
1254  C8E3 06 1B                ld b,TEXT_ROWS
1255  C8E5              .row
1256  C8E5 C5                   push bc
1257  C8E6 06 4E                ld b,TEXT_COLS
1258  C8E8              .col
1259  C8E8 3E 20                ld a,32
1260  C8EA 12                   ld (de),a
1261  C8EB 13                   inc de
1262  C8EC 3E 10                ld a,16
1263  C8EE 12                   ld (de),a
1264  C8EF 13                   inc de
1265  C8F0 10 F6                djnz .col
1266  C8F2 21 04 00             ld hl,160-TEXT_COLS*2
1267  C8F5 19                   add hl,de
1268  C8F6 EB                   ex de,hl
1269  C8F7 C1                   pop bc
1270  C8F8 10 EB                djnz .row
1271  C8FA C9                   ret
1272  C8FB
1273  C8FB              clear_status
1274  C8FB 11 62 53             ld de,STATUS_POS
1275  C8FE 06 4E                ld b,78
1276  C900              .loop
1277  C900 3E 20                ld a,32
1278  C902 12                   ld (de),a
1279  C903 13                   inc de
1280  C904 12                   ld (de),a
1281  C905 13                   inc de
1282  C906 10 F8                djnz .loop
1283  C908 C9                   ret
1284  C909
1285  C909              status_saved
1286  C909 CD FB C8             call clear_status
1287  C90C 21 1F 01             ld hl,1*256+31
1288  C90F 3E 20                ld a,32
1289  C911 11 F9 CB             ld de,savedText
1290  C914 C3 19 CB             jp call_print
1291  C917
1292  C917              saved_status_pause
1293  C917 06 32                ld b,50
1294  C919              .wait
1295  C919 76                   halt
1296  C91A 10 FD                djnz .wait
1297  C91C C9                   ret
1298  C91D
1299  C91D              status_saving
1300  C91D CD FB C8             call clear_status
1301  C920 21 1F 01             ld hl,1*256+31
1302  C923 3E 20                ld a,32
1303  C925 11 FF CB             ld de,savingText
1304  C928 C3 19 CB             jp call_print
1305  C92B
1306  C92B              status_dirty
1307  C92B CD FB C8             call clear_status
1308  C92E 21 1F 01             ld hl,1*256+31
1309  C931 3E 40                ld a,64
1310  C933 11 13 CC             ld de,dirtyText
1311  C936 C3 19 CB             jp call_print
1312  C939
1313  C939              status_not_found
1314  C939 CD FB C8             call clear_status
1315  C93C 21 1F 01             ld hl,1*256+31
1316  C93F 3E 40                ld a,64
1317  C941 11 09 CC             ld de,notFoundText
1318  C944 C3 19 CB             jp call_print
1319  C947
1320  C947              init_context
1321  C947 DD 2A 2D CB          ld ix,(ctxPtr)
1322  C94B DD 6E 0E             ld l,(ix+VIEWCTX_DATA_PAGES)
1323  C94E DD 66 0F             ld h,(ix+VIEWCTX_DATA_PAGES+1)
1324  C951 22 31 CB             ld (dataPagesPtr),hl
1325  C954 DD 6E 04             ld l,(ix+VIEWCTX_SIZE_LO)
1326  C957 DD 66 05             ld h,(ix+VIEWCTX_SIZE_LO+1)
1327  C95A DD 7E 06             ld a,(ix+VIEWCTX_SIZE_HI)
1328  C95D DD B6 07             or (ix+VIEWCTX_SIZE_HI+1)
1329  C960 28 03                jr z,.size_ok
1330  C962 21 FF FF             ld hl,$ffff
1331  C965              .size_ok
1332  C965 22 33 CB             ld (loadedSize),hl
1333  C968 21 00 00             ld hl,0
1334  C96B 22 35 CB             ld (curOffset),hl
1335  C96E 22 39 CB             ld (viewOffset),hl
1336  C971 AF                   xor a
1337  C972 32 59 CB             ld (dirty),a
1338  C975 3E FF                ld a,$ff
1339  C977 32 5B CB             ld (hexPending),a
1340  C97A CD 7E C9             call detect_binary
1341  C97D C9                   ret
1342  C97E
1343  C97E              detect_binary
1344  C97E AF                   xor a
1345  C97F 32 58 CB             ld (viewMode),a
1346  C982 21 00 00             ld hl,0
1347  C985 22 3D CB             ld (scanOffset),hl
1348  C988              .loop
1349  C988 2A 3D CB             ld hl,(scanOffset)
1350  C98B CD CE C9             call offset_at_end
1351  C98E D0                   ret nc
1352  C98F CD B5 CA             call read_byte_at_offset
1353  C992 FE 09                cp 9
1354  C994 28 0C                jr z,.next
1355  C996 FE 0A                cp 10
1356  C998 28 08                jr z,.next
1357  C99A FE 0D                cp 13
1358  C99C 28 04                jr z,.next
1359  C99E FE 20                cp 32
1360  C9A0 38 09                jr c,.binary
1361  C9A2              .next
1362  C9A2 2A 3D CB             ld hl,(scanOffset)
1363  C9A5 23                   inc hl
1364  C9A6 22 3D CB             ld (scanOffset),hl
1365  C9A9 18 DD                jr .loop
1366  C9AB              .binary
1367  C9AB 3E 01                ld a,1
1368  C9AD 32 58 CB             ld (viewMode),a
1369  C9B0 C9                   ret
1370  C9B1
1371  C9B1              inc_cursor
1372  C9B1 2A 35 CB             ld hl,(curOffset)
1373  C9B4 23                   inc hl
1374  C9B5 CD BC C9             call clamp_to_last
1375  C9B8 22 35 CB             ld (curOffset),hl
1376  C9BB C9                   ret
1377  C9BC
1378  C9BC              clamp_to_last
1379  C9BC E5                   push hl
1380  C9BD ED 5B 33 CB          ld de,(loadedSize)
1381  C9C1 B7                   or a
1382  C9C2 ED 52                sbc hl,de
1383  C9C4 E1                   pop hl
1384  C9C5 D8                   ret c
1385  C9C6 2A 33 CB             ld hl,(loadedSize)
1386  C9C9 7C                   ld a,h
1387  C9CA B5                   or l
1388  C9CB C8                   ret z
1389  C9CC 2B                   dec hl
1390  C9CD C9                   ret
1391  C9CE
1392  C9CE              offset_at_end
1393  C9CE D5                   push de
1394  C9CF E5                   push hl
1395  C9D0 ED 5B 33 CB          ld de,(loadedSize)
1396  C9D4 B7                   or a
1397  C9D5 ED 52                sbc hl,de
1398  C9D7 E1                   pop hl
1399  C9D8 D1                   pop de
1400  C9D9 C9                   ret
1401  C9DA
1402  C9DA              mark_dirty
1403  C9DA 3E 01                ld a,1
1404  C9DC 32 59 CB             ld (dirty),a
1405  C9DF C9                   ret
1406  C9E0
1407  C9E0              wait_key_release
1408  C9E0 CD 1D CB             call call_input
1409  C9E3 B7                   or a
1410  C9E4 20 FA                jr nz,wait_key_release
1411  C9E6 C9                   ret
1412  C9E7
1413  C9E7              arrow_repeat_delay
1414  C9E7 06 0F                ld b,15
1415  C9E9              .wait
1416  C9E9 76                   halt
1417  C9EA 10 FD                djnz .wait
1418  C9EC C9                   ret
1419  C9ED
1420  C9ED              key_repeat_delay
1421  C9ED 06 07                ld b,7
1422  C9EF              .wait
1423  C9EF 76                   halt
1424  C9F0 10 FD                djnz .wait
1425  C9F2 C9                   ret
1426  C9F3
1427  C9F3              cursor_changed
1428  C9F3 2A 35 CB             ld hl,(curOffset)
1429  C9F6 ED 5B 37 CB          ld de,(oldOffset)
1430  C9FA B7                   or a
1431  C9FB ED 52                sbc hl,de
1432  C9FD C9                   ret
1433  C9FE
1434  C9FE              key_beep
1435  C9FE F5                   push af
1436  C9FF CD 29 CB             call call_beep
1437  CA02 F1                   pop af
1438  CA03 C9                   ret
1439  CA04
1440  CA04              insert_current_byte
1441  CA04 32 4F CB             ld (insertChar),a
1442  CA07 2A 33 CB             ld hl,(loadedSize)
1443  CA0A 7C                   ld a,h
1444  CA0B FE FF                cp $ff
1445  CA0D 20 06                jr nz,.space_ok
1446  CA0F 7D                   ld a,l
1447  CA10 FE FF                cp $ff
1448  CA12 CA AF CA             jp z,write_current_from_insert
1449  CA15              .space_ok
1450  CA15 2A 33 CB             ld hl,(loadedSize)
1451  CA18 7C                   ld a,h
1452  CA19 B5                   or l
1453  CA1A 28 39                jr z,.write_insert
1454  CA1C 22 53 CB             ld (shiftDst),hl
1455  CA1F 2B                   dec hl
1456  CA20 22 51 CB             ld (shiftSrc),hl
1457  CA23              .shift_loop
1458  CA23 2A 51 CB             ld hl,(shiftSrc)
1459  CA26 ED 5B 35 CB          ld de,(curOffset)
1460  CA2A B7                   or a
1461  CA2B ED 52                sbc hl,de
1462  CA2D 38 26                jr c,.write_insert
1463  CA2F 2A 51 CB             ld hl,(shiftSrc)
1464  CA32 CD B5 CA             call read_byte_at_offset
1465  CA35 32 50 CB             ld (shiftChar),a
1466  CA38 2A 53 CB             ld hl,(shiftDst)
1467  CA3B 3A 50 CB             ld a,(shiftChar)
1468  CA3E CD BA CA             call write_byte_at_offset
1469  CA41 2A 51 CB             ld hl,(shiftSrc)
1470  CA44 7C                   ld a,h
1471  CA45 B5                   or l
1472  CA46 28 0D                jr z,.write_insert
1473  CA48 2B                   dec hl
1474  CA49 22 51 CB             ld (shiftSrc),hl
1475  CA4C 2A 53 CB             ld hl,(shiftDst)
1476  CA4F 2B                   dec hl
1477  CA50 22 53 CB             ld (shiftDst),hl
1478  CA53 18 CE                jr .shift_loop
1479  CA55              .write_insert
1480  CA55 2A 35 CB             ld hl,(curOffset)
1481  CA58 3A 4F CB             ld a,(insertChar)
1482  CA5B CD BA CA             call write_byte_at_offset
1483  CA5E 2A 33 CB             ld hl,(loadedSize)
1484  CA61 23                   inc hl
1485  CA62 22 33 CB             ld (loadedSize),hl
1486  CA65 C9                   ret
1487  CA66
1488  CA66              delete_current_byte
1489  CA66 2A 35 CB             ld hl,(curOffset)
1490  CA69 22 53 CB             ld (shiftDst),hl
1491  CA6C 23                   inc hl
1492  CA6D 22 51 CB             ld (shiftSrc),hl
1493  CA70              .shift_loop
1494  CA70 2A 51 CB             ld hl,(shiftSrc)
1495  CA73 ED 5B 33 CB          ld de,(loadedSize)
1496  CA77 B7                   or a
1497  CA78 ED 52                sbc hl,de
1498  CA7A 30 22                jr nc,.done
1499  CA7C 2A 51 CB             ld hl,(shiftSrc)
1500  CA7F CD B5 CA             call read_byte_at_offset
1501  CA82 32 50 CB             ld (shiftChar),a
1502  CA85 2A 53 CB             ld hl,(shiftDst)
1503  CA88 3A 50 CB             ld a,(shiftChar)
1504  CA8B CD BA CA             call write_byte_at_offset
1505  CA8E 2A 51 CB             ld hl,(shiftSrc)
1506  CA91 23                   inc hl
1507  CA92 22 51 CB             ld (shiftSrc),hl
1508  CA95 2A 53 CB             ld hl,(shiftDst)
1509  CA98 23                   inc hl
1510  CA99 22 53 CB             ld (shiftDst),hl
1511  CA9C 18 D2                jr .shift_loop
1512  CA9E              .done
1513  CA9E 2A 33 CB             ld hl,(loadedSize)
1514  CAA1 2B                   dec hl
1515  CAA2 22 33 CB             ld (loadedSize),hl
1516  CAA5 2A 35 CB             ld hl,(curOffset)
1517  CAA8 CD BC C9             call clamp_to_last
1518  CAAB 22 35 CB             ld (curOffset),hl
1519  CAAE C9                   ret
1520  CAAF
1521  CAAF              write_current_from_insert
1522  CAAF 3A 4F CB             ld a,(insertChar)
1523  CAB2 C3 C1 CA             jp write_current_byte
1524  CAB5
1525  CAB5              read_byte_at_offset
1526  CAB5 CD CB CA             call map_offset
1527  CAB8 7E                   ld a,(hl)
1528  CAB9 C9                   ret
1529  CABA
1530  CABA              write_byte_at_offset
1531  CABA F5                   push af
1532  CABB CD CB CA             call map_offset
1533  CABE F1                   pop af
1534  CABF 77                   ld (hl),a
1535  CAC0 C9                   ret
1536  CAC1
1537  CAC1              write_current_byte
1538  CAC1 F5                   push af
1539  CAC2 2A 35 CB             ld hl,(curOffset)
1540  CAC5 CD CB CA             call map_offset
1541  CAC8 F1                   pop af
1542  CAC9 77                   ld (hl),a
1543  CACA C9                   ret
1544  CACB
1545  CACB              map_offset
1546  CACB D5                   push de
1547  CACC 7C                   ld a,h
1548  CACD E6 E0                and $E0
1549  CACF 07                   rlca
1550  CAD0 07                   rlca
1551  CAD1 07                   rlca
1552  CAD2 5F                   ld e,a
1553  CAD3 16 00                ld d,0
1554  CAD5 E5                   push hl
1555  CAD6 2A 31 CB             ld hl,(dataPagesPtr)
1556  CAD9 19                   add hl,de
1557  CADA 7E                   ld a,(hl)
1558  CADB ED 92 57             nextreg $57,a
1559  CADE E1                   pop hl
1560  CADF 7C                   ld a,h
1561  CAE0 E6 1F                and $1f
1562  CAE2 F6 E0                or $e0
1563  CAE4 67                   ld h,a
1564  CAE5 D1                   pop de
1565  CAE6 C9                   ret
1566  CAE7
1567  CAE7              patch_services
1568  CAE7 DD 2A 2F CB          ld ix,(svcPtr)
1569  CAEB DD 6E 00             ld l,(ix+SERVICE_PRINT)
1570  CAEE DD 66 01             ld h,(ix+SERVICE_PRINT+1)
1571  CAF1 22 1A CB             ld (call_print+1),hl
1572  CAF4 DD 6E 08             ld l,(ix+SERVICE_INPUT_NOWAIT)
1573  CAF7 DD 66 09             ld h,(ix+SERVICE_INPUT_NOWAIT+1)
1574  CAFA 22 1E CB             ld (call_input+1),hl
1575  CAFD DD 6E 04             ld l,(ix+SERVICE_WINDOW)
1576  CB00 DD 66 05             ld h,(ix+SERVICE_WINDOW+1)
1577  CB03 22 22 CB             ld (call_window+1),hl
1578  CB06 DD 6E 0A             ld l,(ix+SERVICE_EXTRACT)
1579  CB09 DD 66 0B             ld h,(ix+SERVICE_EXTRACT+1)
1580  CB0C 22 26 CB             ld (call_extract+1),hl
1581  CB0F DD 6E 0C             ld l,(ix+SERVICE_BEEP)
1582  CB12 DD 66 0D             ld h,(ix+SERVICE_BEEP+1)
1583  CB15 22 2A CB             ld (call_beep+1),hl
1584  CB18 C9                   ret
1585  CB19
1586  CB19              call_print
1587  CB19 CD 00 00             call 0
1588  CB1C C9                   ret
1589  CB1D              call_input
1590  CB1D CD 00 00             call 0
1591  CB20 C9                   ret
1592  CB21              call_window
1593  CB21 CD 00 00             call 0
1594  CB24 C9                   ret
1595  CB25              call_extract
1596  CB25 CD 00 00             call 0
1597  CB28 C9                   ret
1598  CB29              call_beep
1599  CB29 CD 00 00             call 0
1600  CB2C C9                   ret
1601  CB2D
1602  CB2D 00 00        ctxPtr       defw 0
1603  CB2F 00 00        svcPtr       defw 0
1604  CB31 00 00        dataPagesPtr defw 0
1605  CB33 00 00        loadedSize   defw 0
1606  CB35 00 00        curOffset    defw 0
1607  CB37 00 00        oldOffset    defw 0
1608  CB39 00 00        viewOffset   defw 0
1609  CB3B 00 00        renderOffset defw 0
1610  CB3D 00 00        scanOffset   defw 0
1611  CB3F 00 00        matchOffset  defw 0
1612  CB41 00 00        targetOffset defw 0
1613  CB43 00 00        lineStart    defw 0
1614  CB45 00 00        prevLineStart defw 0
1615  CB47 00 00        lineLabelPtr defw 0
1616  CB49 00 00        inputPtr     defw 0
1617  CB4B 00           inputLen     defb 0
1618  CB4C 00           inputCursor  defb 0
1619  CB4D 00           inputMax     defb 0
1620  CB4E 00           inputChar    defb 0
1621  CB4F 00           insertChar   defb 0
1622  CB50 00           shiftChar    defb 0
1623  CB51 00 00        shiftSrc     defw 0
1624  CB53 00 00        shiftDst     defw 0
1625  CB55 10           cellAttr     defb 16
1626  CB56 00           newlineChar  defb 0
1627  CB57 00           desiredCol   defb 0
1628  CB58 00           viewMode     defb 0
1629  CB59 00           dirty        defb 0
1630  CB5A 00           saveOk       defb 0
1631  CB5B FF           hexPending   defb $ff
1632  CB5C 00 00 00...  searchBuf    defs SEARCH_MAX+1
1633  CB7D 00 00 00...  saveName     defs NAME_MAX+1
1634  CBAE
1635  CBAE 45 44 49 54  title        defb "EDIT:",0
1635  CBB2 3A 00
1636  CBB4 4D 6F 64 65  statusText   defb "Mode:",0
1636  CBB8 3A 00
1637  CBBA 54 45 58 54  textModeText defb "TEXT",0
1637  CBBE 00
1638  CBBF 48 45 58 00  hexModeText  defb "HEX",0
1639  CBC3 45 58 54 2B  helpText     defb "EXT+S save EXT+E as EXT+F find EXT+H/T",0
1639  CBC7 53 20 73 61
1639  CBCB 76 65 20 45
1639  CBCF 58 54 2B 45
1639  CBD3 20 61 73 20
1639  CBD7 45 58 54 2B
1639  CBDB 46 20 66 69
1639  CBDF 6E 64 20 45
1639  CBE3 58 54 2B 48
1639  CBE7 2F 54 00
1640  CBEA 46 69 6E 64  findText     defb "Find:",0
1640  CBEE 3A 00
1641  CBF0 53 61 76 65  saveAsText   defb "Save as:",0
1641  CBF4 20 61 73 3A
1641  CBF8 00
1642  CBF9 53 61 76 65  savedText    defb "Saved",0
1642  CBFD 64 00
1643  CBFF 53 61 76 69  savingText   defb "Saving...",0
1643  CC03 6E 67 2E 2E
1643  CC07 2E 00
1644  CC09 4E 6F 74 20  notFoundText defb "Not found",0
1644  CC0D 66 6F 75 6E
1644  CC11 64 00
1645  CC13 43 68 61 6E  dirtyText    defb "Changed: S overwrite, E save as, I ignore",0
1645  CC17 67 65 64 3A
1645  CC1B 20 53 20 6F
1645  CC1F 76 65 72 77
1645  CC23 72 69 74 65
1645  CC27 2C 20 45 20
1645  CC2B 73 61 76 65
1645  CC2F 20 61 73 2C
1645  CC33 20 49 20 69
1645  CC37 67 6E 6F 72
1645  CC3B 65 00
1646  CC3D
1647  CC3D              plugin_end
1648  CC3D                      assert plugin_end - plugin_start <= VIEW_PLUGIN_SIZE
1649  CC3D                      SAVEBIN "plugin/edit.ccp", VIEW_PLUGIN_ADDRESS, VIEW_PLUGIN_SIZE
1650  CC3D
# file closed: plugin\edit.asm
