# file opened: plugin\edit.asm
   1  0000                      DEVICE ZXSPECTRUMNEXT
   2  0000                      org VIEW_PLUGIN_ADDRESS
   3  C000
   4  C000                      include "plugin_api.i.asm"
# file opened: plugin\plugin_api.i.asm
   1+ C000              VIEW_PLUGIN_ADDRESS  equ 49152
   2+ C000              VIEW_DATA_ADDRESS    equ 57344
   3+ C000              VIEW_PLUGIN_SIZE     equ 4096
   4+ C000
   5+ C000              VIEWCTX_ABI          equ 0
   6+ C000              VIEWCTX_TYPE         equ 1
   7+ C000              VIEWCTX_FILENAME     equ 2
   8+ C000              VIEWCTX_SIZE_LO      equ 4
   9+ C000              VIEWCTX_SIZE_HI      equ 6
  10+ C000              VIEWCTX_DATA_PAGE    equ 8
  11+ C000              VIEWCTX_DATA_ADDR    equ 9
  12+ C000              VIEWCTX_READ_LEN     equ 11
  13+ C000              VIEWCTX_PAGE_COUNT   equ 13
  14+ C000              VIEWCTX_DATA_PAGES   equ 14
  15+ C000              VIEWCTX_SERVICES     equ 16
  16+ C000              VIEWCTX_CURPATH      equ 18   ; pointer to active panel path string
  17+ C000              VIEWCTX_EXTRACT_FLAG equ 20
  18+ C000              VIEWCTX_EXTRACT_OFF  equ 21
  19+ C000              VIEWCTX_EXTRACT_CNT  equ 23
  20+ C000              VIEWCTX_EXTRACT_NAME equ 25   ; 16 bytes, 0/255 terminated
  21+ C000              VIEWCTX_DIRTY        equ 40
  22+ C000              VIEWCTX_P3DOS_TYPE   equ 41    ; 1 byte: $FF=no header, else TAP type (0=BASIC,1=NumArr,2=StrArr,3=Code)
  23+ C000              VIEWCTX_P3DOS_P1     equ 42    ; 2 bytes: TAP param1 (LINE for BASIC, load address for CODE)
  24+ C000              VIEWCTX_P3DOS_P2     equ 44    ; 2 bytes: TAP param2
  25+ C000
  26+ C000              SERVICE_PRINT        equ 0
  27+ C000              SERVICE_INKEY        equ 2
  28+ C000              SERVICE_WINDOW       equ 4
  29+ C000              SERVICE_LAYER0       equ 6
  30+ C000              SERVICE_INPUT_NOWAIT equ 8
  31+ C000              SERVICE_EXTRACT      equ 10   ; host extract helper (HL=name, DE=offset, BC=count)
  32+ C000              SERVICE_BEEP         equ 12
  33+ C000
# file closed: plugin\plugin_api.i.asm
   5  C000
   6  C000              SCREEN_BASE     equ $4000
   7  C000              TEXT_TOP        equ SCREEN_BASE+160*3+2
   8  C000              TEXT_ROWS       equ 27
   9  C000              TEXT_COLS       equ 78
  10  C000              HEX_BYTES_ROW   equ 26
  11  C000              STATUS_POS      equ SCREEN_BASE+160*31+2
  12  C000              SEARCH_MAX      equ 32
  13  C000              NAME_MAX        equ 48
  14  C000
  15  C000              plugin_start
  16  C000 22 39 CB             ld (ctxPtr),hl
  17  C003 ED 53 3B CB          ld (svcPtr),de
  18  C007 CD F3 CA             call patch_services
  19  C00A CD 53 C9             call init_context
  20  C00D
  21  C00D 21 00 00             ld hl,0 * 256 + 0
  22  C010 01 1E 4E             ld bc,78 * 256 + 30
  23  C013 3E 10                ld a,16
  24  C015 CD 2D CB             call call_window
  25  C018 21 01 02             ld hl,2*256+1
  26  C01B 3E 10                ld a,16
  27  C01D 11 BA CB             ld de,title
  28  C020 CD 25 CB             call call_print
  29  C023 DD 2A 39 CB          ld ix,(ctxPtr)
  30  C027 DD 5E 02             ld e,(ix+VIEWCTX_FILENAME)
  31  C02A DD 56 03             ld d,(ix+VIEWCTX_FILENAME+1)
  32  C02D 21 01 0F             ld hl,15*256+1
  33  C030 3E 10                ld a,16
  34  C032 CD 25 CB             call call_print
  35  C035
  36  C035 CD 82 C3             call render
  37  C038              .input
  38  C038 CD 29 CB             call call_input
  39  C03B B7                   or a
  40  C03C 28 FA                jr z,.input
  41  C03E FE 01                cp 1
  42  C040 CA C8 C1             jp z,try_exit
  43  C043 FE 0F                cp 15
  44  C045 CA C8 C1             jp z,try_exit
  45  C048 FE 0A                cp 10
  46  C04A CA 3E C1             jp z,move_down
  47  C04D FE 0B                cp 11
  48  C04F CA 81 C1             jp z,move_up
  49  C052 FE 09                cp 9
  50  C054 CA D0 C0             jp z,move_right
  51  C057 FE 08                cp 8
  52  C059 CA E5 C0             jp z,move_left
  53  C05C FE 0C                cp 12
  54  C05E CA 00 C1             jp z,backspace_key
  55  C061 FE 84                cp 132
  56  C063 CA AF C2             jp z,find_prompt
  57  C066 FE 80                cp 128
  58  C068 CA 1A C2             jp z,save_current
  59  C06B FE 81                cp 129
  60  C06D CA 39 C2             jp z,save_as
  61  C070 FE 82                cp 130
  62  C072 CA BD C0             jp z,hex_mode
  63  C075 FE 83                cp 131
  64  C077 CA B0 C0             jp z,text_mode
  65  C07A 47                   ld b,a
  66  C07B 3A 64 CB             ld a,(viewMode)
  67  C07E B7                   or a
  68  C07F 78                   ld a,b
  69  C080 C2 22 C3             jp nz,hex_key
  70  C083 FE 0D                cp 13
  71  C085 CA 92 C0             jp z,write_text_char
  72  C088 FE 20                cp 32
  73  C08A DA 38 C0             jp c,.input
  74  C08D FE 80                cp 128
  75  C08F D2 38 C0             jp nc,.input
  76  C092              write_text_char
  77  C092 CD 0A CA             call key_beep
  78  C095 2A 41 CB             ld hl,(curOffset)
  79  C098 22 43 CB             ld (oldOffset),hl
  80  C09B CD 10 CA             call insert_current_byte
  81  C09E CD E6 C9             call mark_dirty
  82  C0A1 CD BD C9             call inc_cursor
  83  C0A4 CD 78 C4             call ensure_cursor_visible
  84  C0A7 CD 82 C3             call render
  85  C0AA CD F9 C9             call key_repeat_delay
  86  C0AD C3 38 C0             jp plugin_start.input
  87  C0B0
  88  C0B0              text_mode
  89  C0B0 AF                   xor a
  90  C0B1 32 64 CB             ld (viewMode),a
  91  C0B4 CD 78 C4             call ensure_cursor_visible
  92  C0B7 CD 82 C3             call render
  93  C0BA C3 38 C0             jp plugin_start.input
  94  C0BD
  95  C0BD              hex_mode
  96  C0BD 3E 01                ld a,1
  97  C0BF 32 64 CB             ld (viewMode),a
  98  C0C2 3E FF                ld a,$ff
  99  C0C4 32 67 CB             ld (hexPending),a
 100  C0C7 CD A0 C4             call ensure_hex_cursor_visible
 101  C0CA CD 82 C3             call render
 102  C0CD C3 38 C0             jp plugin_start.input
 103  C0D0
 104  C0D0              move_right
 105  C0D0 2A 41 CB             ld hl,(curOffset)
 106  C0D3 22 43 CB             ld (oldOffset),hl
 107  C0D6 CD BD C9             call inc_cursor
 108  C0D9 CD 42 C4             call cursor_moved
 109  C0DC CD 0A CA             call key_beep
 110  C0DF CD F3 C9             call arrow_repeat_delay
 111  C0E2 C3 38 C0             jp plugin_start.input
 112  C0E5
 113  C0E5              move_left
 114  C0E5 2A 41 CB             ld hl,(curOffset)
 115  C0E8 7C                   ld a,h
 116  C0E9 B5                   or l
 117  C0EA CA 38 C0             jp z,plugin_start.input
 118  C0ED 22 43 CB             ld (oldOffset),hl
 119  C0F0 2B                   dec hl
 120  C0F1 22 41 CB             ld (curOffset),hl
 121  C0F4 CD 42 C4             call cursor_moved
 122  C0F7 CD 0A CA             call key_beep
 123  C0FA CD F3 C9             call arrow_repeat_delay
 124  C0FD C3 38 C0             jp plugin_start.input
 125  C100
 126  C100              backspace_key
 127  C100 2A 3F CB             ld hl,(loadedSize)
 128  C103 7C                   ld a,h
 129  C104 B5                   or l
 130  C105 CA 38 C0             jp z,plugin_start.input
 131  C108 2A 41 CB             ld hl,(curOffset)
 132  C10B 7C                   ld a,h
 133  C10C B5                   or l
 134  C10D 20 0E                jr nz,.move_before
 135  C10F 2A 3F CB             ld hl,(loadedSize)
 136  C112 2B                   dec hl
 137  C113 7C                   ld a,h
 138  C114 B5                   or l
 139  C115 C2 38 C0             jp nz,plugin_start.input
 140  C118 21 00 00             ld hl,0
 141  C11B 18 01                jr .delete
 142  C11D              .move_before
 143  C11D 2B                   dec hl
 144  C11E              .delete
 145  C11E 22 41 CB             ld (curOffset),hl
 146  C121 22 43 CB             ld (oldOffset),hl
 147  C124 3E FF                ld a,$ff
 148  C126 32 67 CB             ld (hexPending),a
 149  C129 CD 72 CA             call delete_current_byte
 150  C12C CD E6 C9             call mark_dirty
 151  C12F CD 78 C4             call ensure_cursor_visible
 152  C132 CD 82 C3             call render
 153  C135 CD 0A CA             call key_beep
 154  C138 CD F9 C9             call key_repeat_delay
 155  C13B C3 38 C0             jp plugin_start.input
 156  C13E
 157  C13E              move_down
 158  C13E 3A 64 CB             ld a,(viewMode)
 159  C141 B7                   or a
 160  C142 28 22                jr z,.text
 161  C144 2A 41 CB             ld hl,(curOffset)
 162  C147 22 43 CB             ld (oldOffset),hl
 163  C14A 11 1A 00             ld de,HEX_BYTES_ROW
 164  C14D 19                   add hl,de
 165  C14E CD C8 C9             call clamp_to_last
 166  C151 22 41 CB             ld (curOffset),hl
 167  C154 CD FF C9             call cursor_changed
 168  C157 CA 38 C0             jp z,plugin_start.input
 169  C15A CD 42 C4             call cursor_moved
 170  C15D CD 0A CA             call key_beep
 171  C160 CD F3 C9             call arrow_repeat_delay
 172  C163 C3 38 C0             jp plugin_start.input
 173  C166              .text
 174  C166 2A 41 CB             ld hl,(curOffset)
 175  C169 22 43 CB             ld (oldOffset),hl
 176  C16C CD CE C5             call text_move_down
 177  C16F CD FF C9             call cursor_changed
 178  C172 CA 38 C0             jp z,plugin_start.input
 179  C175 CD 42 C4             call cursor_moved
 180  C178 CD 0A CA             call key_beep
 181  C17B CD F3 C9             call arrow_repeat_delay
 182  C17E C3 38 C0             jp plugin_start.input
 183  C181
 184  C181              move_up
 185  C181 3A 64 CB             ld a,(viewMode)
 186  C184 B7                   or a
 187  C185 28 26                jr z,.text
 188  C187 2A 41 CB             ld hl,(curOffset)
 189  C18A 22 43 CB             ld (oldOffset),hl
 190  C18D 11 1A 00             ld de,HEX_BYTES_ROW
 191  C190 B7                   or a
 192  C191 ED 52                sbc hl,de
 193  C193 30 03                jr nc,.store
 194  C195 21 00 00             ld hl,0
 195  C198              .store
 196  C198 22 41 CB             ld (curOffset),hl
 197  C19B CD FF C9             call cursor_changed
 198  C19E CA 38 C0             jp z,plugin_start.input
 199  C1A1 CD 42 C4             call cursor_moved
 200  C1A4 CD 0A CA             call key_beep
 201  C1A7 CD F3 C9             call arrow_repeat_delay
 202  C1AA C3 38 C0             jp plugin_start.input
 203  C1AD              .text
 204  C1AD 2A 41 CB             ld hl,(curOffset)
 205  C1B0 22 43 CB             ld (oldOffset),hl
 206  C1B3 CD DE C5             call text_move_up
 207  C1B6 CD FF C9             call cursor_changed
 208  C1B9 CA 38 C0             jp z,plugin_start.input
 209  C1BC CD 42 C4             call cursor_moved
 210  C1BF CD 0A CA             call key_beep
 211  C1C2 CD F3 C9             call arrow_repeat_delay
 212  C1C5 C3 38 C0             jp plugin_start.input
 213  C1C8
 214  C1C8              try_exit
 215  C1C8 3A 65 CB             ld a,(dirty)
 216  C1CB B7                   or a
 217  C1CC C8                   ret z
 218  C1CD CD 37 C9             call status_dirty
 219  C1D0 CD EC C9             call wait_key_release
 220  C1D3              .wait
 221  C1D3 CD 29 CB             call call_input
 222  C1D6 B7                   or a
 223  C1D7 28 FA                jr z,.wait
 224  C1D9 FE 69                cp "i"
 225  C1DB 28 2B                jr z,.exit_ignore
 226  C1DD FE 49                cp "I"
 227  C1DF 28 27                jr z,.exit_ignore
 228  C1E1 FE 73                cp "s"
 229  C1E3 CA 0C C2             jp z,save_current_then_exit
 230  C1E6 FE 53                cp "S"
 231  C1E8 CA 0C C2             jp z,save_current_then_exit
 232  C1EB FE 65                cp "e"
 233  C1ED CA 13 C2             jp z,save_as_then_exit
 234  C1F0 FE 45                cp "E"
 235  C1F2 CA 13 C2             jp z,save_as_then_exit
 236  C1F5 FE 01                cp 1
 237  C1F7 28 06                jr z,.cancel
 238  C1F9 FE 0F                cp 15
 239  C1FB 28 02                jr z,.cancel
 240  C1FD 18 D4                jr .wait
 241  C1FF              .cancel
 242  C1FF CD EC C9             call wait_key_release
 243  C202 CD 82 C3             call render
 244  C205 C3 38 C0             jp plugin_start.input
 245  C208              .exit_ignore
 246  C208 CD EC C9             call wait_key_release
 247  C20B C9                   ret
 248  C20C
 249  C20C              save_current_then_exit
 250  C20C CD 2D C2             call save_current_raw
 251  C20F CD EC C9             call wait_key_release
 252  C212 C9                   ret
 253  C213
 254  C213              save_as_then_exit
 255  C213 CD 4C C2             call save_as_raw
 256  C216 CD EC C9             call wait_key_release
 257  C219 C9                   ret
 258  C21A
 259  C21A              save_current
 260  C21A CD 2D C2             call save_current_raw
 261  C21D 3A 66 CB             ld a,(saveOk)
 262  C220 B7                   or a
 263  C221 CA 38 C0             jp z,plugin_start.input
 264  C224 CD 23 C9             call saved_status_pause
 265  C227 CD 5D C7             call render_status
 266  C22A C3 38 C0             jp plugin_start.input
 267  C22D
 268  C22D              save_current_raw
 269  C22D DD 2A 39 CB          ld ix,(ctxPtr)
 270  C231 DD 6E 02             ld l,(ix+VIEWCTX_FILENAME)
 271  C234 DD 66 03             ld h,(ix+VIEWCTX_FILENAME+1)
 272  C237 18 2E                jr save_name_hl
 273  C239
 274  C239              save_as
 275  C239 CD 4C C2             call save_as_raw
 276  C23C 3A 66 CB             ld a,(saveOk)
 277  C23F B7                   or a
 278  C240 CA 38 C0             jp z,plugin_start.input
 279  C243 CD 23 C9             call saved_status_pause
 280  C246 CD 5D C7             call render_status
 281  C249 C3 38 C0             jp plugin_start.input
 282  C24C
 283  C24C              save_as_raw
 284  C24C AF                   xor a
 285  C24D 32 66 CB             ld (saveOk),a
 286  C250 CD 90 C2             call copy_current_filename_to_save_name
 287  C253 11 89 CB             ld de,saveName
 288  C256 06 30                ld b,NAME_MAX
 289  C258 21 FC CB             ld hl,saveAsText
 290  C25B CD 8B C7             call line_input
 291  C25E FE 01                cp 1
 292  C260 C8                   ret z
 293  C261 21 89 CB             ld hl,saveName
 294  C264 7E                   ld a,(hl)
 295  C265 B7                   or a
 296  C266 C8                   ret z
 297  C267              save_name_hl
 298  C267 AF                   xor a
 299  C268 32 66 CB             ld (saveOk),a
 300  C26B E5                   push hl
 301  C26C CD 29 C9             call status_saving
 302  C26F E1                   pop hl
 303  C270 11 00 00             ld de,0
 304  C273 ED 4B 3F CB          ld bc,(loadedSize)
 305  C277 CD 31 CB             call call_extract
 306  C27A D8                   ret c
 307  C27B AF                   xor a
 308  C27C 32 65 CB             ld (dirty),a
 309  C27F DD 2A 39 CB          ld ix,(ctxPtr)
 310  C283 DD 36 28 01          ld (ix+VIEWCTX_DIRTY),1
 311  C287 3E 01                ld a,1
 312  C289 32 66 CB             ld (saveOk),a
 313  C28C CD 15 C9             call status_saved
 314  C28F C9                   ret
 315  C290
 316  C290              copy_current_filename_to_save_name
 317  C290 DD 2A 39 CB          ld ix,(ctxPtr)
 318  C294 DD 6E 02             ld l,(ix+VIEWCTX_FILENAME)
 319  C297 DD 66 03             ld h,(ix+VIEWCTX_FILENAME+1)
 320  C29A 11 89 CB             ld de,saveName
 321  C29D 06 30                ld b,NAME_MAX
 322  C29F              .copy
 323  C29F 7E                   ld a,(hl)
 324  C2A0 FE FF                cp 255
 325  C2A2 28 08                jr z,.done
 326  C2A4 B7                   or a
 327  C2A5 28 05                jr z,.done
 328  C2A7 12                   ld (de),a
 329  C2A8 23                   inc hl
 330  C2A9 13                   inc de
 331  C2AA 10 F3                djnz .copy
 332  C2AC              .done
 333  C2AC AF                   xor a
 334  C2AD 12                   ld (de),a
 335  C2AE C9                   ret
 336  C2AF
 337  C2AF              find_prompt
 338  C2AF 11 68 CB             ld de,searchBuf
 339  C2B2 06 20                ld b,SEARCH_MAX
 340  C2B4 21 F6 CB             ld hl,findText
 341  C2B7 CD 8B C7             call line_input
 342  C2BA FE 01                cp 1
 343  C2BC CA 82 C3             jp z,render
 344  C2BF 21 68 CB             ld hl,searchBuf
 345  C2C2 7E                   ld a,(hl)
 346  C2C3 B7                   or a
 347  C2C4 CA 82 C3             jp z,render
 348  C2C7 CD D0 C2             call find_next
 349  C2CA CD 82 C3             call render
 350  C2CD C3 38 C0             jp plugin_start.input
 351  C2D0
 352  C2D0              find_next
 353  C2D0 2A 41 CB             ld hl,(curOffset)
 354  C2D3 22 49 CB             ld (scanOffset),hl
 355  C2D6              .scan
 356  C2D6 2A 49 CB             ld hl,(scanOffset)
 357  C2D9 CD DA C9             call offset_at_end
 358  C2DC 30 18                jr nc,.not_found
 359  C2DE CD FA C2             call compare_here
 360  C2E1 28 09                jr z,.found
 361  C2E3 2A 49 CB             ld hl,(scanOffset)
 362  C2E6 23                   inc hl
 363  C2E7 22 49 CB             ld (scanOffset),hl
 364  C2EA 18 EA                jr .scan
 365  C2EC              .found
 366  C2EC 2A 49 CB             ld hl,(scanOffset)
 367  C2EF 22 41 CB             ld (curOffset),hl
 368  C2F2 CD 78 C4             call ensure_cursor_visible
 369  C2F5 C9                   ret
 370  C2F6              .not_found
 371  C2F6 CD 45 C9             call status_not_found
 372  C2F9 C9                   ret
 373  C2FA
 374  C2FA              compare_here
 375  C2FA 2A 49 CB             ld hl,(scanOffset)
 376  C2FD 22 4B CB             ld (matchOffset),hl
 377  C300 11 68 CB             ld de,searchBuf
 378  C303              .loop
 379  C303 1A                   ld a,(de)
 380  C304 B7                   or a
 381  C305 C8                   ret z
 382  C306 4F                   ld c,a
 383  C307 2A 4B CB             ld hl,(matchOffset)
 384  C30A CD DA C9             call offset_at_end
 385  C30D 30 10                jr nc,.fail
 386  C30F CD C1 CA             call read_byte_at_offset
 387  C312 B9                   cp c
 388  C313 20 0A                jr nz,.fail
 389  C315 13                   inc de
 390  C316 2A 4B CB             ld hl,(matchOffset)
 391  C319 23                   inc hl
 392  C31A 22 4B CB             ld (matchOffset),hl
 393  C31D 18 E4                jr .loop
 394  C31F              .fail
 395  C31F F6 01                or 1
 396  C321 C9                   ret
 397  C322
 398  C322              hex_key
 399  C322 CD 5C C3             call hex_value
 400  C325 DA 38 C0             jp c,plugin_start.input
 401  C328 CD 0A CA             call key_beep
 402  C32B 4F                   ld c,a
 403  C32C 3A 67 CB             ld a,(hexPending)
 404  C32F FE FF                cp $ff
 405  C331 20 11                jr nz,.low
 406  C333 79                   ld a,c
 407  C334 87                   add a,a
 408  C335 87                   add a,a
 409  C336 87                   add a,a
 410  C337 87                   add a,a
 411  C338 32 67 CB             ld (hexPending),a
 412  C33B CD 82 C3             call render
 413  C33E CD F9 C9             call key_repeat_delay
 414  C341 C3 38 C0             jp plugin_start.input
 415  C344              .low
 416  C344 B1                   or c
 417  C345 CD CD CA             call write_current_byte
 418  C348 3E FF                ld a,$ff
 419  C34A 32 67 CB             ld (hexPending),a
 420  C34D CD E6 C9             call mark_dirty
 421  C350 CD BD C9             call inc_cursor
 422  C353 CD 82 C3             call render
 423  C356 CD F9 C9             call key_repeat_delay
 424  C359 C3 38 C0             jp plugin_start.input
 425  C35C
 426  C35C              hex_value
 427  C35C FE 30                cp "0"
 428  C35E 38 20                jr c,.bad
 429  C360 FE 3A                cp "9"+1
 430  C362 38 18                jr c,.num
 431  C364 FE 41                cp "A"
 432  C366 38 04                jr c,.lower
 433  C368 FE 47                cp "F"+1
 434  C36A 38 0C                jr c,.upper
 435  C36C              .lower
 436  C36C FE 61                cp "a"
 437  C36E 38 10                jr c,.bad
 438  C370 FE 67                cp "f"+1
 439  C372 30 0C                jr nc,.bad
 440  C374 D6 57                sub "a"-10
 441  C376 B7                   or a
 442  C377 C9                   ret
 443  C378              .upper
 444  C378 D6 37                sub "A"-10
 445  C37A B7                   or a
 446  C37B C9                   ret
 447  C37C              .num
 448  C37C D6 30                sub "0"
 449  C37E B7                   or a
 450  C37F C9                   ret
 451  C380              .bad
 452  C380 37                   scf
 453  C381 C9                   ret
 454  C382
 455  C382              render
 456  C382 3A 64 CB             ld a,(viewMode)
 457  C385 B7                   or a
 458  C386 CC 94 C3             call z,render_text
 459  C389 3A 64 CB             ld a,(viewMode)
 460  C38C B7                   or a
 461  C38D C4 F4 C6             call nz,render_hex
 462  C390 CD 5D C7             call render_status
 463  C393 C9                   ret
 464  C394
 465  C394              render_text
 466  C394 2A 45 CB             ld hl,(viewOffset)
 467  C397 22 47 CB             ld (renderOffset),hl
 468  C39A 11 E2 41             ld de,TEXT_TOP
 469  C39D 06 1B                ld b,TEXT_ROWS
 470  C39F              .row
 471  C39F C5                   push bc
 472  C3A0 06 4E                ld b,TEXT_COLS
 473  C3A2              .col
 474  C3A2 2A 47 CB             ld hl,(renderOffset)
 475  C3A5 CD DA C9             call offset_at_end
 476  C3A8 30 41                jr nc,.fill_row
 477  C3AA CD 02 C4             call set_cursor_attr
 478  C3AD CD C1 CA             call read_byte_at_offset
 479  C3B0 FE 0D                cp 13
 480  C3B2 28 28                jr z,.newline
 481  C3B4 FE 0A                cp 10
 482  C3B6 28 24                jr z,.newline
 483  C3B8 FE 09                cp 9
 484  C3BA 20 02                jr nz,.not_tab
 485  C3BC 3E 20                ld a,32
 486  C3BE              .not_tab
 487  C3BE FE 20                cp 32
 488  C3C0 38 04                jr c,.dot
 489  C3C2 FE 7F                cp 127
 490  C3C4 38 04                jr c,.char
 491  C3C6              .dot
 492  C3C6 3E 2E                ld a,"."
 493  C3C8 18 00                jr .char
 494  C3CA              .char
 495  C3CA 12                   ld (de),a
 496  C3CB 13                   inc de
 497  C3CC 3A 61 CB             ld a,(cellAttr)
 498  C3CF 12                   ld (de),a
 499  C3D0 13                   inc de
 500  C3D1 2A 47 CB             ld hl,(renderOffset)
 501  C3D4 23                   inc hl
 502  C3D5 22 47 CB             ld (renderOffset),hl
 503  C3D8 10 C8                djnz .col
 504  C3DA 18 1D                jr .row_done
 505  C3DC              .newline
 506  C3DC 3E 20                ld a,32
 507  C3DE 12                   ld (de),a
 508  C3DF 13                   inc de
 509  C3E0 3A 61 CB             ld a,(cellAttr)
 510  C3E3 12                   ld (de),a
 511  C3E4 13                   inc de
 512  C3E5 C5                   push bc
 513  C3E6 CD 17 C4             call advance_newline
 514  C3E9 C1                   pop bc
 515  C3EA 05                   dec b
 516  C3EB              .fill_row
 517  C3EB 78                   ld a,b
 518  C3EC B7                   or a
 519  C3ED 28 0A                jr z,.row_done
 520  C3EF              .fill_loop
 521  C3EF 3E 20                ld a,32
 522  C3F1 12                   ld (de),a
 523  C3F2 13                   inc de
 524  C3F3 3E 10                ld a,16
 525  C3F5 12                   ld (de),a
 526  C3F6 13                   inc de
 527  C3F7 10 F6                djnz .fill_loop
 528  C3F9              .row_done
 529  C3F9 21 04 00             ld hl,160-TEXT_COLS*2
 530  C3FC 19                   add hl,de
 531  C3FD EB                   ex de,hl
 532  C3FE C1                   pop bc
 533  C3FF 10 9E                djnz .row
 534  C401 C9                   ret
 535  C402
 536  C402              set_cursor_attr
 537  C402 D5                   push de
 538  C403 E5                   push hl
 539  C404 ED 5B 41 CB          ld de,(curOffset)
 540  C408 B7                   or a
 541  C409 ED 52                sbc hl,de
 542  C40B 3E 10                ld a,16
 543  C40D 20 02                jr nz,.store
 544  C40F 3E 40                ld a,64
 545  C411              .store
 546  C411 32 61 CB             ld (cellAttr),a
 547  C414 E1                   pop hl
 548  C415 D1                   pop de
 549  C416 C9                   ret
 550  C417
 551  C417              advance_newline
 552  C417 2A 47 CB             ld hl,(renderOffset)
 553  C41A CD C1 CA             call read_byte_at_offset
 554  C41D 32 62 CB             ld (newlineChar),a
 555  C420 2A 47 CB             ld hl,(renderOffset)
 556  C423 23                   inc hl
 557  C424 22 47 CB             ld (renderOffset),hl
 558  C427 3A 62 CB             ld a,(newlineChar)
 559  C42A FE 0D                cp 13
 560  C42C C0                   ret nz
 561  C42D 2A 47 CB             ld hl,(renderOffset)
 562  C430 CD DA C9             call offset_at_end
 563  C433 D0                   ret nc
 564  C434 CD C1 CA             call read_byte_at_offset
 565  C437 FE 0A                cp 10
 566  C439 C0                   ret nz
 567  C43A 2A 47 CB             ld hl,(renderOffset)
 568  C43D 23                   inc hl
 569  C43E 22 47 CB             ld (renderOffset),hl
 570  C441 C9                   ret
 571  C442
 572  C442              cursor_moved
 573  C442 3A 64 CB             ld a,(viewMode)
 574  C445 B7                   or a
 575  C446 20 18                jr nz,.hex
 576  C448 2A 43 CB             ld hl,(oldOffset)
 577  C44B CD DC C4             call set_offset_normal_attr
 578  C44E 38 09                jr c,.full
 579  C450 2A 41 CB             ld hl,(curOffset)
 580  C453 CD E3 C4             call set_offset_cursor_attr
 581  C456 38 01                jr c,.full
 582  C458 C9                   ret
 583  C459              .full
 584  C459 CD 78 C4             call ensure_cursor_visible
 585  C45C CD 82 C3             call render
 586  C45F C9                   ret
 587  C460              .hex
 588  C460 2A 43 CB             ld hl,(oldOffset)
 589  C463 CD EA C4             call set_hex_offset_normal_attr
 590  C466 38 09                jr c,.hex_full
 591  C468 2A 41 CB             ld hl,(curOffset)
 592  C46B CD F9 C4             call set_hex_offset_cursor_attr
 593  C46E 38 01                jr c,.hex_full
 594  C470 C9                   ret
 595  C471              .hex_full
 596  C471 CD A0 C4             call ensure_hex_cursor_visible
 597  C474 CD 82 C3             call render
 598  C477 C9                   ret
 599  C478
 600  C478              ensure_cursor_visible
 601  C478 2A 41 CB             ld hl,(curOffset)
 602  C47B CD 45 C5             call find_screen_attr_for_offset
 603  C47E D0                   ret nc
 604  C47F 2A 41 CB             ld hl,(curOffset)
 605  C482 ED 5B 45 CB          ld de,(viewOffset)
 606  C486 B7                   or a
 607  C487 ED 52                sbc hl,de
 608  C489 38 0E                jr c,.above
 609  C48B              .scroll_down
 610  C48B CD CD C4             call advance_view_one_line
 611  C48E 38 09                jr c,.above
 612  C490 2A 41 CB             ld hl,(curOffset)
 613  C493 CD 45 C5             call find_screen_attr_for_offset
 614  C496 D0                   ret nc
 615  C497 18 F2                jr .scroll_down
 616  C499              .above
 617  C499 CD 00 C6             call find_current_line_start
 618  C49C 22 45 CB             ld (viewOffset),hl
 619  C49F C9                   ret
 620  C4A0
 621  C4A0              ensure_hex_cursor_visible
 622  C4A0 2A 41 CB             ld hl,(curOffset)
 623  C4A3 CD 08 C5             call find_hex_attr_for_offset
 624  C4A6 D0                   ret nc
 625  C4A7 2A 41 CB             ld hl,(curOffset)
 626  C4AA ED 5B 45 CB          ld de,(viewOffset)
 627  C4AE B7                   or a
 628  C4AF ED 52                sbc hl,de
 629  C4B1 38 13                jr c,.above
 630  C4B3              .scroll_down
 631  C4B3 2A 45 CB             ld hl,(viewOffset)
 632  C4B6 11 1A 00             ld de,HEX_BYTES_ROW
 633  C4B9 19                   add hl,de
 634  C4BA 22 45 CB             ld (viewOffset),hl
 635  C4BD 2A 41 CB             ld hl,(curOffset)
 636  C4C0 CD 08 C5             call find_hex_attr_for_offset
 637  C4C3 D0                   ret nc
 638  C4C4 18 ED                jr .scroll_down
 639  C4C6              .above
 640  C4C6 2A 41 CB             ld hl,(curOffset)
 641  C4C9 22 45 CB             ld (viewOffset),hl
 642  C4CC C9                   ret
 643  C4CD
 644  C4CD              advance_view_one_line
 645  C4CD 2A 45 CB             ld hl,(viewOffset)
 646  C4D0 22 4F CB             ld (lineStart),hl
 647  C4D3 CD 40 C6             call find_next_line_start
 648  C4D6 D8                   ret c
 649  C4D7 22 45 CB             ld (viewOffset),hl
 650  C4DA B7                   or a
 651  C4DB C9                   ret
 652  C4DC
 653  C4DC              set_offset_normal_attr
 654  C4DC CD 45 C5             call find_screen_attr_for_offset
 655  C4DF D8                   ret c
 656  C4E0 36 10                ld (hl),16
 657  C4E2 C9                   ret
 658  C4E3
 659  C4E3              set_offset_cursor_attr
 660  C4E3 CD 45 C5             call find_screen_attr_for_offset
 661  C4E6 D8                   ret c
 662  C4E7 36 40                ld (hl),64
 663  C4E9 C9                   ret
 664  C4EA
 665  C4EA              set_hex_offset_normal_attr
 666  C4EA CD 08 C5             call find_hex_attr_for_offset
 667  C4ED D8                   ret c
 668  C4EE 36 10                ld (hl),16
 669  C4F0 23                   inc hl
 670  C4F1 23                   inc hl
 671  C4F2 36 10                ld (hl),16
 672  C4F4 23                   inc hl
 673  C4F5 23                   inc hl
 674  C4F6 36 10                ld (hl),16
 675  C4F8 C9                   ret
 676  C4F9
 677  C4F9              set_hex_offset_cursor_attr
 678  C4F9 CD 08 C5             call find_hex_attr_for_offset
 679  C4FC D8                   ret c
 680  C4FD 36 40                ld (hl),64
 681  C4FF 23                   inc hl
 682  C500 23                   inc hl
 683  C501 36 40                ld (hl),64
 684  C503 23                   inc hl
 685  C504 23                   inc hl
 686  C505 36 10                ld (hl),16
 687  C507 C9                   ret
 688  C508
 689  C508              find_hex_attr_for_offset
 690  C508 22 4D CB             ld (targetOffset),hl
 691  C50B 2A 45 CB             ld hl,(viewOffset)
 692  C50E 22 49 CB             ld (scanOffset),hl
 693  C511 11 E2 41             ld de,TEXT_TOP
 694  C514 06 1B                ld b,TEXT_ROWS
 695  C516              .row
 696  C516 C5                   push bc
 697  C517 06 1A                ld b,HEX_BYTES_ROW
 698  C519              .col
 699  C519 2A 49 CB             ld hl,(scanOffset)
 700  C51C D5                   push de
 701  C51D ED 5B 4D CB          ld de,(targetOffset)
 702  C521 B7                   or a
 703  C522 ED 52                sbc hl,de
 704  C524 D1                   pop de
 705  C525 28 19                jr z,.found
 706  C527 2A 49 CB             ld hl,(scanOffset)
 707  C52A 23                   inc hl
 708  C52B 22 49 CB             ld (scanOffset),hl
 709  C52E 13                   inc de
 710  C52F 13                   inc de
 711  C530 13                   inc de
 712  C531 13                   inc de
 713  C532 13                   inc de
 714  C533 13                   inc de
 715  C534 10 E3                djnz .col
 716  C536 21 04 00             ld hl,160-HEX_BYTES_ROW*3*2
 717  C539 19                   add hl,de
 718  C53A EB                   ex de,hl
 719  C53B C1                   pop bc
 720  C53C 10 D8                djnz .row
 721  C53E 37                   scf
 722  C53F C9                   ret
 723  C540              .found
 724  C540 C1                   pop bc
 725  C541 13                   inc de
 726  C542 EB                   ex de,hl
 727  C543 B7                   or a
 728  C544 C9                   ret
 729  C545
 730  C545              find_screen_attr_for_offset
 731  C545 22 4D CB             ld (targetOffset),hl
 732  C548 2A 45 CB             ld hl,(viewOffset)
 733  C54B 22 49 CB             ld (scanOffset),hl
 734  C54E 11 E2 41             ld de,TEXT_TOP
 735  C551 06 1B                ld b,TEXT_ROWS
 736  C553              .row
 737  C553 C5                   push bc
 738  C554 06 4E                ld b,TEXT_COLS
 739  C556              .col
 740  C556 2A 49 CB             ld hl,(scanOffset)
 741  C559 D5                   push de
 742  C55A ED 5B 4D CB          ld de,(targetOffset)
 743  C55E B7                   or a
 744  C55F ED 52                sbc hl,de
 745  C561 D1                   pop de
 746  C562 28 2D                jr z,.found
 747  C564 2A 49 CB             ld hl,(scanOffset)
 748  C567 CD DA C9             call offset_at_end
 749  C56A 30 2A                jr nc,.not_found_pop
 750  C56C CD C1 CA             call read_byte_at_offset
 751  C56F FE 0D                cp 13
 752  C571 28 11                jr z,.newline
 753  C573 FE 0A                cp 10
 754  C575 28 0D                jr z,.newline
 755  C577 2A 49 CB             ld hl,(scanOffset)
 756  C57A 23                   inc hl
 757  C57B 22 49 CB             ld (scanOffset),hl
 758  C57E 13                   inc de
 759  C57F 13                   inc de
 760  C580 10 D4                djnz .col
 761  C582 18 15                jr .row_done
 762  C584              .newline
 763  C584 CD A3 C5             call advance_scan_newline
 764  C587 78                   ld a,b
 765  C588 B7                   or a
 766  C589 28 0E                jr z,.row_done
 767  C58B              .skip_rest
 768  C58B 13                   inc de
 769  C58C 13                   inc de
 770  C58D 10 FC                djnz .skip_rest
 771  C58F 18 08                jr .row_done
 772  C591              .found
 773  C591 13                   inc de
 774  C592 EB                   ex de,hl
 775  C593 C1                   pop bc
 776  C594 B7                   or a
 777  C595 C9                   ret
 778  C596              .not_found_pop
 779  C596 C1                   pop bc
 780  C597 37                   scf
 781  C598 C9                   ret
 782  C599              .row_done
 783  C599 21 04 00             ld hl,160-TEXT_COLS*2
 784  C59C 19                   add hl,de
 785  C59D EB                   ex de,hl
 786  C59E C1                   pop bc
 787  C59F 10 B2                djnz .row
 788  C5A1 37                   scf
 789  C5A2 C9                   ret
 790  C5A3
 791  C5A3              advance_scan_newline
 792  C5A3 2A 49 CB             ld hl,(scanOffset)
 793  C5A6 CD C1 CA             call read_byte_at_offset
 794  C5A9 32 62 CB             ld (newlineChar),a
 795  C5AC 2A 49 CB             ld hl,(scanOffset)
 796  C5AF 23                   inc hl
 797  C5B0 22 49 CB             ld (scanOffset),hl
 798  C5B3 3A 62 CB             ld a,(newlineChar)
 799  C5B6 FE 0D                cp 13
 800  C5B8 C0                   ret nz
 801  C5B9 2A 49 CB             ld hl,(scanOffset)
 802  C5BC CD DA C9             call offset_at_end
 803  C5BF D0                   ret nc
 804  C5C0 CD C1 CA             call read_byte_at_offset
 805  C5C3 FE 0A                cp 10
 806  C5C5 C0                   ret nz
 807  C5C6 2A 49 CB             ld hl,(scanOffset)
 808  C5C9 23                   inc hl
 809  C5CA 22 49 CB             ld (scanOffset),hl
 810  C5CD C9                   ret
 811  C5CE
 812  C5CE              text_move_down
 813  C5CE CD F0 C5             call get_current_column
 814  C5D1 CD 00 C6             call find_current_line_start
 815  C5D4 22 4F CB             ld (lineStart),hl
 816  C5D7 CD 40 C6             call find_next_line_start
 817  C5DA D8                   ret c
 818  C5DB C3 C6 C6             jp move_to_column_from_hl
 819  C5DE
 820  C5DE              text_move_up
 821  C5DE CD F0 C5             call get_current_column
 822  C5E1 CD 00 C6             call find_current_line_start
 823  C5E4 7C                   ld a,h
 824  C5E5 B5                   or l
 825  C5E6 C8                   ret z
 826  C5E7 22 4F CB             ld (lineStart),hl
 827  C5EA CD 74 C6             call find_previous_line_start
 828  C5ED C3 C6 C6             jp move_to_column_from_hl
 829  C5F0
 830  C5F0              get_current_column
 831  C5F0 CD 00 C6             call find_current_line_start
 832  C5F3 ED 5B 41 CB          ld de,(curOffset)
 833  C5F7 B7                   or a
 834  C5F8 EB                   ex de,hl
 835  C5F9 ED 52                sbc hl,de
 836  C5FB 7D                   ld a,l
 837  C5FC 32 63 CB             ld (desiredCol),a
 838  C5FF C9                   ret
 839  C600
 840  C600              find_current_line_start
 841  C600 21 00 00             ld hl,0
 842  C603 22 49 CB             ld (scanOffset),hl
 843  C606 22 4F CB             ld (lineStart),hl
 844  C609              .loop
 845  C609 2A 49 CB             ld hl,(scanOffset)
 846  C60C ED 5B 41 CB          ld de,(curOffset)
 847  C610 B7                   or a
 848  C611 ED 52                sbc hl,de
 849  C613 30 27                jr nc,.done
 850  C615 2A 49 CB             ld hl,(scanOffset)
 851  C618 CD DA C9             call offset_at_end
 852  C61B 30 1F                jr nc,.done
 853  C61D CD C1 CA             call read_byte_at_offset
 854  C620 FE 0D                cp 13
 855  C622 28 0D                jr z,.newline
 856  C624 FE 0A                cp 10
 857  C626 28 09                jr z,.newline
 858  C628 2A 49 CB             ld hl,(scanOffset)
 859  C62B 23                   inc hl
 860  C62C 22 49 CB             ld (scanOffset),hl
 861  C62F 18 D8                jr .loop
 862  C631              .newline
 863  C631 CD A3 C5             call advance_scan_newline
 864  C634 2A 49 CB             ld hl,(scanOffset)
 865  C637 22 4F CB             ld (lineStart),hl
 866  C63A 18 CD                jr .loop
 867  C63C              .done
 868  C63C 2A 4F CB             ld hl,(lineStart)
 869  C63F C9                   ret
 870  C640
 871  C640              find_next_line_start
 872  C640 2A 4F CB             ld hl,(lineStart)
 873  C643 22 49 CB             ld (scanOffset),hl
 874  C646              .loop
 875  C646 2A 49 CB             ld hl,(scanOffset)
 876  C649 CD DA C9             call offset_at_end
 877  C64C 30 24                jr nc,.fail
 878  C64E CD C1 CA             call read_byte_at_offset
 879  C651 FE 0D                cp 13
 880  C653 28 0D                jr z,.newline
 881  C655 FE 0A                cp 10
 882  C657 28 09                jr z,.newline
 883  C659 2A 49 CB             ld hl,(scanOffset)
 884  C65C 23                   inc hl
 885  C65D 22 49 CB             ld (scanOffset),hl
 886  C660 18 E4                jr .loop
 887  C662              .newline
 888  C662 CD A3 C5             call advance_scan_newline
 889  C665 2A 49 CB             ld hl,(scanOffset)
 890  C668 CD DA C9             call offset_at_end
 891  C66B 30 05                jr nc,.fail
 892  C66D 2A 49 CB             ld hl,(scanOffset)
 893  C670 B7                   or a
 894  C671 C9                   ret
 895  C672              .fail
 896  C672 37                   scf
 897  C673 C9                   ret
 898  C674
 899  C674              find_previous_line_start
 900  C674 21 00 00             ld hl,0
 901  C677 22 49 CB             ld (scanOffset),hl
 902  C67A 22 51 CB             ld (prevLineStart),hl
 903  C67D              .loop
 904  C67D 2A 49 CB             ld hl,(scanOffset)
 905  C680 ED 5B 4F CB          ld de,(lineStart)
 906  C684 B7                   or a
 907  C685 ED 52                sbc hl,de
 908  C687 30 39                jr nc,.done
 909  C689 2A 51 CB             ld hl,(prevLineStart)
 910  C68C 22 4D CB             ld (targetOffset),hl
 911  C68F 2A 49 CB             ld hl,(scanOffset)
 912  C692 22 51 CB             ld (prevLineStart),hl
 913  C695              .seek_eol
 914  C695 2A 49 CB             ld hl,(scanOffset)
 915  C698 ED 5B 4F CB          ld de,(lineStart)
 916  C69C B7                   or a
 917  C69D ED 52                sbc hl,de
 918  C69F 30 21                jr nc,.done
 919  C6A1 2A 49 CB             ld hl,(scanOffset)
 920  C6A4 CD DA C9             call offset_at_end
 921  C6A7 30 19                jr nc,.done
 922  C6A9 CD C1 CA             call read_byte_at_offset
 923  C6AC FE 0D                cp 13
 924  C6AE 28 0D                jr z,.newline
 925  C6B0 FE 0A                cp 10
 926  C6B2 28 09                jr z,.newline
 927  C6B4 2A 49 CB             ld hl,(scanOffset)
 928  C6B7 23                   inc hl
 929  C6B8 22 49 CB             ld (scanOffset),hl
 930  C6BB 18 D8                jr .seek_eol
 931  C6BD              .newline
 932  C6BD CD A3 C5             call advance_scan_newline
 933  C6C0 18 BB                jr .loop
 934  C6C2              .done
 935  C6C2 2A 4D CB             ld hl,(targetOffset)
 936  C6C5 C9                   ret
 937  C6C6
 938  C6C6              move_to_column_from_hl
 939  C6C6 22 49 CB             ld (scanOffset),hl
 940  C6C9 3A 63 CB             ld a,(desiredCol)
 941  C6CC 47                   ld b,a
 942  C6CD              .loop
 943  C6CD 78                   ld a,b
 944  C6CE B7                   or a
 945  C6CF 28 1C                jr z,.store
 946  C6D1 2A 49 CB             ld hl,(scanOffset)
 947  C6D4 CD DA C9             call offset_at_end
 948  C6D7 30 14                jr nc,.store
 949  C6D9 CD C1 CA             call read_byte_at_offset
 950  C6DC FE 0D                cp 13
 951  C6DE 28 0D                jr z,.store
 952  C6E0 FE 0A                cp 10
 953  C6E2 28 09                jr z,.store
 954  C6E4 2A 49 CB             ld hl,(scanOffset)
 955  C6E7 23                   inc hl
 956  C6E8 22 49 CB             ld (scanOffset),hl
 957  C6EB 10 E0                djnz .loop
 958  C6ED              .store
 959  C6ED 2A 49 CB             ld hl,(scanOffset)
 960  C6F0 22 41 CB             ld (curOffset),hl
 961  C6F3 C9                   ret
 962  C6F4
 963  C6F4              render_hex
 964  C6F4 2A 45 CB             ld hl,(viewOffset)
 965  C6F7 22 47 CB             ld (renderOffset),hl
 966  C6FA 11 E2 41             ld de,TEXT_TOP
 967  C6FD 06 1B                ld b,TEXT_ROWS
 968  C6FF              .row
 969  C6FF C5                   push bc
 970  C700 06 1A                ld b,HEX_BYTES_ROW
 971  C702              .bytes
 972  C702 2A 47 CB             ld hl,(renderOffset)
 973  C705 CD DA C9             call offset_at_end
 974  C708 30 0B                jr nc,.blank
 975  C70A CD 02 C4             call set_cursor_attr
 976  C70D CD C1 CA             call read_byte_at_offset
 977  C710 CD 3E C7             call put_hex_byte
 978  C713 18 0D                jr .next
 979  C715              .blank
 980  C715 3E 10                ld a,16
 981  C717 32 61 CB             ld (cellAttr),a
 982  C71A 3E 20                ld a,32
 983  C71C CD 59 C7             call put_pair
 984  C71F CD 59 C7             call put_pair
 985  C722              .next
 986  C722 3E 10                ld a,16
 987  C724 32 61 CB             ld (cellAttr),a
 988  C727 3E 20                ld a,32
 989  C729 CD 51 C7             call put_cell
 990  C72C 2A 47 CB             ld hl,(renderOffset)
 991  C72F 23                   inc hl
 992  C730 22 47 CB             ld (renderOffset),hl
 993  C733 10 CD                djnz .bytes
 994  C735 21 04 00             ld hl,160-(HEX_BYTES_ROW*3*2)
 995  C738 19                   add hl,de
 996  C739 EB                   ex de,hl
 997  C73A C1                   pop bc
 998  C73B 10 C2                djnz .row
 999  C73D C9                   ret
1000  C73E
1001  C73E              put_hex_byte
1002  C73E F5                   push af
1003  C73F 0F                   rrca
1004  C740 0F                   rrca
1005  C741 0F                   rrca
1006  C742 0F                   rrca
1007  C743 CD 47 C7             call put_hex_nibble
1008  C746 F1                   pop af
1009  C747              put_hex_nibble
1010  C747 E6 0F                and $0f
1011  C749 C6 30                add a,"0"
1012  C74B FE 3A                cp "9"+1
1013  C74D 38 02                jr c,put_cell
1014  C74F C6 07                add a,7
1015  C751              put_cell
1016  C751 12                   ld (de),a
1017  C752 13                   inc de
1018  C753 3A 61 CB             ld a,(cellAttr)
1019  C756 12                   ld (de),a
1020  C757 13                   inc de
1021  C758 C9                   ret
1022  C759
1023  C759              put_pair
1024  C759 CD 51 C7             call put_cell
1025  C75C C9                   ret
1026  C75D
1027  C75D              render_status
1028  C75D CD 07 C9             call clear_status
1029  C760 21 1F 01             ld hl,1*256+31
1030  C763 3E 20                ld a,32
1031  C765 11 C0 CB             ld de,statusText
1032  C768 CD 25 CB             call call_print
1033  C76B 3A 64 CB             ld a,(viewMode)
1034  C76E B7                   or a
1035  C76F 11 C6 CB             ld de,textModeText
1036  C772 28 03                jr z,.mode
1037  C774 11 CB CB             ld de,hexModeText
1038  C777              .mode
1039  C777 21 1F 07             ld hl,7*256+31
1040  C77A 3E 20                ld a,32
1041  C77C CD 25 CB             call call_print
1042  C77F 21 1F 0D             ld hl,13*256+31
1043  C782 3E 20                ld a,32
1044  C784 11 CF CB             ld de,helpText
1045  C787 CD 25 CB             call call_print
1046  C78A C9                   ret
1047  C78B
1048  C78B              line_input
1049  C78B C5                   push bc
1050  C78C D5                   push de
1051  C78D CD 07 C9             call clear_status
1052  C790 22 53 CB             ld (lineLabelPtr),hl
1053  C793 21 1F 01             ld hl,1*256+31
1054  C796 3E 20                ld a,32
1055  C798 ED 5B 53 CB          ld de,(lineLabelPtr)
1056  C79C CD 25 CB             call call_print
1057  C79F D1                   pop de
1058  C7A0 C1                   pop bc
1059  C7A1 ED 53 55 CB          ld (inputPtr),de
1060  C7A5 78                   ld a,b
1061  C7A6 32 59 CB             ld (inputMax),a
1062  C7A9 CD 5D C8             call measure_input_value
1063  C7AC CD 32 C8             call render_input_value
1064  C7AF              .wait
1065  C7AF CD 29 CB             call call_input
1066  C7B2 B7                   or a
1067  C7B3 28 FA                jr z,.wait
1068  C7B5 FE 01                cp 1
1069  C7B7 28 73                jr z,.done
1070  C7B9 FE 0D                cp 13
1071  C7BB 28 6F                jr z,.done
1072  C7BD FE 08                cp 8
1073  C7BF 28 22                jr z,.left
1074  C7C1 FE 09                cp 9
1075  C7C3 28 30                jr z,.right
1076  C7C5 FE 0C                cp 12
1077  C7C7 28 43                jr z,.back
1078  C7C9 FE C7                cp 199
1079  C7CB 28 54                jr z,.delete
1080  C7CD FE 20                cp 32
1081  C7CF 38 DE                jr c,.wait
1082  C7D1 FE 80                cp 128
1083  C7D3 30 DA                jr nc,.wait
1084  C7D5 32 5A CB             ld (inputChar),a
1085  C7D8 CD 81 C8             call input_insert_char
1086  C7DB CD 32 C8             call render_input_value
1087  C7DE CD EC C9             call wait_key_release
1088  C7E1 18 CC                jr .wait
1089  C7E3              .left
1090  C7E3 3A 58 CB             ld a,(inputCursor)
1091  C7E6 B7                   or a
1092  C7E7 28 C6                jr z,.wait
1093  C7E9 3D                   dec a
1094  C7EA 32 58 CB             ld (inputCursor),a
1095  C7ED CD 32 C8             call render_input_value
1096  C7F0 CD EC C9             call wait_key_release
1097  C7F3 18 BA                jr .wait
1098  C7F5              .right
1099  C7F5 3A 58 CB             ld a,(inputCursor)
1100  C7F8 47                   ld b,a
1101  C7F9 3A 57 CB             ld a,(inputLen)
1102  C7FC B8                   cp b
1103  C7FD 28 B0                jr z,.wait
1104  C7FF 78                   ld a,b
1105  C800 3C                   inc a
1106  C801 32 58 CB             ld (inputCursor),a
1107  C804 CD 32 C8             call render_input_value
1108  C807 CD EC C9             call wait_key_release
1109  C80A 18 A3                jr .wait
1110  C80C              .back
1111  C80C 3A 58 CB             ld a,(inputCursor)
1112  C80F B7                   or a
1113  C810 28 9D                jr z,.wait
1114  C812 3D                   dec a
1115  C813 32 58 CB             ld (inputCursor),a
1116  C816 CD CD C8             call input_delete_at_cursor
1117  C819 CD 32 C8             call render_input_value
1118  C81C CD EC C9             call wait_key_release
1119  C81F 18 8E                jr .wait
1120  C821              .delete
1121  C821 CD CD C8             call input_delete_at_cursor
1122  C824 CD 32 C8             call render_input_value
1123  C827 CD EC C9             call wait_key_release
1124  C82A 18 83                jr .wait
1125  C82C              .done
1126  C82C F5                   push af
1127  C82D CD EC C9             call wait_key_release
1128  C830 F1                   pop af
1129  C831 C9                   ret
1130  C832
1131  C832              render_input_value
1132  C832 11 7A 53             ld de,SCREEN_BASE+160*31+13*2
1133  C835 06 41                ld b,65
1134  C837              .clear
1135  C837 3E 20                ld a,32
1136  C839 12                   ld (de),a
1137  C83A 13                   inc de
1138  C83B 12                   ld (de),a
1139  C83C 13                   inc de
1140  C83D 10 F8                djnz .clear
1141  C83F 21 1F 0D             ld hl,13*256+31
1142  C842 3E 20                ld a,32
1143  C844 ED 5B 55 CB          ld de,(inputPtr)
1144  C848 CD 25 CB             call call_print
1145  C84B CD 4F C8             call draw_input_cursor
1146  C84E C9                   ret
1147  C84F
1148  C84F              draw_input_cursor
1149  C84F 3A 58 CB             ld a,(inputCursor)
1150  C852 87                   add a,a
1151  C853 4F                   ld c,a
1152  C854 06 00                ld b,0
1153  C856 21 7B 53             ld hl,SCREEN_BASE+160*31+13*2+1
1154  C859 09                   add hl,bc
1155  C85A 36 40                ld (hl),64
1156  C85C C9                   ret
1157  C85D
1158  C85D              measure_input_value
1159  C85D ED 5B 55 CB          ld de,(inputPtr)
1160  C861 21 00 00             ld hl,0
1161  C864 19                   add hl,de
1162  C865 0E 00                ld c,0
1163  C867              .loop
1164  C867 7E                   ld a,(hl)
1165  C868 B7                   or a
1166  C869 28 0E                jr z,.done
1167  C86B 79                   ld a,c
1168  C86C 47                   ld b,a
1169  C86D 3A 59 CB             ld a,(inputMax)
1170  C870 B8                   cp b
1171  C871 28 04                jr z,.truncate
1172  C873 0C                   inc c
1173  C874 23                   inc hl
1174  C875 18 F0                jr .loop
1175  C877              .truncate
1176  C877 AF                   xor a
1177  C878 77                   ld (hl),a
1178  C879              .done
1179  C879 79                   ld a,c
1180  C87A 32 57 CB             ld (inputLen),a
1181  C87D 32 58 CB             ld (inputCursor),a
1182  C880 C9                   ret
1183  C881
1184  C881              input_insert_char
1185  C881 3A 57 CB             ld a,(inputLen)
1186  C884 47                   ld b,a
1187  C885 3A 59 CB             ld a,(inputMax)
1188  C888 B8                   cp b
1189  C889 C8                   ret z
1190  C88A D8                   ret c
1191  C88B 3A 57 CB             ld a,(inputLen)
1192  C88E 47                   ld b,a
1193  C88F 3A 58 CB             ld a,(inputCursor)
1194  C892 58                   ld e,b
1195  C893 93                   sub e
1196  C894 ED 44                neg
1197  C896 47                   ld b,a
1198  C897 3A 57 CB             ld a,(inputLen)
1199  C89A 5F                   ld e,a
1200  C89B 16 00                ld d,0
1201  C89D 2A 55 CB             ld hl,(inputPtr)
1202  C8A0 19                   add hl,de
1203  C8A1 78                   ld a,b
1204  C8A2 B7                   or a
1205  C8A3 28 07                jr z,.store
1206  C8A5              .shift
1207  C8A5 2B                   dec hl
1208  C8A6 7E                   ld a,(hl)
1209  C8A7 23                   inc hl
1210  C8A8 77                   ld (hl),a
1211  C8A9 2B                   dec hl
1212  C8AA 10 F9                djnz .shift
1213  C8AC              .store
1214  C8AC 3A 58 CB             ld a,(inputCursor)
1215  C8AF 5F                   ld e,a
1216  C8B0 16 00                ld d,0
1217  C8B2 2A 55 CB             ld hl,(inputPtr)
1218  C8B5 19                   add hl,de
1219  C8B6 3A 5A CB             ld a,(inputChar)
1220  C8B9 77                   ld (hl),a
1221  C8BA 21 57 CB             ld hl,inputLen
1222  C8BD 34                   inc (hl)
1223  C8BE 7E                   ld a,(hl)
1224  C8BF 5F                   ld e,a
1225  C8C0 16 00                ld d,0
1226  C8C2 2A 55 CB             ld hl,(inputPtr)
1227  C8C5 19                   add hl,de
1228  C8C6 36 00                ld (hl),0
1229  C8C8 21 58 CB             ld hl,inputCursor
1230  C8CB 34                   inc (hl)
1231  C8CC C9                   ret
1232  C8CD
1233  C8CD              input_delete_at_cursor
1234  C8CD 3A 58 CB             ld a,(inputCursor)
1235  C8D0 47                   ld b,a
1236  C8D1 3A 57 CB             ld a,(inputLen)
1237  C8D4 B8                   cp b
1238  C8D5 C8                   ret z
1239  C8D6 D8                   ret c
1240  C8D7 58                   ld e,b
1241  C8D8 16 00                ld d,0
1242  C8DA 2A 55 CB             ld hl,(inputPtr)
1243  C8DD 19                   add hl,de
1244  C8DE EB                   ex de,hl
1245  C8DF 23                   inc hl
1246  C8E0              .shift
1247  C8E0 7E                   ld a,(hl)
1248  C8E1 12                   ld (de),a
1249  C8E2 23                   inc hl
1250  C8E3 13                   inc de
1251  C8E4 B7                   or a
1252  C8E5 20 F9                jr nz,.shift
1253  C8E7 21 57 CB             ld hl,inputLen
1254  C8EA 35                   dec (hl)
1255  C8EB C9                   ret
1256  C8EC
1257  C8EC              clear_text_area
1258  C8EC 11 E2 41             ld de,TEXT_TOP
1259  C8EF 06 1B                ld b,TEXT_ROWS
1260  C8F1              .row
1261  C8F1 C5                   push bc
1262  C8F2 06 4E                ld b,TEXT_COLS
1263  C8F4              .col
1264  C8F4 3E 20                ld a,32
1265  C8F6 12                   ld (de),a
1266  C8F7 13                   inc de
1267  C8F8 3E 10                ld a,16
1268  C8FA 12                   ld (de),a
1269  C8FB 13                   inc de
1270  C8FC 10 F6                djnz .col
1271  C8FE 21 04 00             ld hl,160-TEXT_COLS*2
1272  C901 19                   add hl,de
1273  C902 EB                   ex de,hl
1274  C903 C1                   pop bc
1275  C904 10 EB                djnz .row
1276  C906 C9                   ret
1277  C907
1278  C907              clear_status
1279  C907 11 62 53             ld de,STATUS_POS
1280  C90A 06 4E                ld b,78
1281  C90C              .loop
1282  C90C 3E 20                ld a,32
1283  C90E 12                   ld (de),a
1284  C90F 13                   inc de
1285  C910 12                   ld (de),a
1286  C911 13                   inc de
1287  C912 10 F8                djnz .loop
1288  C914 C9                   ret
1289  C915
1290  C915              status_saved
1291  C915 CD 07 C9             call clear_status
1292  C918 21 1F 01             ld hl,1*256+31
1293  C91B 3E 20                ld a,32
1294  C91D 11 05 CC             ld de,savedText
1295  C920 C3 25 CB             jp call_print
1296  C923
1297  C923              saved_status_pause
1298  C923 06 32                ld b,50
1299  C925              .wait
1300  C925 76                   halt
1301  C926 10 FD                djnz .wait
1302  C928 C9                   ret
1303  C929
1304  C929              status_saving
1305  C929 CD 07 C9             call clear_status
1306  C92C 21 1F 01             ld hl,1*256+31
1307  C92F 3E 20                ld a,32
1308  C931 11 0B CC             ld de,savingText
1309  C934 C3 25 CB             jp call_print
1310  C937
1311  C937              status_dirty
1312  C937 CD 07 C9             call clear_status
1313  C93A 21 1F 01             ld hl,1*256+31
1314  C93D 3E 40                ld a,64
1315  C93F 11 1F CC             ld de,dirtyText
1316  C942 C3 25 CB             jp call_print
1317  C945
1318  C945              status_not_found
1319  C945 CD 07 C9             call clear_status
1320  C948 21 1F 01             ld hl,1*256+31
1321  C94B 3E 40                ld a,64
1322  C94D 11 15 CC             ld de,notFoundText
1323  C950 C3 25 CB             jp call_print
1324  C953
1325  C953              init_context
1326  C953 DD 2A 39 CB          ld ix,(ctxPtr)
1327  C957 DD 6E 0E             ld l,(ix+VIEWCTX_DATA_PAGES)
1328  C95A DD 66 0F             ld h,(ix+VIEWCTX_DATA_PAGES+1)
1329  C95D 22 3D CB             ld (dataPagesPtr),hl
1330  C960 DD 6E 04             ld l,(ix+VIEWCTX_SIZE_LO)
1331  C963 DD 66 05             ld h,(ix+VIEWCTX_SIZE_LO+1)
1332  C966 DD 7E 06             ld a,(ix+VIEWCTX_SIZE_HI)
1333  C969 DD B6 07             or (ix+VIEWCTX_SIZE_HI+1)
1334  C96C 28 03                jr z,.size_ok
1335  C96E 21 FF FF             ld hl,$ffff
1336  C971              .size_ok
1337  C971 22 3F CB             ld (loadedSize),hl
1338  C974 21 00 00             ld hl,0
1339  C977 22 41 CB             ld (curOffset),hl
1340  C97A 22 45 CB             ld (viewOffset),hl
1341  C97D AF                   xor a
1342  C97E 32 65 CB             ld (dirty),a
1343  C981 3E FF                ld a,$ff
1344  C983 32 67 CB             ld (hexPending),a
1345  C986 CD 8A C9             call detect_binary
1346  C989 C9                   ret
1347  C98A
1348  C98A              detect_binary
1349  C98A AF                   xor a
1350  C98B 32 64 CB             ld (viewMode),a
1351  C98E 21 00 00             ld hl,0
1352  C991 22 49 CB             ld (scanOffset),hl
1353  C994              .loop
1354  C994 2A 49 CB             ld hl,(scanOffset)
1355  C997 CD DA C9             call offset_at_end
1356  C99A D0                   ret nc
1357  C99B CD C1 CA             call read_byte_at_offset
1358  C99E FE 09                cp 9
1359  C9A0 28 0C                jr z,.next
1360  C9A2 FE 0A                cp 10
1361  C9A4 28 08                jr z,.next
1362  C9A6 FE 0D                cp 13
1363  C9A8 28 04                jr z,.next
1364  C9AA FE 20                cp 32
1365  C9AC 38 09                jr c,.binary
1366  C9AE              .next
1367  C9AE 2A 49 CB             ld hl,(scanOffset)
1368  C9B1 23                   inc hl
1369  C9B2 22 49 CB             ld (scanOffset),hl
1370  C9B5 18 DD                jr .loop
1371  C9B7              .binary
1372  C9B7 3E 01                ld a,1
1373  C9B9 32 64 CB             ld (viewMode),a
1374  C9BC C9                   ret
1375  C9BD
1376  C9BD              inc_cursor
1377  C9BD 2A 41 CB             ld hl,(curOffset)
1378  C9C0 23                   inc hl
1379  C9C1 CD C8 C9             call clamp_to_last
1380  C9C4 22 41 CB             ld (curOffset),hl
1381  C9C7 C9                   ret
1382  C9C8
1383  C9C8              clamp_to_last
1384  C9C8 E5                   push hl
1385  C9C9 ED 5B 3F CB          ld de,(loadedSize)
1386  C9CD B7                   or a
1387  C9CE ED 52                sbc hl,de
1388  C9D0 E1                   pop hl
1389  C9D1 D8                   ret c
1390  C9D2 2A 3F CB             ld hl,(loadedSize)
1391  C9D5 7C                   ld a,h
1392  C9D6 B5                   or l
1393  C9D7 C8                   ret z
1394  C9D8 2B                   dec hl
1395  C9D9 C9                   ret
1396  C9DA
1397  C9DA              offset_at_end
1398  C9DA D5                   push de
1399  C9DB E5                   push hl
1400  C9DC ED 5B 3F CB          ld de,(loadedSize)
1401  C9E0 B7                   or a
1402  C9E1 ED 52                sbc hl,de
1403  C9E3 E1                   pop hl
1404  C9E4 D1                   pop de
1405  C9E5 C9                   ret
1406  C9E6
1407  C9E6              mark_dirty
1408  C9E6 3E 01                ld a,1
1409  C9E8 32 65 CB             ld (dirty),a
1410  C9EB C9                   ret
1411  C9EC
1412  C9EC              wait_key_release
1413  C9EC CD 29 CB             call call_input
1414  C9EF B7                   or a
1415  C9F0 20 FA                jr nz,wait_key_release
1416  C9F2 C9                   ret
1417  C9F3
1418  C9F3              arrow_repeat_delay
1419  C9F3 06 0F                ld b,15
1420  C9F5              .wait
1421  C9F5 76                   halt
1422  C9F6 10 FD                djnz .wait
1423  C9F8 C9                   ret
1424  C9F9
1425  C9F9              key_repeat_delay
1426  C9F9 06 07                ld b,7
1427  C9FB              .wait
1428  C9FB 76                   halt
1429  C9FC 10 FD                djnz .wait
1430  C9FE C9                   ret
1431  C9FF
1432  C9FF              cursor_changed
1433  C9FF 2A 41 CB             ld hl,(curOffset)
1434  CA02 ED 5B 43 CB          ld de,(oldOffset)
1435  CA06 B7                   or a
1436  CA07 ED 52                sbc hl,de
1437  CA09 C9                   ret
1438  CA0A
1439  CA0A              key_beep
1440  CA0A F5                   push af
1441  CA0B CD 35 CB             call call_beep
1442  CA0E F1                   pop af
1443  CA0F C9                   ret
1444  CA10
1445  CA10              insert_current_byte
1446  CA10 32 5B CB             ld (insertChar),a
1447  CA13 2A 3F CB             ld hl,(loadedSize)
1448  CA16 7C                   ld a,h
1449  CA17 FE FF                cp $ff
1450  CA19 20 06                jr nz,.space_ok
1451  CA1B 7D                   ld a,l
1452  CA1C FE FF                cp $ff
1453  CA1E CA BB CA             jp z,write_current_from_insert
1454  CA21              .space_ok
1455  CA21 2A 3F CB             ld hl,(loadedSize)
1456  CA24 7C                   ld a,h
1457  CA25 B5                   or l
1458  CA26 28 39                jr z,.write_insert
1459  CA28 22 5F CB             ld (shiftDst),hl
1460  CA2B 2B                   dec hl
1461  CA2C 22 5D CB             ld (shiftSrc),hl
1462  CA2F              .shift_loop
1463  CA2F 2A 5D CB             ld hl,(shiftSrc)
1464  CA32 ED 5B 41 CB          ld de,(curOffset)
1465  CA36 B7                   or a
1466  CA37 ED 52                sbc hl,de
1467  CA39 38 26                jr c,.write_insert
1468  CA3B 2A 5D CB             ld hl,(shiftSrc)
1469  CA3E CD C1 CA             call read_byte_at_offset
1470  CA41 32 5C CB             ld (shiftChar),a
1471  CA44 2A 5F CB             ld hl,(shiftDst)
1472  CA47 3A 5C CB             ld a,(shiftChar)
1473  CA4A CD C6 CA             call write_byte_at_offset
1474  CA4D 2A 5D CB             ld hl,(shiftSrc)
1475  CA50 7C                   ld a,h
1476  CA51 B5                   or l
1477  CA52 28 0D                jr z,.write_insert
1478  CA54 2B                   dec hl
1479  CA55 22 5D CB             ld (shiftSrc),hl
1480  CA58 2A 5F CB             ld hl,(shiftDst)
1481  CA5B 2B                   dec hl
1482  CA5C 22 5F CB             ld (shiftDst),hl
1483  CA5F 18 CE                jr .shift_loop
1484  CA61              .write_insert
1485  CA61 2A 41 CB             ld hl,(curOffset)
1486  CA64 3A 5B CB             ld a,(insertChar)
1487  CA67 CD C6 CA             call write_byte_at_offset
1488  CA6A 2A 3F CB             ld hl,(loadedSize)
1489  CA6D 23                   inc hl
1490  CA6E 22 3F CB             ld (loadedSize),hl
1491  CA71 C9                   ret
1492  CA72
1493  CA72              delete_current_byte
1494  CA72 2A 41 CB             ld hl,(curOffset)
1495  CA75 22 5F CB             ld (shiftDst),hl
1496  CA78 23                   inc hl
1497  CA79 22 5D CB             ld (shiftSrc),hl
1498  CA7C              .shift_loop
1499  CA7C 2A 5D CB             ld hl,(shiftSrc)
1500  CA7F ED 5B 3F CB          ld de,(loadedSize)
1501  CA83 B7                   or a
1502  CA84 ED 52                sbc hl,de
1503  CA86 30 22                jr nc,.done
1504  CA88 2A 5D CB             ld hl,(shiftSrc)
1505  CA8B CD C1 CA             call read_byte_at_offset
1506  CA8E 32 5C CB             ld (shiftChar),a
1507  CA91 2A 5F CB             ld hl,(shiftDst)
1508  CA94 3A 5C CB             ld a,(shiftChar)
1509  CA97 CD C6 CA             call write_byte_at_offset
1510  CA9A 2A 5D CB             ld hl,(shiftSrc)
1511  CA9D 23                   inc hl
1512  CA9E 22 5D CB             ld (shiftSrc),hl
1513  CAA1 2A 5F CB             ld hl,(shiftDst)
1514  CAA4 23                   inc hl
1515  CAA5 22 5F CB             ld (shiftDst),hl
1516  CAA8 18 D2                jr .shift_loop
1517  CAAA              .done
1518  CAAA 2A 3F CB             ld hl,(loadedSize)
1519  CAAD 2B                   dec hl
1520  CAAE 22 3F CB             ld (loadedSize),hl
1521  CAB1 2A 41 CB             ld hl,(curOffset)
1522  CAB4 CD C8 C9             call clamp_to_last
1523  CAB7 22 41 CB             ld (curOffset),hl
1524  CABA C9                   ret
1525  CABB
1526  CABB              write_current_from_insert
1527  CABB 3A 5B CB             ld a,(insertChar)
1528  CABE C3 CD CA             jp write_current_byte
1529  CAC1
1530  CAC1              read_byte_at_offset
1531  CAC1 CD D7 CA             call map_offset
1532  CAC4 7E                   ld a,(hl)
1533  CAC5 C9                   ret
1534  CAC6
1535  CAC6              write_byte_at_offset
1536  CAC6 F5                   push af
1537  CAC7 CD D7 CA             call map_offset
1538  CACA F1                   pop af
1539  CACB 77                   ld (hl),a
1540  CACC C9                   ret
1541  CACD
1542  CACD              write_current_byte
1543  CACD F5                   push af
1544  CACE 2A 41 CB             ld hl,(curOffset)
1545  CAD1 CD D7 CA             call map_offset
1546  CAD4 F1                   pop af
1547  CAD5 77                   ld (hl),a
1548  CAD6 C9                   ret
1549  CAD7
1550  CAD7              map_offset
1551  CAD7 D5                   push de
1552  CAD8 7C                   ld a,h
1553  CAD9 E6 E0                and $E0
1554  CADB 07                   rlca
1555  CADC 07                   rlca
1556  CADD 07                   rlca
1557  CADE 5F                   ld e,a
1558  CADF 16 00                ld d,0
1559  CAE1 E5                   push hl
1560  CAE2 2A 3D CB             ld hl,(dataPagesPtr)
1561  CAE5 19                   add hl,de
1562  CAE6 7E                   ld a,(hl)
1563  CAE7 ED 92 57             nextreg $57,a
1564  CAEA E1                   pop hl
1565  CAEB 7C                   ld a,h
1566  CAEC E6 1F                and $1f
1567  CAEE F6 E0                or $e0
1568  CAF0 67                   ld h,a
1569  CAF1 D1                   pop de
1570  CAF2 C9                   ret
1571  CAF3
1572  CAF3              patch_services
1573  CAF3 DD 2A 3B CB          ld ix,(svcPtr)
1574  CAF7 DD 6E 00             ld l,(ix+SERVICE_PRINT)
1575  CAFA DD 66 01             ld h,(ix+SERVICE_PRINT+1)
1576  CAFD 22 26 CB             ld (call_print+1),hl
1577  CB00 DD 6E 08             ld l,(ix+SERVICE_INPUT_NOWAIT)
1578  CB03 DD 66 09             ld h,(ix+SERVICE_INPUT_NOWAIT+1)
1579  CB06 22 2A CB             ld (call_input+1),hl
1580  CB09 DD 6E 04             ld l,(ix+SERVICE_WINDOW)
1581  CB0C DD 66 05             ld h,(ix+SERVICE_WINDOW+1)
1582  CB0F 22 2E CB             ld (call_window+1),hl
1583  CB12 DD 6E 0A             ld l,(ix+SERVICE_EXTRACT)
1584  CB15 DD 66 0B             ld h,(ix+SERVICE_EXTRACT+1)
1585  CB18 22 32 CB             ld (call_extract+1),hl
1586  CB1B DD 6E 0C             ld l,(ix+SERVICE_BEEP)
1587  CB1E DD 66 0D             ld h,(ix+SERVICE_BEEP+1)
1588  CB21 22 36 CB             ld (call_beep+1),hl
1589  CB24 C9                   ret
1590  CB25
1591  CB25              call_print
1592  CB25 CD 00 00             call 0
1593  CB28 C9                   ret
1594  CB29              call_input
1595  CB29 CD 00 00             call 0
1596  CB2C C9                   ret
1597  CB2D              call_window
1598  CB2D CD 00 00             call 0
1599  CB30 C9                   ret
1600  CB31              call_extract
1601  CB31 CD 00 00             call 0
1602  CB34 C9                   ret
1603  CB35              call_beep
1604  CB35 CD 00 00             call 0
1605  CB38 C9                   ret
1606  CB39
1607  CB39 00 00        ctxPtr       defw 0
1608  CB3B 00 00        svcPtr       defw 0
1609  CB3D 00 00        dataPagesPtr defw 0
1610  CB3F 00 00        loadedSize   defw 0
1611  CB41 00 00        curOffset    defw 0
1612  CB43 00 00        oldOffset    defw 0
1613  CB45 00 00        viewOffset   defw 0
1614  CB47 00 00        renderOffset defw 0
1615  CB49 00 00        scanOffset   defw 0
1616  CB4B 00 00        matchOffset  defw 0
1617  CB4D 00 00        targetOffset defw 0
1618  CB4F 00 00        lineStart    defw 0
1619  CB51 00 00        prevLineStart defw 0
1620  CB53 00 00        lineLabelPtr defw 0
1621  CB55 00 00        inputPtr     defw 0
1622  CB57 00           inputLen     defb 0
1623  CB58 00           inputCursor  defb 0
1624  CB59 00           inputMax     defb 0
1625  CB5A 00           inputChar    defb 0
1626  CB5B 00           insertChar   defb 0
1627  CB5C 00           shiftChar    defb 0
1628  CB5D 00 00        shiftSrc     defw 0
1629  CB5F 00 00        shiftDst     defw 0
1630  CB61 10           cellAttr     defb 16
1631  CB62 00           newlineChar  defb 0
1632  CB63 00           desiredCol   defb 0
1633  CB64 00           viewMode     defb 0
1634  CB65 00           dirty        defb 0
1635  CB66 00           saveOk       defb 0
1636  CB67 FF           hexPending   defb $ff
1637  CB68 00 00 00...  searchBuf    defs SEARCH_MAX+1
1638  CB89 00 00 00...  saveName     defs NAME_MAX+1
1639  CBBA
1640  CBBA 45 44 49 54  title        defb "EDIT:",0
1640  CBBE 3A 00
1641  CBC0 4D 6F 64 65  statusText   defb "Mode:",0
1641  CBC4 3A 00
1642  CBC6 54 45 58 54  textModeText defb "TEXT",0
1642  CBCA 00
1643  CBCB 48 45 58 00  hexModeText  defb "HEX",0
1644  CBCF 45 58 54 2B  helpText     defb "EXT+S save EXT+E as EXT+F find EXT+H/T",0
1644  CBD3 53 20 73 61
1644  CBD7 76 65 20 45
1644  CBDB 58 54 2B 45
1644  CBDF 20 61 73 20
1644  CBE3 45 58 54 2B
1644  CBE7 46 20 66 69
1644  CBEB 6E 64 20 45
1644  CBEF 58 54 2B 48
1644  CBF3 2F 54 00
1645  CBF6 46 69 6E 64  findText     defb "Find:",0
1645  CBFA 3A 00
1646  CBFC 53 61 76 65  saveAsText   defb "Save as:",0
1646  CC00 20 61 73 3A
1646  CC04 00
1647  CC05 53 61 76 65  savedText    defb "Saved",0
1647  CC09 64 00
1648  CC0B 53 61 76 69  savingText   defb "Saving...",0
1648  CC0F 6E 67 2E 2E
1648  CC13 2E 00
1649  CC15 4E 6F 74 20  notFoundText defb "Not found",0
1649  CC19 66 6F 75 6E
1649  CC1D 64 00
1650  CC1F 43 68 61 6E  dirtyText    defb "Changed: S overwrite, E save as, I ignore",0
1650  CC23 67 65 64 3A
1650  CC27 20 53 20 6F
1650  CC2B 76 65 72 77
1650  CC2F 72 69 74 65
1650  CC33 2C 20 45 20
1650  CC37 73 61 76 65
1650  CC3B 20 61 73 2C
1650  CC3F 20 49 20 69
1650  CC43 67 6E 6F 72
1650  CC47 65 00
1651  CC49
1652  CC49              plugin_end
1653  CC49                      assert plugin_end - plugin_start <= VIEW_PLUGIN_SIZE
1654  CC49                      SAVEBIN "plugin/edit.ccp", VIEW_PLUGIN_ADDRESS, VIEW_PLUGIN_SIZE
1655  CC49
# file closed: plugin\edit.asm
