# file opened: plugin\nxi.asm
  1   0000                      DEVICE ZXSPECTRUMNEXT
  2   0000                      org VIEW_PLUGIN_ADDRESS
  3   C000
  4   C000                      include "plugin_api.i.asm"
# file opened: plugin\plugin_api.i.asm
  1+  C000              VIEW_PLUGIN_ADDRESS  equ 49152
  2+  C000              VIEW_DATA_ADDRESS    equ 57344
  3+  C000              VIEW_PLUGIN_SIZE     equ 4096
  4+  C000
  5+  C000              VIEWCTX_ABI          equ 0
  6+  C000              VIEWCTX_TYPE         equ 1
  7+  C000              VIEWCTX_FILENAME     equ 2
  8+  C000              VIEWCTX_SIZE_LO      equ 4
  9+  C000              VIEWCTX_SIZE_HI      equ 6
 10+  C000              VIEWCTX_DATA_PAGE    equ 8
 11+  C000              VIEWCTX_DATA_ADDR    equ 9
 12+  C000              VIEWCTX_READ_LEN     equ 11
 13+  C000              VIEWCTX_PAGE_COUNT   equ 13
 14+  C000              VIEWCTX_DATA_PAGES   equ 14
 15+  C000              VIEWCTX_SERVICES     equ 16
 16+  C000
 17+  C000              SERVICE_PRINT        equ 0
 18+  C000              SERVICE_INKEY        equ 2
 19+  C000              SERVICE_WINDOW       equ 4
 20+  C000              SERVICE_LAYER0       equ 6
 21+  C000              SERVICE_INPUT_NOWAIT equ 8
 22+  C000
# file closed: plugin\plugin_api.i.asm
  5   C000
  6   C000              NEXTREG_SEL      equ $243B
  7   C000              NEXTREG_DAT      equ $253B
  8   C000
  9   C000              NR_LAYER2_PAGE   equ $12
 10   C000              NR_TRANSPARENCY  equ $14
 11   C000              NR_LAYER2_XOFF   equ $16
 12   C000              NR_LAYER2_YOFF   equ $17
 13   C000              NR_CLIP_LAYER2   equ $18
 14   C000              NR_CLIP_CTRL     equ $1C
 15   C000              NR_PALETTE_IDX   equ $40
 16   C000              NR_PALETTE_CTRL  equ $43
 17   C000              NR_PALETTE_VAL9  equ $44
 18   C000              NR_FALLBACK_COL  equ $4A
 19   C000              NR_MMU2          equ $52
 20   C000              NR_MMU3          equ $53
 21   C000              NR_MMU7          equ $57
 22   C000              NR_DISPLAY_CTRL1 equ $69
 23   C000              NR_LAYER2_CTRL   equ $70
 24   C000
 25   C000              PALCTRL_L2_1     equ %00010000
 26   C000              NXI_L2_BANK      equ 49
 27   C000              SIZE_IMAGE       equ 49152
 28   C000              SIZE_PALETTE     equ 512
 29   C000              SRC_PAGE_SIZE    equ 8192
 30   C000
 31   C000              plugin_start
 32   C000 22 A9 C2             ld (ctxPtr),hl
 33   C003 ED 53 AB C2          ld (svcPtr),de
 34   C007 CD A0 C0             call patch_services
 35   C00A
 36   C00A CD 75 C0             call validate_size
 37   C00D DA 73 C0             jp c,exit_bad
 38   C010
 39   C010 F3                   di
 40   C011 CD BF C0             call save_state
 41   C014 CD 1F C1             call set_nxi_l2_bank
 42   C017 CD 14 C2             call l2_init_256
 43   C01A CD 19 C2             call l2_reset_view
 44   C01D CD 3C C2             call set_safe_transparency
 45   C020
 46   C020 3A B4 C2             ld a,(hasPalette)
 47   C023 B7                   or a
 48   C024 28 08                jr z,.no_palette
 49   C026 CD B7 C1             call upload_palette
 50   C029 CD 33 C1             call init_source_after_palette
 51   C02C 18 06                jr .load_pixels
 52   C02E              .no_palette
 53   C02E CD EB C1             call upload_default_palette
 54   C031 CD 28 C1             call init_source_at_start
 55   C034
 56   C034              .load_pixels
 57   C034 ED 73 BD C2          ld (savedSp),sp
 58   C038 31 7F C3             ld sp,pluginStackTop
 59   C03B 3A B3 C2             ld a,(l2BaseBank)
 60   C03E CD 3E C1             call copy_16k_to_l2
 61   C041 3A B3 C2             ld a,(l2BaseBank)
 62   C044 3C                   inc a
 63   C045 CD 3E C1             call copy_16k_to_l2
 64   C048 3A B3 C2             ld a,(l2BaseBank)
 65   C04B C6 02                add a,2
 66   C04D CD 3E C1             call copy_16k_to_l2
 67   C050
 68   C050 CD 09 C1             call restore_mmu23
 69   C053 ED 7B BD C2          ld sp,(savedSp)
 70   C057 CD 62 C2             call draw_controls
 71   C05A CD 46 C2             call l2_show
 72   C05D FB                   ei
 73   C05E CD 79 C2             call wait_command
 74   C061 32 BC C2             ld (pluginResult),a
 75   C064 F3                   di
 76   C065 CD 51 C2             call l2_hide
 77   C068 CD 5C C2             call select_l2_palette_1
 78   C06B CD F0 C0             call restore_state
 79   C06E FB                   ei
 80   C06F              exit_ok
 81   C06F 3A BC C2             ld a,(pluginResult)
 82   C072 C9                   ret
 83   C073
 84   C073              exit_bad
 85   C073 37                   scf
 86   C074 C9                   ret
 87   C075
 88   C075              validate_size
 89   C075 DD 2A A9 C2          ld ix,(ctxPtr)
 90   C079 DD 7E 06             ld a,(ix+VIEWCTX_SIZE_HI)
 91   C07C DD B6 07             or (ix+VIEWCTX_SIZE_HI+1)
 92   C07F 20 11                jr nz,.bad
 93   C081 DD 7E 04             ld a,(ix+VIEWCTX_SIZE_LO)
 94   C084 B7                   or a
 95   C085 20 0B                jr nz,.bad
 96   C087 DD 7E 05             ld a,(ix+VIEWCTX_SIZE_LO+1)
 97   C08A FE C0                cp $C0
 98   C08C 28 06                jr z,.image_only
 99   C08E FE C2                cp $C2
100   C090 28 07                jr z,.with_palette
101   C092              .bad
102   C092 37                   scf
103   C093 C9                   ret
104   C094              .image_only
105   C094 AF                   xor a
106   C095 32 B4 C2             ld (hasPalette),a
107   C098 C9                   ret
108   C099              .with_palette
109   C099 3E 01                ld a,1
110   C09B 32 B4 C2             ld (hasPalette),a
111   C09E AF                   xor a
112   C09F C9                   ret
113   C0A0
114   C0A0              patch_services
115   C0A0 DD 2A AB C2          ld ix,(svcPtr)
116   C0A4 DD 6E 00             ld l,(ix+SERVICE_PRINT)
117   C0A7 DD 66 01             ld h,(ix+SERVICE_PRINT+1)
118   C0AA 22 B8 C0             ld (call_print+1),hl
119   C0AD DD 6E 08             ld l,(ix+SERVICE_INPUT_NOWAIT)
120   C0B0 DD 66 09             ld h,(ix+SERVICE_INPUT_NOWAIT+1)
121   C0B3 22 BC C0             ld (call_input+1),hl
122   C0B6 C9                   ret
123   C0B7
124   C0B7              call_print
125   C0B7 CD 00 00             call 0
126   C0BA C9                   ret
127   C0BB
128   C0BB              call_input
129   C0BB CD 00 00             call 0
130   C0BE C9                   ret
131   C0BF
132   C0BF              save_state
133   C0BF 3E 52                ld a,NR_MMU2
134   C0C1 CD 16 C1             call read_nextreg
135   C0C4 32 AD C2             ld (savedMmu2),a
136   C0C7 3E 53                ld a,NR_MMU3
137   C0C9 CD 16 C1             call read_nextreg
138   C0CC 32 AE C2             ld (savedMmu3),a
139   C0CF 3E 57                ld a,NR_MMU7
140   C0D1 CD 16 C1             call read_nextreg
141   C0D4 32 AF C2             ld (savedMmu7),a
142   C0D7 3E 69                ld a,NR_DISPLAY_CTRL1
143   C0D9 CD 16 C1             call read_nextreg
144   C0DC 32 B0 C2             ld (savedDisplay),a
145   C0DF 3E 43                ld a,NR_PALETTE_CTRL
146   C0E1 CD 16 C1             call read_nextreg
147   C0E4 32 B1 C2             ld (savedPalCtrl),a
148   C0E7 3E 12                ld a,NR_LAYER2_PAGE
149   C0E9 CD 16 C1             call read_nextreg
150   C0EC 32 B2 C2             ld (savedLayer2Page),a
151   C0EF C9                   ret
152   C0F0
153   C0F0              restore_state
154   C0F0 3A AF C2             ld a,(savedMmu7)
155   C0F3 ED 92 57             nextreg NR_MMU7,a
156   C0F6 3A B0 C2             ld a,(savedDisplay)
157   C0F9 ED 92 69             nextreg NR_DISPLAY_CTRL1,a
158   C0FC 3A B1 C2             ld a,(savedPalCtrl)
159   C0FF ED 92 43             nextreg NR_PALETTE_CTRL,a
160   C102 3A B2 C2             ld a,(savedLayer2Page)
161   C105 ED 92 12             nextreg NR_LAYER2_PAGE,a
162   C108 C9                   ret
163   C109
164   C109              restore_mmu23
165   C109 3A AD C2             ld a,(savedMmu2)
166   C10C ED 92 52             nextreg NR_MMU2,a
167   C10F 3A AE C2             ld a,(savedMmu3)
168   C112 ED 92 53             nextreg NR_MMU3,a
169   C115 C9                   ret
170   C116
171   C116              read_nextreg
172   C116 01 3B 24             ld bc,NEXTREG_SEL
173   C119 ED 79                out (c),a
174   C11B 04                   inc b
175   C11C ED 78                in a,(c)
176   C11E C9                   ret
177   C11F
178   C11F              set_nxi_l2_bank
179   C11F 3E 31                ld a,NXI_L2_BANK
180   C121 32 B3 C2             ld (l2BaseBank),a
181   C124 ED 92 12             nextreg NR_LAYER2_PAGE,a
182   C127 C9                   ret
183   C128
184   C128              init_source_at_start
185   C128 AF                   xor a
186   C129 32 B5 C2             ld (srcPageIndex),a
187   C12C 21 00 00             ld hl,0
188   C12F 22 B6 C2             ld (srcOffset),hl
189   C132 C9                   ret
190   C133
191   C133              init_source_after_palette
192   C133 AF                   xor a
193   C134 32 B5 C2             ld (srcPageIndex),a
194   C137 21 00 02             ld hl,SIZE_PALETTE
195   C13A 22 B6 C2             ld (srcOffset),hl
196   C13D C9                   ret
197   C13E
198   C13E              copy_16k_to_l2
199   C13E 87                   add a,a
200   C13F 32 B8 C2             ld (destPageLo),a
201   C142 3C                   inc a
202   C143 32 B9 C2             ld (destPageHi),a
203   C146 21 00 40             ld hl,$4000
204   C149 22 BA C2             ld (destPtr),hl
205   C14C 06 40                ld b,64
206   C14E              .loop
207   C14E C5                   push bc
208   C14F CD 75 C1             call copy_source_chunk_to_scratch
209   C152
210   C152 3A B8 C2             ld a,(destPageLo)
211   C155 ED 92 52             nextreg NR_MMU2,a
212   C158 3A B9 C2             ld a,(destPageHi)
213   C15B ED 92 53             nextreg NR_MMU3,a
214   C15E 21 7F C3             ld hl,scratchBuf
215   C161 ED 5B BA C2          ld de,(destPtr)
216   C165 01 00 01             ld bc,256
217   C168 ED B0                ldir
218   C16A
219   C16A 2A BA C2             ld hl,(destPtr)
220   C16D 24                   inc h
221   C16E 22 BA C2             ld (destPtr),hl
222   C171 C1                   pop bc
223   C172 10 DA                djnz .loop
224   C174 C9                   ret
225   C175
226   C175              copy_source_chunk_to_scratch
227   C175 CD A0 C1             call map_current_source_page
228   C178 21 00 E0             ld hl,$E000
229   C17B ED 5B B6 C2          ld de,(srcOffset)
230   C17F 19                   add hl,de
231   C180 11 7F C3             ld de,scratchBuf
232   C183 01 00 01             ld bc,256
233   C186 ED B0                ldir
234   C188
235   C188 2A B6 C2             ld hl,(srcOffset)
236   C18B 24                   inc h
237   C18C 22 B6 C2             ld (srcOffset),hl
238   C18F 21 B5 C2             ld hl,srcPageIndex
239   C192 3A B7 C2             ld a,(srcOffset+1)
240   C195 FE 20                cp $20
241   C197 C0                   ret nz
242   C198 34                   inc (hl)
243   C199 21 00 00             ld hl,0
244   C19C 22 B6 C2             ld (srcOffset),hl
245   C19F C9                   ret
246   C1A0
247   C1A0              map_current_source_page
248   C1A0 DD 2A A9 C2          ld ix,(ctxPtr)
249   C1A4 DD 6E 0E             ld l,(ix+VIEWCTX_DATA_PAGES)
250   C1A7 DD 66 0F             ld h,(ix+VIEWCTX_DATA_PAGES+1)
251   C1AA 3A B5 C2             ld a,(srcPageIndex)
252   C1AD 85                   add a,l
253   C1AE 6F                   ld l,a
254   C1AF 30 01                jr nc,.ok
255   C1B1 24                   inc h
256   C1B2              .ok
257   C1B2 7E                   ld a,(hl)
258   C1B3 ED 92 57             nextreg NR_MMU7,a
259   C1B6 C9                   ret
260   C1B7
261   C1B7              upload_palette
262   C1B7 AF                   xor a
263   C1B8 32 B5 C2             ld (srcPageIndex),a
264   C1BB CD A0 C1             call map_current_source_page
265   C1BE
266   C1BE 3E 10                ld a,PALCTRL_L2_1
267   C1C0 ED 92 43             nextreg NR_PALETTE_CTRL,a
268   C1C3 3E 40                ld a,NR_PALETTE_IDX
269   C1C5 01 3B 24             ld bc,NEXTREG_SEL
270   C1C8 ED 79                out (c),a
271   C1CA 04                   inc b
272   C1CB AF                   xor a
273   C1CC ED 79                out (c),a
274   C1CE
275   C1CE 01 3B 24             ld bc,NEXTREG_SEL
276   C1D1 3E 44                ld a,NR_PALETTE_VAL9
277   C1D3 ED 79                out (c),a
278   C1D5 21 00 E0             ld hl,$E000
279   C1D8 01 3B 25             ld bc,NEXTREG_DAT
280   C1DB 16 00                ld d,0
281   C1DD              .loop
282   C1DD 7E                   ld a,(hl)
283   C1DE 23                   inc hl
284   C1DF ED 79                out (c),a
285   C1E1 7E                   ld a,(hl)
286   C1E2 23                   inc hl
287   C1E3 E6 01                and 1
288   C1E5 ED 79                out (c),a
289   C1E7 15                   dec d
290   C1E8 20 F3                jr nz,.loop
291   C1EA C9                   ret
292   C1EB
293   C1EB              upload_default_palette
294   C1EB 3E 10                ld a,PALCTRL_L2_1
295   C1ED ED 92 43             nextreg NR_PALETTE_CTRL,a
296   C1F0 3E 40                ld a,NR_PALETTE_IDX
297   C1F2 01 3B 24             ld bc,NEXTREG_SEL
298   C1F5 ED 79                out (c),a
299   C1F7 04                   inc b
300   C1F8 AF                   xor a
301   C1F9 ED 79                out (c),a
302   C1FB
303   C1FB 01 3B 24             ld bc,NEXTREG_SEL
304   C1FE 3E 44                ld a,NR_PALETTE_VAL9
305   C200 ED 79                out (c),a
306   C202 01 3B 25             ld bc,NEXTREG_DAT
307   C205 16 00                ld d,0
308   C207 1E 00                ld e,0
309   C209              .loop
310   C209 7B                   ld a,e
311   C20A ED 79                out (c),a
312   C20C AF                   xor a
313   C20D ED 79                out (c),a
314   C20F 1C                   inc e
315   C210 15                   dec d
316   C211 20 F6                jr nz,.loop
317   C213 C9                   ret
318   C214
319   C214              l2_init_256
320   C214 AF                   xor a
321   C215 ED 92 70             nextreg NR_LAYER2_CTRL,a
322   C218 C9                   ret
323   C219
324   C219              l2_reset_view
325   C219 AF                   xor a
326   C21A ED 92 16             nextreg NR_LAYER2_XOFF,a
327   C21D ED 92 17             nextreg NR_LAYER2_YOFF,a
328   C220
329   C220 3E 0F                ld a,15
330   C222 ED 92 1C             nextreg NR_CLIP_CTRL,a
331   C225
332   C225 01 3B 24             ld bc,NEXTREG_SEL
333   C228 3E 18                ld a,NR_CLIP_LAYER2
334   C22A ED 79                out (c),a
335   C22C 04                   inc b
336   C22D AF                   xor a
337   C22E ED 79                out (c),a
338   C230 3E FF                ld a,255
339   C232 ED 79                out (c),a
340   C234 AF                   xor a
341   C235 ED 79                out (c),a
342   C237 3E BF                ld a,191
343   C239 ED 79                out (c),a
344   C23B C9                   ret
345   C23C
346   C23C              set_safe_transparency
347   C23C 3E 55                ld a,$55
348   C23E ED 92 14             nextreg NR_TRANSPARENCY,a
349   C241 AF                   xor a
350   C242 ED 92 4A             nextreg NR_FALLBACK_COL,a
351   C245 C9                   ret
352   C246
353   C246              l2_show
354   C246 3E 69                ld a,NR_DISPLAY_CTRL1
355   C248 CD 16 C1             call read_nextreg
356   C24B F6 80                or %10000000
357   C24D ED 92 69             nextreg NR_DISPLAY_CTRL1,a
358   C250 C9                   ret
359   C251
360   C251              l2_hide
361   C251 3E 69                ld a,NR_DISPLAY_CTRL1
362   C253 CD 16 C1             call read_nextreg
363   C256 E6 7F                and %01111111
364   C258 ED 92 69             nextreg NR_DISPLAY_CTRL1,a
365   C25B C9                   ret
366   C25C
367   C25C              select_l2_palette_1
368   C25C 3E 10                ld a,PALCTRL_L2_1
369   C25E ED 92 43             nextreg NR_PALETTE_CTRL,a
370   C261 C9                   ret
371   C262
372   C262              draw_controls
373   C262 21 1D 0C             ld hl,12*256+29
374   C265 3E 90                ld a,144
375   C267 11 7F C4             ld de,enterText
376   C26A CD B7 C0             call call_print
377   C26D 21 1D 30             ld hl,48*256+29
378   C270 3E 90                ld a,144
379   C272 11 8F C4             ld de,spaceText
380   C275 CD B7 C0             call call_print
381   C278 C9                   ret
382   C279
383   C279              wait_command
384   C279              .release
385   C279 CD BB C0             call call_input
386   C27C B7                   or a
387   C27D 20 FA                jr nz,.release
388   C27F              .press
389   C27F CD BB C0             call call_input
390   C282 B7                   or a
391   C283 28 FA                jr z,.press
392   C285 FE 0D                cp 13
393   C287 28 0E                jr z,.stop
394   C289 FE 01                cp 1
395   C28B 28 0A                jr z,.stop
396   C28D FE 20                cp " "
397   C28F 28 0B                jr z,.next
398   C291 FE 02                cp 2
399   C293 28 07                jr z,.next
400   C295 18 E8                jr .press
401   C297              .stop
402   C297 CD A2 C2             call wait_release
403   C29A AF                   xor a
404   C29B C9                   ret
405   C29C              .next
406   C29C CD A2 C2             call wait_release
407   C29F 3E 01                ld a,1
408   C2A1 C9                   ret
409   C2A2
410   C2A2              wait_release
411   C2A2 CD BB C0             call call_input
412   C2A5 B7                   or a
413   C2A6 20 FA                jr nz,wait_release
414   C2A8 C9                   ret
415   C2A9
416   C2A9 00 00        ctxPtr       defw 0
417   C2AB 00 00        svcPtr       defw 0
418   C2AD 00           savedMmu2    defb 0
419   C2AE 00           savedMmu3    defb 0
420   C2AF 00           savedMmu7    defb 0
421   C2B0 00           savedDisplay defb 0
422   C2B1 00           savedPalCtrl defb 0
423   C2B2 00           savedLayer2Page defb 0
424   C2B3 00           l2BaseBank   defb 0
425   C2B4 00           hasPalette   defb 0
426   C2B5 00           srcPageIndex defb 0
427   C2B6 00 00        srcOffset    defw 0
428   C2B8 00           destPageLo   defb 0
429   C2B9 00           destPageHi   defb 0
430   C2BA 00 00        destPtr      defw 0
431   C2BC 00           pluginResult defb 0
432   C2BD 00 00        savedSp      defw 0
433   C2BF 00 00 00...  pluginStack  defs 192
434   C37F              pluginStackTop equ $
435   C37F 00 00 00...  scratchBuf   defs 256
436   C47F 5B 20 45 4E  enterText    defb "[ ENTER close ]",0
436   C483 54 45 52 20
436   C487 63 6C 6F 73
436   C48B 65 20 5D 00
437   C48F 5B 20 53 50  spaceText    defb "[ SPACE next ]",0
437   C493 41 43 45 20
437   C497 6E 65 78 74
437   C49B 20 5D 00
438   C49E
439   C49E              plugin_end
440   C49E                      assert plugin_end - plugin_start <= VIEW_PLUGIN_SIZE
441   C49E                      SAVEBIN "plugin/nxi.ccp", VIEW_PLUGIN_ADDRESS, VIEW_PLUGIN_SIZE
442   C49E
# file closed: plugin\nxi.asm
